RUN_START substoch-ablation-record-100 2026-05-26T02:19:53+00:00
[Gloo] Rank 0 is connected to 0 peer ranks. Expected number of connected peer ranks is : 0
Warning: You are sending unauthenticated requests to the HF Hub. Please set a HF_TOKEN to enable higher rate limits and faster downloads.
Fetching 4 files:   0%|          | 0/4 [00:00<?, ?it/s]Fetching 4 files: 100%|██████████| 4/4 [00:00<00:00, 6574.14it/s]
/root/xsa_gate_ablation/logs/substoch-ablation-record-100.txt
Skipping kernel warmup
Capping training loop at 100 optimizer steps
step:0/100 val_loss:10.8304 train_time:0ms step_avg:0.20ms
step:1/100 train_time:93715ms step_avg:93714.84ms
step:2/100 train_time:99114ms step_avg:49556.99ms
step:3/100 train_time:99315ms step_avg:33104.97ms
step:4/100 train_time:99554ms step_avg:24888.57ms
step:5/100 train_time:99794ms step_avg:19958.85ms
step:6/100 train_time:100035ms step_avg:16672.48ms
step:7/100 train_time:100279ms step_avg:14325.60ms
step:8/100 train_time:100521ms step_avg:12565.11ms
step:9/100 train_time:100763ms step_avg:11195.89ms
step:10/100 train_time:101005ms step_avg:10100.47ms
step:11/100 train_time:101248ms step_avg:9204.34ms
step:12/100 train_time:101490ms step_avg:8457.54ms
step:13/100 train_time:101733ms step_avg:7825.60ms
step:14/100 train_time:101974ms step_avg:7283.89ms
step:15/100 train_time:102217ms step_avg:6814.47ms
step:16/100 train_time:102458ms step_avg:6403.64ms
step:17/100 train_time:102702ms step_avg:6041.28ms
step:18/100 train_time:102944ms step_avg:5719.11ms
step:19/100 train_time:103187ms step_avg:5430.88ms
step:20/100 train_time:103428ms step_avg:5171.41ms
step:21/100 train_time:103672ms step_avg:4936.75ms
step:22/100 train_time:103914ms step_avg:4723.37ms
step:23/100 train_time:104156ms step_avg:4528.51ms
step:24/100 train_time:104396ms step_avg:4349.81ms
step:25/100 train_time:104638ms step_avg:4185.52ms
step:26/100 train_time:104880ms step_avg:4033.85ms
step:27/100 train_time:105124ms step_avg:3893.50ms
step:28/100 train_time:105367ms step_avg:3763.09ms
step:29/100 train_time:105610ms step_avg:3641.72ms
step:30/100 train_time:105852ms step_avg:3528.41ms
step:31/100 train_time:106095ms step_avg:3422.41ms
step:32/100 train_time:106336ms step_avg:3323.00ms
step:33/100 train_time:106579ms step_avg:3229.65ms
step:34/100 train_time:106821ms step_avg:3141.78ms
step:35/100 train_time:107064ms step_avg:3058.98ms
step:36/100 train_time:107307ms step_avg:2980.74ms
step:37/100 train_time:107550ms step_avg:2906.77ms
step:38/100 train_time:107792ms step_avg:2836.63ms
step:39/100 train_time:108035ms step_avg:2770.13ms
step:40/100 train_time:108276ms step_avg:2706.90ms
step:41/100 train_time:108519ms step_avg:2646.80ms
step:42/100 train_time:108762ms step_avg:2589.57ms
step:43/100 train_time:109006ms step_avg:2535.03ms
step:44/100 train_time:109248ms step_avg:2482.92ms
step:45/100 train_time:109491ms step_avg:2433.13ms
step:46/100 train_time:109733ms step_avg:2385.49ms
step:47/100 train_time:109976ms step_avg:2339.91ms
step:48/100 train_time:110218ms step_avg:2296.21ms
step:49/100 train_time:110463ms step_avg:2254.34ms
step:50/100 train_time:110704ms step_avg:2214.09ms
step:51/100 train_time:110949ms step_avg:2175.47ms
step:52/100 train_time:111192ms step_avg:2138.31ms
step:53/100 train_time:111434ms step_avg:2102.54ms
step:54/100 train_time:111677ms step_avg:2068.09ms
step:55/100 train_time:111921ms step_avg:2034.92ms
step:56/100 train_time:112164ms step_avg:2002.92ms
step:57/100 train_time:112408ms step_avg:1972.07ms
step:58/100 train_time:112650ms step_avg:1942.25ms
step:59/100 train_time:112894ms step_avg:1913.45ms
step:60/100 train_time:113136ms step_avg:1885.60ms
step:61/100 train_time:113379ms step_avg:1858.68ms
step:62/100 train_time:113622ms step_avg:1832.61ms
step:63/100 train_time:113865ms step_avg:1807.39ms
step:64/100 train_time:114108ms step_avg:1782.94ms
step:65/100 train_time:114351ms step_avg:1759.25ms
step:66/100 train_time:114594ms step_avg:1736.27ms
step:67/100 train_time:114837ms step_avg:1713.99ms
step:68/100 train_time:115080ms step_avg:1692.36ms
step:69/100 train_time:115324ms step_avg:1671.37ms
step:70/100 train_time:115566ms step_avg:1650.95ms
step:71/100 train_time:115811ms step_avg:1631.14ms
step:72/100 train_time:116053ms step_avg:1611.85ms
step:73/100 train_time:116297ms step_avg:1593.11ms
step:74/100 train_time:116539ms step_avg:1574.86ms
step:75/100 train_time:116784ms step_avg:1557.11ms
step:76/100 train_time:117026ms step_avg:1539.82ms
step:77/100 train_time:117271ms step_avg:1523.00ms
step:78/100 train_time:117513ms step_avg:1506.57ms
step:79/100 train_time:117757ms step_avg:1490.59ms
step:80/100 train_time:117999ms step_avg:1474.98ms
step:81/100 train_time:118243ms step_avg:1459.79ms
step:82/100 train_time:118487ms step_avg:1444.96ms
step:83/100 train_time:118731ms step_avg:1430.49ms
step:84/100 train_time:118973ms step_avg:1416.34ms
step:85/100 train_time:119215ms step_avg:1402.53ms
step:86/100 train_time:119456ms step_avg:1389.03ms
step:87/100 train_time:119700ms step_avg:1375.86ms
step:88/100 train_time:119943ms step_avg:1362.99ms
step:89/100 train_time:120188ms step_avg:1350.42ms
step:90/100 train_time:120432ms step_avg:1338.13ms
step:91/100 train_time:120675ms step_avg:1326.10ms
step:92/100 train_time:120917ms step_avg:1314.31ms
step:93/100 train_time:121161ms step_avg:1302.80ms
step:94/100 train_time:121405ms step_avg:1291.54ms
step:95/100 train_time:121650ms step_avg:1280.53ms
step:96/100 train_time:121894ms step_avg:1269.72ms
step:97/100 train_time:122137ms step_avg:1259.15ms
step:98/100 train_time:122381ms step_avg:1248.78ms
step:99/100 train_time:122624ms step_avg:1238.63ms
step:100/100 train_time:122867ms step_avg:1228.67ms
step:100/100 val_loss:4.9960 train_time:122908ms step_avg:1229.08ms
peak memory allocated: 31408 MiB reserved: 39090 MiB
RUN_DONE substoch-ablation-record-100 2026-05-26T02:23:16+00:00
RUN_START substoch-ablation-substoch-100 2026-05-26T02:23:16+00:00
[Gloo] Rank 0 is connected to 0 peer ranks. Expected number of connected peer ranks is : 0
Fetching 4 files:   0%|          | 0/4 [00:00<?, ?it/s]Fetching 4 files: 100%|██████████| 4/4 [00:00<00:00, 71697.50it/s]
/root/xsa_gate_ablation/logs/substoch-ablation-substoch-100.txt
Skipping kernel warmup
Capping training loop at 100 optimizer steps
/root/xsa_gate_ablation/.venv/lib/python3.11/site-packages/torch/_inductor/compile_fx.py:321: UserWarning: TensorFloat32 tensor cores for float32 matrix multiplication available but not enabled. Consider setting `torch.set_float32_matmul_precision('high')` for better performance.
  warnings.warn(
step:0/100 val_loss:10.8305 train_time:0ms step_avg:0.19ms
step:1/100 train_time:84883ms step_avg:84883.33ms
step:2/100 train_time:90903ms step_avg:45451.28ms
step:3/100 train_time:91102ms step_avg:30367.45ms
step:4/100 train_time:91339ms step_avg:22834.70ms
step:5/100 train_time:91576ms step_avg:18315.12ms
step:6/100 train_time:91815ms step_avg:15302.44ms
step:7/100 train_time:92056ms step_avg:13150.93ms
step:8/100 train_time:92295ms step_avg:11536.85ms
step:9/100 train_time:92534ms step_avg:10281.54ms
step:10/100 train_time:92773ms step_avg:9277.26ms
step:11/100 train_time:93015ms step_avg:8455.87ms
step:12/100 train_time:93254ms step_avg:7771.13ms
step:13/100 train_time:93494ms step_avg:7191.81ms
step:14/100 train_time:93733ms step_avg:6695.19ms
step:15/100 train_time:93974ms step_avg:6264.92ms
step:16/100 train_time:94213ms step_avg:5888.33ms
step:17/100 train_time:94453ms step_avg:5556.06ms
step:18/100 train_time:94693ms step_avg:5260.73ms
step:19/100 train_time:94934ms step_avg:4996.54ms
step:20/100 train_time:95175ms step_avg:4758.73ms
step:21/100 train_time:95415ms step_avg:4543.58ms
step:22/100 train_time:95654ms step_avg:4347.92ms
step:23/100 train_time:95895ms step_avg:4169.33ms
step:24/100 train_time:96134ms step_avg:4005.60ms
step:25/100 train_time:96375ms step_avg:3854.99ms
step:26/100 train_time:96614ms step_avg:3715.91ms
step:27/100 train_time:96854ms step_avg:3587.18ms
step:28/100 train_time:97093ms step_avg:3467.62ms
step:29/100 train_time:97334ms step_avg:3356.36ms
step:30/100 train_time:97574ms step_avg:3252.45ms
step:31/100 train_time:97814ms step_avg:3155.28ms
step:32/100 train_time:98054ms step_avg:3064.20ms
step:33/100 train_time:98294ms step_avg:2978.62ms
step:34/100 train_time:98534ms step_avg:2898.07ms
step:35/100 train_time:98775ms step_avg:2822.14ms
step:36/100 train_time:99015ms step_avg:2750.41ms
step:37/100 train_time:99255ms step_avg:2682.56ms
step:38/100 train_time:99495ms step_avg:2618.28ms
step:39/100 train_time:99735ms step_avg:2557.30ms
step:40/100 train_time:99976ms step_avg:2499.40ms
step:41/100 train_time:100215ms step_avg:2444.26ms
step:42/100 train_time:100458ms step_avg:2391.86ms
step:43/100 train_time:100695ms step_avg:2341.74ms
step:44/100 train_time:100935ms step_avg:2293.97ms
step:45/100 train_time:101175ms step_avg:2248.34ms
step:46/100 train_time:101415ms step_avg:2204.66ms
step:47/100 train_time:101655ms step_avg:2162.87ms
step:48/100 train_time:101895ms step_avg:2122.81ms
step:49/100 train_time:102135ms step_avg:2084.38ms
step:50/100 train_time:102374ms step_avg:2047.49ms
step:51/100 train_time:102615ms step_avg:2012.06ms
step:52/100 train_time:102854ms step_avg:1977.96ms
step:53/100 train_time:103095ms step_avg:1945.19ms
step:54/100 train_time:103335ms step_avg:1913.61ms
step:55/100 train_time:103575ms step_avg:1883.19ms
step:56/100 train_time:103815ms step_avg:1853.83ms
step:57/100 train_time:104056ms step_avg:1825.54ms
step:58/100 train_time:104296ms step_avg:1798.20ms
step:59/100 train_time:104536ms step_avg:1771.80ms
step:60/100 train_time:104776ms step_avg:1746.27ms
step:61/100 train_time:105016ms step_avg:1721.58ms
step:62/100 train_time:105268ms step_avg:1697.87ms
step:63/100 train_time:105497ms step_avg:1674.55ms
step:64/100 train_time:105736ms step_avg:1652.13ms
step:65/100 train_time:105977ms step_avg:1630.41ms
step:66/100 train_time:106216ms step_avg:1609.33ms
step:67/100 train_time:106457ms step_avg:1588.91ms
step:68/100 train_time:106697ms step_avg:1569.07ms
step:69/100 train_time:106938ms step_avg:1549.83ms
step:70/100 train_time:107178ms step_avg:1531.11ms
step:71/100 train_time:107418ms step_avg:1512.93ms
step:72/100 train_time:107658ms step_avg:1495.24ms
step:73/100 train_time:107898ms step_avg:1478.05ms
step:74/100 train_time:108137ms step_avg:1461.31ms
step:75/100 train_time:108378ms step_avg:1445.04ms
step:76/100 train_time:108618ms step_avg:1429.19ms
step:77/100 train_time:108860ms step_avg:1413.76ms
step:78/100 train_time:109099ms step_avg:1398.71ms
step:79/100 train_time:109341ms step_avg:1384.06ms
step:80/100 train_time:109580ms step_avg:1369.75ms
step:81/100 train_time:109821ms step_avg:1355.82ms
step:82/100 train_time:110061ms step_avg:1342.21ms
step:83/100 train_time:110303ms step_avg:1328.95ms
step:84/100 train_time:110543ms step_avg:1315.99ms
step:85/100 train_time:110784ms step_avg:1303.34ms
step:86/100 train_time:111025ms step_avg:1290.98ms
step:87/100 train_time:111265ms step_avg:1278.91ms
step:88/100 train_time:111504ms step_avg:1267.09ms
step:89/100 train_time:111744ms step_avg:1255.55ms
step:90/100 train_time:111984ms step_avg:1244.27ms
step:91/100 train_time:112225ms step_avg:1233.24ms
step:92/100 train_time:112465ms step_avg:1222.44ms
step:93/100 train_time:112705ms step_avg:1211.88ms
step:94/100 train_time:112944ms step_avg:1201.53ms
step:95/100 train_time:113185ms step_avg:1191.42ms
step:96/100 train_time:113425ms step_avg:1181.51ms
step:97/100 train_time:113666ms step_avg:1171.81ms
step:98/100 train_time:113906ms step_avg:1162.30ms
step:99/100 train_time:114146ms step_avg:1152.99ms
step:100/100 train_time:114386ms step_avg:1143.86ms
step:100/100 val_loss:5.0223 train_time:114426ms step_avg:1144.26ms
peak memory allocated: 31408 MiB reserved: 39090 MiB
RUN_DONE substoch-ablation-substoch-100 2026-05-26T02:26:28+00:00
RUN_START substoch-ablation-substoch-delta-100 2026-05-26T02:26:28+00:00
[Gloo] Rank 0 is connected to 0 peer ranks. Expected number of connected peer ranks is : 0
Fetching 4 files:   0%|          | 0/4 [00:00<?, ?it/s]Fetching 4 files: 100%|██████████| 4/4 [00:00<00:00, 72005.22it/s]
/root/xsa_gate_ablation/logs/substoch-ablation-substoch-delta-100.txt
Skipping kernel warmup
Capping training loop at 100 optimizer steps
/root/xsa_gate_ablation/.venv/lib/python3.11/site-packages/torch/_inductor/compile_fx.py:321: UserWarning: TensorFloat32 tensor cores for float32 matrix multiplication available but not enabled. Consider setting `torch.set_float32_matmul_precision('high')` for better performance.
  warnings.warn(
step:0/100 val_loss:10.8324 train_time:0ms step_avg:0.18ms
step:1/100 train_time:85956ms step_avg:85955.78ms
step:2/100 train_time:90986ms step_avg:45493.17ms
step:3/100 train_time:91187ms step_avg:30395.53ms
step:4/100 train_time:91425ms step_avg:22856.33ms
step:5/100 train_time:91664ms step_avg:18332.89ms
step:6/100 train_time:91906ms step_avg:15317.63ms
step:7/100 train_time:92150ms step_avg:13164.32ms
step:8/100 train_time:92390ms step_avg:11548.75ms
step:9/100 train_time:92630ms step_avg:10292.22ms
step:10/100 train_time:92870ms step_avg:9287.02ms
step:11/100 train_time:93114ms step_avg:8464.95ms
step:12/100 train_time:93356ms step_avg:7779.70ms
step:13/100 train_time:93597ms step_avg:7199.80ms
step:14/100 train_time:93838ms step_avg:6702.70ms
step:15/100 train_time:94080ms step_avg:6272.02ms
step:16/100 train_time:94321ms step_avg:5895.09ms
step:17/100 train_time:94564ms step_avg:5562.58ms
step:18/100 train_time:94806ms step_avg:5266.99ms
step:19/100 train_time:95048ms step_avg:5002.54ms
step:20/100 train_time:95290ms step_avg:4764.48ms
step:21/100 train_time:95531ms step_avg:4549.11ms
step:22/100 train_time:95774ms step_avg:4353.37ms
step:23/100 train_time:96015ms step_avg:4174.55ms
step:24/100 train_time:96257ms step_avg:4010.73ms
step:25/100 train_time:96499ms step_avg:3859.95ms
step:26/100 train_time:96739ms step_avg:3720.75ms
step:27/100 train_time:96981ms step_avg:3591.90ms
step:28/100 train_time:97222ms step_avg:3472.22ms
step:29/100 train_time:97465ms step_avg:3360.85ms
step:30/100 train_time:97706ms step_avg:3256.87ms
step:31/100 train_time:97947ms step_avg:3159.59ms
step:32/100 train_time:98187ms step_avg:3068.35ms
step:33/100 train_time:98429ms step_avg:2982.71ms
step:34/100 train_time:98671ms step_avg:2902.10ms
step:35/100 train_time:98911ms step_avg:2826.04ms
step:36/100 train_time:99153ms step_avg:2754.24ms
step:37/100 train_time:99396ms step_avg:2686.37ms
step:38/100 train_time:99637ms step_avg:2622.04ms
step:39/100 train_time:99879ms step_avg:2561.00ms
step:40/100 train_time:100119ms step_avg:2502.99ms
step:41/100 train_time:100361ms step_avg:2447.84ms
step:42/100 train_time:100603ms step_avg:2395.30ms
step:43/100 train_time:100844ms step_avg:2345.21ms
step:44/100 train_time:101085ms step_avg:2297.39ms
step:45/100 train_time:101326ms step_avg:2251.69ms
step:46/100 train_time:101568ms step_avg:2208.00ms
step:47/100 train_time:101810ms step_avg:2166.17ms
step:48/100 train_time:102051ms step_avg:2126.07ms
step:49/100 train_time:102293ms step_avg:2087.61ms
step:50/100 train_time:102535ms step_avg:2050.70ms
step:51/100 train_time:102778ms step_avg:2015.25ms
step:52/100 train_time:103019ms step_avg:1981.14ms
step:53/100 train_time:103260ms step_avg:1948.30ms
step:54/100 train_time:103500ms step_avg:1916.66ms
step:55/100 train_time:103742ms step_avg:1886.22ms
step:56/100 train_time:103984ms step_avg:1856.86ms
step:57/100 train_time:104227ms step_avg:1828.55ms
step:58/100 train_time:104469ms step_avg:1801.19ms
step:59/100 train_time:104711ms step_avg:1774.76ms
step:60/100 train_time:104951ms step_avg:1749.19ms
step:61/100 train_time:105193ms step_avg:1724.47ms
step:62/100 train_time:105435ms step_avg:1700.56ms
step:63/100 train_time:105677ms step_avg:1677.41ms
step:64/100 train_time:105918ms step_avg:1654.97ms
step:65/100 train_time:106159ms step_avg:1633.22ms
step:66/100 train_time:106400ms step_avg:1612.11ms
step:67/100 train_time:106641ms step_avg:1591.66ms
step:68/100 train_time:106882ms step_avg:1571.80ms
step:69/100 train_time:107125ms step_avg:1552.54ms
step:70/100 train_time:107368ms step_avg:1533.83ms
step:71/100 train_time:107610ms step_avg:1515.63ms
step:72/100 train_time:107850ms step_avg:1497.92ms
step:73/100 train_time:108092ms step_avg:1480.72ms
step:74/100 train_time:108335ms step_avg:1463.99ms
step:75/100 train_time:108577ms step_avg:1447.70ms
step:76/100 train_time:108818ms step_avg:1431.82ms
step:77/100 train_time:109060ms step_avg:1416.36ms
step:78/100 train_time:109303ms step_avg:1401.32ms
step:79/100 train_time:109543ms step_avg:1386.62ms
step:80/100 train_time:109786ms step_avg:1372.33ms
step:81/100 train_time:110029ms step_avg:1358.39ms
step:82/100 train_time:110271ms step_avg:1344.77ms
step:83/100 train_time:110513ms step_avg:1331.49ms
step:84/100 train_time:110755ms step_avg:1318.51ms
step:85/100 train_time:110998ms step_avg:1305.86ms
step:86/100 train_time:111240ms step_avg:1293.49ms
step:87/100 train_time:111482ms step_avg:1281.40ms
step:88/100 train_time:111724ms step_avg:1269.59ms
step:89/100 train_time:111967ms step_avg:1258.06ms
step:90/100 train_time:112209ms step_avg:1246.77ms
step:91/100 train_time:112451ms step_avg:1235.73ms
step:92/100 train_time:112692ms step_avg:1224.92ms
step:93/100 train_time:112936ms step_avg:1214.36ms
step:94/100 train_time:113179ms step_avg:1204.03ms
step:95/100 train_time:113421ms step_avg:1193.91ms
step:96/100 train_time:113662ms step_avg:1183.98ms
step:97/100 train_time:113905ms step_avg:1174.28ms
step:98/100 train_time:114148ms step_avg:1164.78ms
step:99/100 train_time:114392ms step_avg:1155.48ms
step:100/100 train_time:114635ms step_avg:1146.35ms
step:100/100 val_loss:5.2326 train_time:114676ms step_avg:1146.76ms
peak memory allocated: 31408 MiB reserved: 39090 MiB
RUN_DONE substoch-ablation-substoch-delta-100 2026-05-26T02:29:41+00:00
