[Gloo] Rank 0 is connected to 0 peer ranks. Expected number of connected peer ranks is : 0
Warning: You are sending unauthenticated requests to the HF Hub. Please set a HF_TOKEN to enable higher rate limits and faster downloads.
Fetching 4 files:   0%|          | 0/4 [00:00<?, ?it/s]Fetching 4 files: 100%|██████████| 4/4 [00:00<00:00, 78766.27it/s]
/root/xsa_gate_ablation/logs/substoch-resume500-stop328.txt
Loading checkpoint from /root/xsa_gate_ablation/checkpoints/substoch-500-val100/state_step000500.pt
Loaded checkpoint step: 500
Loading rank-local optimizer state from /root/xsa_gate_ablation/checkpoints/substoch-500-val100/state_step000500.rank00000.optim.pt
Compiling model and warming up kernels (~7 minutes on first execution)
Sampling steps [0, 1, 456, 457, 458, 459, 915, 916, 917, 918, 1373, 1374, 1375, 1376] for warmup
Resetting Model
Resuming training from checkpoint step 500
Fast-forwarding training data stream through 500 completed step(s)
/root/xsa_gate_ablation/.venv/lib/python3.11/site-packages/torch/_inductor/compile_fx.py:321: UserWarning: TensorFloat32 tensor cores for float32 matrix multiplication available but not enabled. Consider setting `torch.set_float32_matmul_precision('high')` for better performance.
  warnings.warn(
step:501/1385 train_time:49853ms step_avg:49853.22ms
step:502/1385 train_time:50296ms step_avg:25147.94ms
step:503/1385 train_time:50749ms step_avg:16916.37ms
step:504/1385 train_time:51195ms step_avg:12798.73ms
step:505/1385 train_time:51646ms step_avg:10329.13ms
step:506/1385 train_time:52095ms step_avg:8682.44ms
step:507/1385 train_time:52545ms step_avg:7506.37ms
step:508/1385 train_time:52994ms step_avg:6624.21ms
step:509/1385 train_time:53442ms step_avg:5938.05ms
step:510/1385 train_time:53894ms step_avg:5389.41ms
step:511/1385 train_time:54341ms step_avg:4940.10ms
step:512/1385 train_time:54794ms step_avg:4566.19ms
step:513/1385 train_time:55242ms step_avg:4249.41ms
step:514/1385 train_time:55694ms step_avg:3978.13ms
step:515/1385 train_time:56144ms step_avg:3742.94ms
step:516/1385 train_time:56595ms step_avg:3537.22ms
step:517/1385 train_time:57045ms step_avg:3355.58ms
step:518/1385 train_time:57494ms step_avg:3194.12ms
step:519/1385 train_time:57945ms step_avg:3049.74ms
step:520/1385 train_time:58392ms step_avg:2919.62ms
step:521/1385 train_time:58845ms step_avg:2802.14ms
step:522/1385 train_time:59294ms step_avg:2695.20ms
step:523/1385 train_time:59744ms step_avg:2597.57ms
step:524/1385 train_time:60197ms step_avg:2508.22ms
step:525/1385 train_time:60646ms step_avg:2425.85ms
step:526/1385 train_time:61098ms step_avg:2349.92ms
step:527/1385 train_time:61547ms step_avg:2279.52ms
step:528/1385 train_time:61998ms step_avg:2214.21ms
step:529/1385 train_time:62449ms step_avg:2153.41ms
step:530/1385 train_time:62899ms step_avg:2096.63ms
step:531/1385 train_time:63350ms step_avg:2043.54ms
step:532/1385 train_time:63801ms step_avg:1993.78ms
step:533/1385 train_time:64252ms step_avg:1947.03ms
step:534/1385 train_time:64701ms step_avg:1902.96ms
step:535/1385 train_time:65151ms step_avg:1861.46ms
step:536/1385 train_time:65601ms step_avg:1822.25ms
step:537/1385 train_time:66054ms step_avg:1785.25ms
step:538/1385 train_time:66504ms step_avg:1750.11ms
step:539/1385 train_time:66953ms step_avg:1716.75ms
step:540/1385 train_time:67404ms step_avg:1685.09ms
step:541/1385 train_time:67856ms step_avg:1655.04ms
step:542/1385 train_time:68306ms step_avg:1626.34ms
step:543/1385 train_time:68756ms step_avg:1598.98ms
step:544/1385 train_time:69207ms step_avg:1572.90ms
step:545/1385 train_time:69659ms step_avg:1547.97ms
step:546/1385 train_time:70111ms step_avg:1524.16ms
step:547/1385 train_time:70561ms step_avg:1501.29ms
step:548/1385 train_time:71012ms step_avg:1479.42ms
step:549/1385 train_time:71462ms step_avg:1458.41ms
step:550/1385 train_time:71915ms step_avg:1438.29ms
step:551/1385 train_time:72367ms step_avg:1418.95ms
step:552/1385 train_time:72818ms step_avg:1400.35ms
step:553/1385 train_time:73270ms step_avg:1382.46ms
step:554/1385 train_time:73722ms step_avg:1365.22ms
step:555/1385 train_time:74175ms step_avg:1348.64ms
step:556/1385 train_time:74626ms step_avg:1332.60ms
step:557/1385 train_time:75078ms step_avg:1317.16ms
step:558/1385 train_time:75530ms step_avg:1302.24ms
step:559/1385 train_time:75981ms step_avg:1287.82ms
step:560/1385 train_time:76435ms step_avg:1273.91ms
step:561/1385 train_time:76885ms step_avg:1260.41ms
step:562/1385 train_time:77335ms step_avg:1247.34ms
step:563/1385 train_time:77785ms step_avg:1234.68ms
step:564/1385 train_time:78236ms step_avg:1222.44ms
step:565/1385 train_time:78685ms step_avg:1210.54ms
step:566/1385 train_time:79138ms step_avg:1199.06ms
step:567/1385 train_time:79589ms step_avg:1187.90ms
step:568/1385 train_time:80039ms step_avg:1177.05ms
step:569/1385 train_time:80491ms step_avg:1166.54ms
step:570/1385 train_time:80941ms step_avg:1156.30ms
step:571/1385 train_time:81393ms step_avg:1146.38ms
step:572/1385 train_time:81843ms step_avg:1136.71ms
step:573/1385 train_time:82295ms step_avg:1127.32ms
step:574/1385 train_time:82745ms step_avg:1118.18ms
step:575/1385 train_time:83197ms step_avg:1109.29ms
step:576/1385 train_time:83648ms step_avg:1100.64ms
step:577/1385 train_time:84101ms step_avg:1092.22ms
step:578/1385 train_time:84550ms step_avg:1083.98ms
step:579/1385 train_time:85001ms step_avg:1075.96ms
step:580/1385 train_time:85454ms step_avg:1068.18ms
step:581/1385 train_time:85904ms step_avg:1060.54ms
step:582/1385 train_time:86356ms step_avg:1053.13ms
step:583/1385 train_time:86806ms step_avg:1045.86ms
step:584/1385 train_time:87259ms step_avg:1038.79ms
step:585/1385 train_time:87708ms step_avg:1031.86ms
step:586/1385 train_time:88159ms step_avg:1025.11ms
step:587/1385 train_time:88613ms step_avg:1018.54ms
step:588/1385 train_time:89063ms step_avg:1012.08ms
step:589/1385 train_time:89517ms step_avg:1005.81ms
step:590/1385 train_time:89966ms step_avg:999.62ms
step:591/1385 train_time:90419ms step_avg:993.62ms
step:592/1385 train_time:90868ms step_avg:987.69ms
step:593/1385 train_time:91320ms step_avg:981.93ms
step:594/1385 train_time:91771ms step_avg:976.28ms
step:595/1385 train_time:92223ms step_avg:970.77ms
step:596/1385 train_time:92675ms step_avg:965.36ms
step:597/1385 train_time:93127ms step_avg:960.07ms
step:598/1385 train_time:93580ms step_avg:954.90ms
step:599/1385 train_time:94030ms step_avg:949.80ms
step:600/1385 train_time:94483ms step_avg:944.83ms
step:601/1385 train_time:94937ms step_avg:939.97ms
step:602/1385 train_time:95388ms step_avg:935.17ms
step:603/1385 train_time:95841ms step_avg:930.50ms
step:604/1385 train_time:96293ms step_avg:925.90ms
step:605/1385 train_time:96745ms step_avg:921.39ms
step:606/1385 train_time:97199ms step_avg:916.97ms
step:607/1385 train_time:97650ms step_avg:912.61ms
step:608/1385 train_time:98102ms step_avg:908.35ms
step:609/1385 train_time:98554ms step_avg:904.16ms
step:610/1385 train_time:99003ms step_avg:900.03ms
step:611/1385 train_time:99457ms step_avg:896.01ms
step:612/1385 train_time:99909ms step_avg:892.04ms
step:613/1385 train_time:100362ms step_avg:888.16ms
step:614/1385 train_time:100816ms step_avg:884.35ms
step:615/1385 train_time:101267ms step_avg:880.58ms
step:616/1385 train_time:101720ms step_avg:876.90ms
step:617/1385 train_time:102172ms step_avg:873.26ms
step:618/1385 train_time:102625ms step_avg:869.70ms
step:619/1385 train_time:103078ms step_avg:866.20ms
step:620/1385 train_time:103530ms step_avg:862.75ms
step:621/1385 train_time:103982ms step_avg:859.36ms
step:622/1385 train_time:104434ms step_avg:856.02ms
step:623/1385 train_time:104886ms step_avg:852.74ms
step:624/1385 train_time:105339ms step_avg:849.51ms
step:625/1385 train_time:105792ms step_avg:846.34ms
step:626/1385 train_time:106245ms step_avg:843.21ms
step:627/1385 train_time:106697ms step_avg:840.13ms
step:628/1385 train_time:107150ms step_avg:837.11ms
step:629/1385 train_time:107602ms step_avg:834.12ms
step:630/1385 train_time:108056ms step_avg:831.20ms
step:631/1385 train_time:108506ms step_avg:828.29ms
step:632/1385 train_time:108958ms step_avg:825.44ms
step:633/1385 train_time:109411ms step_avg:822.64ms
step:634/1385 train_time:109862ms step_avg:819.87ms
step:635/1385 train_time:110317ms step_avg:817.16ms
step:636/1385 train_time:110769ms step_avg:814.48ms
step:637/1385 train_time:111221ms step_avg:811.83ms
step:638/1385 train_time:111673ms step_avg:809.23ms
step:639/1385 train_time:112132ms step_avg:806.70ms
step:640/1385 train_time:112578ms step_avg:804.13ms
step:641/1385 train_time:113030ms step_avg:801.63ms
step:642/1385 train_time:113482ms step_avg:799.17ms
step:643/1385 train_time:113937ms step_avg:796.76ms
step:644/1385 train_time:114388ms step_avg:794.36ms
step:645/1385 train_time:114840ms step_avg:792.00ms
step:646/1385 train_time:115293ms step_avg:789.68ms
step:647/1385 train_time:115745ms step_avg:787.38ms
step:648/1385 train_time:116198ms step_avg:785.12ms
step:649/1385 train_time:116650ms step_avg:782.89ms
step:650/1385 train_time:117102ms step_avg:780.68ms
step:651/1385 train_time:117555ms step_avg:778.51ms
step:652/1385 train_time:118006ms step_avg:776.36ms
step:653/1385 train_time:118461ms step_avg:774.26ms
step:654/1385 train_time:118913ms step_avg:772.17ms
step:655/1385 train_time:119365ms step_avg:770.09ms
step:656/1385 train_time:119818ms step_avg:768.06ms
step:657/1385 train_time:120270ms step_avg:766.05ms
step:658/1385 train_time:120722ms step_avg:764.06ms
step:659/1385 train_time:121175ms step_avg:762.11ms
step:660/1385 train_time:121627ms step_avg:760.17ms
step:661/1385 train_time:122079ms step_avg:758.25ms
step:662/1385 train_time:122531ms step_avg:756.36ms
step:663/1385 train_time:122983ms step_avg:754.49ms
step:664/1385 train_time:123437ms step_avg:752.66ms
step:665/1385 train_time:123889ms step_avg:750.84ms
step:666/1385 train_time:124343ms step_avg:749.05ms
step:667/1385 train_time:124795ms step_avg:747.28ms
step:668/1385 train_time:125247ms step_avg:745.52ms
step:669/1385 train_time:125700ms step_avg:743.79ms
step:670/1385 train_time:126152ms step_avg:742.07ms
step:671/1385 train_time:126604ms step_avg:740.38ms
step:672/1385 train_time:127058ms step_avg:738.71ms
step:673/1385 train_time:127511ms step_avg:737.06ms
step:674/1385 train_time:127962ms step_avg:735.41ms
step:675/1385 train_time:128416ms step_avg:733.81ms
step:676/1385 train_time:128867ms step_avg:732.20ms
step:677/1385 train_time:129321ms step_avg:730.63ms
step:678/1385 train_time:129775ms step_avg:729.08ms
step:679/1385 train_time:130227ms step_avg:727.52ms
step:680/1385 train_time:130681ms step_avg:726.01ms
step:681/1385 train_time:131135ms step_avg:724.50ms
step:682/1385 train_time:131587ms step_avg:723.00ms
step:683/1385 train_time:132039ms step_avg:721.52ms
step:684/1385 train_time:132490ms step_avg:720.06ms
step:685/1385 train_time:132942ms step_avg:718.61ms
step:686/1385 train_time:133394ms step_avg:717.17ms
step:687/1385 train_time:133846ms step_avg:715.76ms
step:688/1385 train_time:134299ms step_avg:714.36ms
step:689/1385 train_time:134752ms step_avg:712.98ms
step:690/1385 train_time:135203ms step_avg:711.59ms
step:691/1385 train_time:135656ms step_avg:710.24ms
step:692/1385 train_time:136108ms step_avg:708.90ms
step:693/1385 train_time:136560ms step_avg:707.57ms
step:694/1385 train_time:137012ms step_avg:706.25ms
step:695/1385 train_time:137465ms step_avg:704.95ms
step:696/1385 train_time:137918ms step_avg:703.67ms
step:697/1385 train_time:138371ms step_avg:702.39ms
step:698/1385 train_time:138822ms step_avg:701.12ms
step:699/1385 train_time:139278ms step_avg:699.89ms
step:700/1385 train_time:139730ms step_avg:698.65ms
step:701/1385 train_time:140183ms step_avg:697.43ms
step:702/1385 train_time:140638ms step_avg:696.23ms
step:703/1385 train_time:141090ms step_avg:695.03ms
step:704/1385 train_time:141543ms step_avg:693.84ms
step:705/1385 train_time:141996ms step_avg:692.67ms
step:706/1385 train_time:142447ms step_avg:691.49ms
step:707/1385 train_time:142900ms step_avg:690.34ms
step:708/1385 train_time:143354ms step_avg:689.20ms
step:709/1385 train_time:143806ms step_avg:688.07ms
step:710/1385 train_time:144260ms step_avg:686.95ms
step:711/1385 train_time:144713ms step_avg:685.84ms
step:712/1385 train_time:145164ms step_avg:684.74ms
step:713/1385 train_time:145620ms step_avg:683.66ms
step:714/1385 train_time:146073ms step_avg:682.59ms
step:715/1385 train_time:146526ms step_avg:681.52ms
step:716/1385 train_time:146981ms step_avg:680.47ms
step:717/1385 train_time:147434ms step_avg:679.42ms
step:718/1385 train_time:147885ms step_avg:678.37ms
step:719/1385 train_time:148341ms step_avg:677.36ms
step:720/1385 train_time:148795ms step_avg:676.34ms
step:721/1385 train_time:149248ms step_avg:675.33ms
step:722/1385 train_time:149702ms step_avg:674.33ms
step:723/1385 train_time:150157ms step_avg:673.35ms
step:724/1385 train_time:150607ms step_avg:672.35ms
step:725/1385 train_time:151063ms step_avg:671.39ms
step:726/1385 train_time:151515ms step_avg:670.42ms
step:727/1385 train_time:151966ms step_avg:669.46ms
step:728/1385 train_time:152419ms step_avg:668.50ms
step:729/1385 train_time:152870ms step_avg:667.56ms
step:730/1385 train_time:153323ms step_avg:666.62ms
step:731/1385 train_time:153777ms step_avg:665.70ms
step:732/1385 train_time:154229ms step_avg:664.78ms
step:733/1385 train_time:154682ms step_avg:663.87ms
step:734/1385 train_time:155137ms step_avg:662.98ms
step:735/1385 train_time:155588ms step_avg:662.08ms
step:736/1385 train_time:156041ms step_avg:661.19ms
step:737/1385 train_time:156496ms step_avg:660.32ms
step:738/1385 train_time:156947ms step_avg:659.44ms
step:739/1385 train_time:157402ms step_avg:658.59ms
step:740/1385 train_time:157853ms step_avg:657.72ms
step:741/1385 train_time:158307ms step_avg:656.87ms
step:742/1385 train_time:158762ms step_avg:656.04ms
step:743/1385 train_time:159217ms step_avg:655.21ms
step:744/1385 train_time:159668ms step_avg:654.38ms
step:745/1385 train_time:160120ms step_avg:653.55ms
step:746/1385 train_time:160574ms step_avg:652.74ms
step:747/1385 train_time:161026ms step_avg:651.93ms
step:748/1385 train_time:161481ms step_avg:651.13ms
step:749/1385 train_time:161934ms step_avg:650.34ms
step:750/1385 train_time:162386ms step_avg:649.55ms
step:751/1385 train_time:162841ms step_avg:648.77ms
step:752/1385 train_time:163294ms step_avg:647.99ms
step:753/1385 train_time:163746ms step_avg:647.22ms
step:754/1385 train_time:164200ms step_avg:646.46ms
step:755/1385 train_time:164654ms step_avg:645.70ms
step:756/1385 train_time:165105ms step_avg:644.94ms
step:757/1385 train_time:165559ms step_avg:644.20ms
step:758/1385 train_time:166012ms step_avg:643.46ms
step:759/1385 train_time:166464ms step_avg:642.72ms
step:760/1385 train_time:166919ms step_avg:642.00ms
step:761/1385 train_time:167371ms step_avg:641.27ms
step:762/1385 train_time:167823ms step_avg:640.54ms
step:763/1385 train_time:168277ms step_avg:639.83ms
step:764/1385 train_time:168728ms step_avg:639.12ms
step:765/1385 train_time:169181ms step_avg:638.42ms
step:766/1385 train_time:169633ms step_avg:637.72ms
step:767/1385 train_time:170085ms step_avg:637.02ms
step:768/1385 train_time:170538ms step_avg:636.34ms
step:769/1385 train_time:170990ms step_avg:635.65ms
step:770/1385 train_time:171443ms step_avg:634.97ms
step:771/1385 train_time:171896ms step_avg:634.30ms
step:772/1385 train_time:172347ms step_avg:633.63ms
step:773/1385 train_time:172801ms step_avg:632.97ms
step:774/1385 train_time:173254ms step_avg:632.32ms
step:775/1385 train_time:173705ms step_avg:631.66ms
step:776/1385 train_time:174158ms step_avg:631.01ms
step:777/1385 train_time:174614ms step_avg:630.38ms
step:778/1385 train_time:175066ms step_avg:629.73ms
step:779/1385 train_time:175520ms step_avg:629.10ms
step:780/1385 train_time:175976ms step_avg:628.49ms
step:781/1385 train_time:176427ms step_avg:627.86ms
step:782/1385 train_time:176881ms step_avg:627.24ms
step:783/1385 train_time:177334ms step_avg:626.62ms
step:784/1385 train_time:177786ms step_avg:626.01ms
step:785/1385 train_time:178242ms step_avg:625.41ms
step:786/1385 train_time:178696ms step_avg:624.81ms
step:787/1385 train_time:179149ms step_avg:624.21ms
step:788/1385 train_time:179601ms step_avg:623.62ms
step:789/1385 train_time:180057ms step_avg:623.03ms
step:790/1385 train_time:180508ms step_avg:622.44ms
step:791/1385 train_time:180962ms step_avg:621.86ms
step:792/1385 train_time:181414ms step_avg:621.28ms
step:793/1385 train_time:181866ms step_avg:620.70ms
step:794/1385 train_time:182320ms step_avg:620.14ms
step:795/1385 train_time:182772ms step_avg:619.57ms
step:796/1385 train_time:183226ms step_avg:619.01ms
step:797/1385 train_time:183680ms step_avg:618.45ms
step:798/1385 train_time:184135ms step_avg:617.90ms
step:799/1385 train_time:184589ms step_avg:617.35ms
step:800/1385 train_time:185040ms step_avg:616.80ms
step:801/1385 train_time:185495ms step_avg:616.26ms
step:802/1385 train_time:185945ms step_avg:615.71ms
step:803/1385 train_time:186399ms step_avg:615.18ms
step:804/1385 train_time:186852ms step_avg:614.64ms
step:805/1385 train_time:187304ms step_avg:614.11ms
step:806/1385 train_time:187759ms step_avg:613.59ms
step:807/1385 train_time:188211ms step_avg:613.06ms
step:808/1385 train_time:188663ms step_avg:612.54ms
step:809/1385 train_time:189117ms step_avg:612.03ms
step:810/1385 train_time:189567ms step_avg:611.51ms
step:811/1385 train_time:190021ms step_avg:611.00ms
step:812/1385 train_time:190475ms step_avg:610.50ms
step:813/1385 train_time:190927ms step_avg:609.99ms
step:814/1385 train_time:191380ms step_avg:609.49ms
step:815/1385 train_time:191831ms step_avg:608.99ms
step:816/1385 train_time:192282ms step_avg:608.49ms
step:817/1385 train_time:192737ms step_avg:608.00ms
step:818/1385 train_time:193189ms step_avg:607.51ms
step:819/1385 train_time:193643ms step_avg:607.03ms
step:820/1385 train_time:194098ms step_avg:606.56ms
step:821/1385 train_time:194549ms step_avg:606.07ms
step:822/1385 train_time:195002ms step_avg:605.60ms
step:823/1385 train_time:195457ms step_avg:605.13ms
step:824/1385 train_time:195910ms step_avg:604.66ms
step:825/1385 train_time:196364ms step_avg:604.20ms
step:826/1385 train_time:196819ms step_avg:603.74ms
step:827/1385 train_time:197272ms step_avg:603.28ms
step:828/1385 train_time:197726ms step_avg:602.82ms
step:829/1385 train_time:198180ms step_avg:602.37ms
step:830/1385 train_time:198635ms step_avg:601.93ms
step:831/1385 train_time:199088ms step_avg:601.47ms
step:832/1385 train_time:199541ms step_avg:601.03ms
step:833/1385 train_time:199996ms step_avg:600.59ms
step:834/1385 train_time:200448ms step_avg:600.14ms
step:835/1385 train_time:200902ms step_avg:599.71ms
step:836/1385 train_time:201354ms step_avg:599.27ms
step:837/1385 train_time:201806ms step_avg:598.83ms
step:838/1385 train_time:202260ms step_avg:598.40ms
step:839/1385 train_time:202713ms step_avg:597.97ms
step:840/1385 train_time:203166ms step_avg:597.55ms
step:841/1385 train_time:203618ms step_avg:597.12ms
step:842/1385 train_time:204069ms step_avg:596.69ms
step:843/1385 train_time:204523ms step_avg:596.28ms
step:844/1385 train_time:204977ms step_avg:595.86ms
step:845/1385 train_time:205428ms step_avg:595.44ms
step:846/1385 train_time:205882ms step_avg:595.04ms
step:847/1385 train_time:206336ms step_avg:594.63ms
step:848/1385 train_time:206788ms step_avg:594.22ms
step:849/1385 train_time:207241ms step_avg:593.81ms
step:850/1385 train_time:207696ms step_avg:593.42ms
step:851/1385 train_time:208147ms step_avg:593.01ms
step:852/1385 train_time:208600ms step_avg:592.61ms
step:853/1385 train_time:209054ms step_avg:592.22ms
step:854/1385 train_time:209506ms step_avg:591.83ms
step:855/1385 train_time:209959ms step_avg:591.43ms
step:856/1385 train_time:210413ms step_avg:591.05ms
step:857/1385 train_time:210865ms step_avg:590.66ms
step:858/1385 train_time:211319ms step_avg:590.28ms
step:859/1385 train_time:211770ms step_avg:589.89ms
step:860/1385 train_time:212223ms step_avg:589.51ms
step:861/1385 train_time:212678ms step_avg:589.13ms
step:862/1385 train_time:213130ms step_avg:588.76ms
step:863/1385 train_time:213585ms step_avg:588.39ms
step:864/1385 train_time:214036ms step_avg:588.01ms
step:865/1385 train_time:214489ms step_avg:587.64ms
step:866/1385 train_time:214942ms step_avg:587.27ms
step:867/1385 train_time:215397ms step_avg:586.91ms
step:868/1385 train_time:215849ms step_avg:586.55ms
step:869/1385 train_time:216302ms step_avg:586.18ms
step:870/1385 train_time:216756ms step_avg:585.83ms
step:871/1385 train_time:217206ms step_avg:585.46ms
step:872/1385 train_time:217661ms step_avg:585.11ms
step:873/1385 train_time:218116ms step_avg:584.76ms
step:874/1385 train_time:218566ms step_avg:584.40ms
step:875/1385 train_time:219019ms step_avg:584.05ms
step:876/1385 train_time:219472ms step_avg:583.70ms
step:877/1385 train_time:219926ms step_avg:583.36ms
step:878/1385 train_time:220380ms step_avg:583.02ms
step:879/1385 train_time:220833ms step_avg:582.67ms
step:880/1385 train_time:221283ms step_avg:582.32ms
step:881/1385 train_time:221737ms step_avg:581.99ms
step:882/1385 train_time:222190ms step_avg:581.65ms
step:883/1385 train_time:222643ms step_avg:581.31ms
step:884/1385 train_time:223096ms step_avg:580.98ms
step:885/1385 train_time:223547ms step_avg:580.64ms
step:886/1385 train_time:224000ms step_avg:580.31ms
step:887/1385 train_time:224454ms step_avg:579.98ms
step:888/1385 train_time:224906ms step_avg:579.65ms
step:889/1385 train_time:225360ms step_avg:579.33ms
step:890/1385 train_time:225814ms step_avg:579.01ms
step:891/1385 train_time:226268ms step_avg:578.69ms
step:892/1385 train_time:226721ms step_avg:578.37ms
step:893/1385 train_time:227174ms step_avg:578.05ms
step:894/1385 train_time:227626ms step_avg:577.73ms
step:895/1385 train_time:228081ms step_avg:577.42ms
step:896/1385 train_time:228533ms step_avg:577.10ms
step:897/1385 train_time:228985ms step_avg:576.79ms
step:898/1385 train_time:229440ms step_avg:576.48ms
step:899/1385 train_time:229892ms step_avg:576.17ms
step:900/1385 train_time:230344ms step_avg:575.86ms
step:901/1385 train_time:230797ms step_avg:575.55ms
step:902/1385 train_time:231248ms step_avg:575.24ms
step:903/1385 train_time:231702ms step_avg:574.94ms
step:904/1385 train_time:232156ms step_avg:574.64ms
step:905/1385 train_time:232608ms step_avg:574.34ms
step:906/1385 train_time:233061ms step_avg:574.04ms
step:907/1385 train_time:233513ms step_avg:573.74ms
step:908/1385 train_time:233966ms step_avg:573.45ms
step:909/1385 train_time:234419ms step_avg:573.15ms
step:910/1385 train_time:234874ms step_avg:572.86ms
step:911/1385 train_time:235327ms step_avg:572.57ms
step:912/1385 train_time:235780ms step_avg:572.28ms
step:913/1385 train_time:236236ms step_avg:572.00ms
step:914/1385 train_time:236687ms step_avg:571.71ms
step:915/1385 train_time:237140ms step_avg:571.42ms
step:916/1385 train_time:237595ms step_avg:571.14ms
step:917/1385 train_time:238047ms step_avg:570.86ms
step:918/1385 train_time:289837ms step_avg:693.39ms
step:919/1385 train_time:290508ms step_avg:693.34ms
step:920/1385 train_time:291166ms step_avg:693.25ms
step:921/1385 train_time:291833ms step_avg:693.19ms
step:922/1385 train_time:292501ms step_avg:693.13ms
step:923/1385 train_time:293164ms step_avg:693.06ms
step:924/1385 train_time:293831ms step_avg:693.00ms
step:925/1385 train_time:294494ms step_avg:692.93ms
step:926/1385 train_time:295160ms step_avg:692.86ms
step:927/1385 train_time:295825ms step_avg:692.80ms
step:928/1385 train_time:296490ms step_avg:692.73ms
step:929/1385 train_time:297155ms step_avg:692.67ms
step:930/1385 train_time:297822ms step_avg:692.61ms
step:931/1385 train_time:298490ms step_avg:692.55ms
step:932/1385 train_time:299158ms step_avg:692.50ms
step:933/1385 train_time:299824ms step_avg:692.44ms
step:934/1385 train_time:300490ms step_avg:692.37ms
step:935/1385 train_time:301158ms step_avg:692.32ms
step:936/1385 train_time:301824ms step_avg:692.26ms
step:937/1385 train_time:302492ms step_avg:692.20ms
step:938/1385 train_time:303157ms step_avg:692.14ms
step:939/1385 train_time:303826ms step_avg:692.09ms
step:940/1385 train_time:304491ms step_avg:692.02ms
step:941/1385 train_time:305158ms step_avg:691.97ms
step:942/1385 train_time:305822ms step_avg:691.91ms
step:943/1385 train_time:306490ms step_avg:691.85ms
step:944/1385 train_time:307155ms step_avg:691.79ms
step:945/1385 train_time:307820ms step_avg:691.73ms
step:946/1385 train_time:308485ms step_avg:691.67ms
step:947/1385 train_time:309150ms step_avg:691.61ms
step:948/1385 train_time:309815ms step_avg:691.55ms
step:949/1385 train_time:310480ms step_avg:691.49ms
step:950/1385 train_time:311147ms step_avg:691.44ms
step:951/1385 train_time:311813ms step_avg:691.38ms
step:952/1385 train_time:312480ms step_avg:691.33ms
step:953/1385 train_time:313147ms step_avg:691.27ms
step:954/1385 train_time:313814ms step_avg:691.22ms
step:955/1385 train_time:314480ms step_avg:691.17ms
step:956/1385 train_time:315145ms step_avg:691.11ms
step:957/1385 train_time:315813ms step_avg:691.06ms
step:958/1385 train_time:316479ms step_avg:691.00ms
step:959/1385 train_time:317145ms step_avg:690.95ms
step:960/1385 train_time:317813ms step_avg:690.90ms
step:961/1385 train_time:318478ms step_avg:690.84ms
step:962/1385 train_time:319143ms step_avg:690.79ms
step:963/1385 train_time:319813ms step_avg:690.74ms
step:964/1385 train_time:320480ms step_avg:690.69ms
step:965/1385 train_time:321150ms step_avg:690.64ms
step:966/1385 train_time:321816ms step_avg:690.59ms
step:967/1385 train_time:322484ms step_avg:690.54ms
step:968/1385 train_time:323152ms step_avg:690.50ms
step:969/1385 train_time:323819ms step_avg:690.44ms
step:970/1385 train_time:324488ms step_avg:690.40ms
step:971/1385 train_time:325155ms step_avg:690.35ms
step:972/1385 train_time:325822ms step_avg:690.30ms
step:973/1385 train_time:326492ms step_avg:690.26ms
step:974/1385 train_time:327158ms step_avg:690.21ms
step:975/1385 train_time:327826ms step_avg:690.16ms
step:976/1385 train_time:328493ms step_avg:690.11ms
step:977/1385 train_time:329161ms step_avg:690.07ms
step:978/1385 train_time:329829ms step_avg:690.02ms
step:979/1385 train_time:330496ms step_avg:689.97ms
step:980/1385 train_time:331164ms step_avg:689.93ms
step:981/1385 train_time:331834ms step_avg:689.88ms
step:982/1385 train_time:332502ms step_avg:689.84ms
step:983/1385 train_time:333173ms step_avg:689.80ms
step:984/1385 train_time:333839ms step_avg:689.75ms
step:985/1385 train_time:334509ms step_avg:689.71ms
step:986/1385 train_time:335178ms step_avg:689.67ms
step:987/1385 train_time:335849ms step_avg:689.63ms
step:988/1385 train_time:336516ms step_avg:689.58ms
step:989/1385 train_time:337185ms step_avg:689.54ms
step:990/1385 train_time:337849ms step_avg:689.49ms
step:991/1385 train_time:338518ms step_avg:689.45ms
step:992/1385 train_time:339186ms step_avg:689.40ms
step:993/1385 train_time:339852ms step_avg:689.36ms
step:994/1385 train_time:340518ms step_avg:689.31ms
step:995/1385 train_time:341190ms step_avg:689.27ms
step:996/1385 train_time:341858ms step_avg:689.23ms
step:997/1385 train_time:342527ms step_avg:689.19ms
step:998/1385 train_time:343193ms step_avg:689.14ms
step:999/1385 train_time:343862ms step_avg:689.10ms
step:1000/1385 train_time:344532ms step_avg:689.06ms
step:1001/1385 train_time:345199ms step_avg:689.02ms
step:1002/1385 train_time:345866ms step_avg:688.98ms
step:1003/1385 train_time:346534ms step_avg:688.93ms
step:1004/1385 train_time:347204ms step_avg:688.90ms
step:1005/1385 train_time:347871ms step_avg:688.85ms
step:1006/1385 train_time:348539ms step_avg:688.81ms
step:1007/1385 train_time:349208ms step_avg:688.77ms
step:1008/1385 train_time:349877ms step_avg:688.73ms
step:1009/1385 train_time:350547ms step_avg:688.70ms
step:1010/1385 train_time:351216ms step_avg:688.66ms
step:1011/1385 train_time:351889ms step_avg:688.63ms
step:1012/1385 train_time:352558ms step_avg:688.59ms
step:1013/1385 train_time:353229ms step_avg:688.55ms
step:1014/1385 train_time:353894ms step_avg:688.51ms
step:1015/1385 train_time:354563ms step_avg:688.47ms
step:1016/1385 train_time:355232ms step_avg:688.43ms
step:1017/1385 train_time:355899ms step_avg:688.39ms
step:1018/1385 train_time:356569ms step_avg:688.36ms
step:1019/1385 train_time:357236ms step_avg:688.32ms
step:1020/1385 train_time:357905ms step_avg:688.28ms
step:1021/1385 train_time:358574ms step_avg:688.24ms
step:1022/1385 train_time:359242ms step_avg:688.20ms
step:1023/1385 train_time:359913ms step_avg:688.17ms
step:1024/1385 train_time:360579ms step_avg:688.13ms
step:1025/1385 train_time:361250ms step_avg:688.09ms
step:1026/1385 train_time:361917ms step_avg:688.06ms
step:1027/1385 train_time:362587ms step_avg:688.02ms
step:1028/1385 train_time:363253ms step_avg:687.98ms
step:1029/1385 train_time:363922ms step_avg:687.94ms
step:1030/1385 train_time:364588ms step_avg:687.90ms
step:1031/1385 train_time:365258ms step_avg:687.87ms
step:1032/1385 train_time:365927ms step_avg:687.83ms
step:1033/1385 train_time:366592ms step_avg:687.79ms
step:1034/1385 train_time:367261ms step_avg:687.75ms
step:1035/1385 train_time:367928ms step_avg:687.72ms
step:1036/1385 train_time:368596ms step_avg:687.68ms
step:1037/1385 train_time:369266ms step_avg:687.65ms
step:1038/1385 train_time:369934ms step_avg:687.61ms
step:1039/1385 train_time:370602ms step_avg:687.57ms
step:1040/1385 train_time:371269ms step_avg:687.53ms
step:1041/1385 train_time:371938ms step_avg:687.50ms
step:1042/1385 train_time:372608ms step_avg:687.47ms
step:1043/1385 train_time:373275ms step_avg:687.43ms
step:1044/1385 train_time:373944ms step_avg:687.40ms
step:1045/1385 train_time:374613ms step_avg:687.36ms
step:1046/1385 train_time:375280ms step_avg:687.33ms
step:1047/1385 train_time:375950ms step_avg:687.29ms
step:1048/1385 train_time:376618ms step_avg:687.26ms
step:1049/1385 train_time:377288ms step_avg:687.23ms
step:1050/1385 train_time:377955ms step_avg:687.19ms
step:1051/1385 train_time:378626ms step_avg:687.16ms
step:1052/1385 train_time:379292ms step_avg:687.12ms
step:1053/1385 train_time:379960ms step_avg:687.09ms
step:1054/1385 train_time:380628ms step_avg:687.05ms
step:1055/1385 train_time:381296ms step_avg:687.02ms
step:1056/1385 train_time:381966ms step_avg:686.99ms
step:1057/1385 train_time:382631ms step_avg:686.95ms
step:1058/1385 train_time:383300ms step_avg:686.92ms
step:1059/1385 train_time:383970ms step_avg:686.89ms
step:1060/1385 train_time:384641ms step_avg:686.86ms
step:1061/1385 train_time:385312ms step_avg:686.83ms
step:1062/1385 train_time:385981ms step_avg:686.80ms
step:1063/1385 train_time:386651ms step_avg:686.77ms
step:1064/1385 train_time:387317ms step_avg:686.73ms
step:1065/1385 train_time:387985ms step_avg:686.70ms
step:1066/1385 train_time:388655ms step_avg:686.67ms
step:1067/1385 train_time:389327ms step_avg:686.64ms
step:1068/1385 train_time:389995ms step_avg:686.61ms
step:1069/1385 train_time:390666ms step_avg:686.58ms
step:1070/1385 train_time:391336ms step_avg:686.55ms
step:1071/1385 train_time:392002ms step_avg:686.52ms
step:1072/1385 train_time:392672ms step_avg:686.49ms
step:1073/1385 train_time:393341ms step_avg:686.46ms
step:1074/1385 train_time:394011ms step_avg:686.43ms
step:1075/1385 train_time:394680ms step_avg:686.40ms
step:1076/1385 train_time:395349ms step_avg:686.37ms
step:1077/1385 train_time:396019ms step_avg:686.34ms
step:1078/1385 train_time:396692ms step_avg:686.32ms
step:1079/1385 train_time:397364ms step_avg:686.29ms
step:1080/1385 train_time:398029ms step_avg:686.26ms
step:1081/1385 train_time:398699ms step_avg:686.23ms
step:1082/1385 train_time:399369ms step_avg:686.20ms
step:1083/1385 train_time:400036ms step_avg:686.17ms
step:1084/1385 train_time:400707ms step_avg:686.14ms
step:1085/1385 train_time:401376ms step_avg:686.11ms
step:1086/1385 train_time:402043ms step_avg:686.08ms
step:1087/1385 train_time:402713ms step_avg:686.05ms
step:1088/1385 train_time:403381ms step_avg:686.02ms
step:1089/1385 train_time:404052ms step_avg:686.00ms
step:1090/1385 train_time:404723ms step_avg:685.97ms
step:1091/1385 train_time:405394ms step_avg:685.95ms
step:1092/1385 train_time:406063ms step_avg:685.92ms
step:1093/1385 train_time:406732ms step_avg:685.89ms
step:1094/1385 train_time:407400ms step_avg:685.86ms
step:1095/1385 train_time:408070ms step_avg:685.83ms
step:1096/1385 train_time:408739ms step_avg:685.80ms
step:1097/1385 train_time:409411ms step_avg:685.78ms
step:1098/1385 train_time:410080ms step_avg:685.75ms
step:1099/1385 train_time:410752ms step_avg:685.73ms
step:1100/1385 train_time:411422ms step_avg:685.70ms
step:1101/1385 train_time:412093ms step_avg:685.68ms
step:1102/1385 train_time:412759ms step_avg:685.65ms
step:1103/1385 train_time:413428ms step_avg:685.62ms
step:1104/1385 train_time:414097ms step_avg:685.59ms
step:1105/1385 train_time:414765ms step_avg:685.56ms
step:1106/1385 train_time:415432ms step_avg:685.53ms
step:1107/1385 train_time:416100ms step_avg:685.50ms
step:1108/1385 train_time:416768ms step_avg:685.47ms
step:1109/1385 train_time:417439ms step_avg:685.45ms
step:1110/1385 train_time:418110ms step_avg:685.43ms
step:1111/1385 train_time:418781ms step_avg:685.40ms
step:1112/1385 train_time:419451ms step_avg:685.38ms
step:1113/1385 train_time:420118ms step_avg:685.35ms
step:1114/1385 train_time:420788ms step_avg:685.32ms
step:1115/1385 train_time:421458ms step_avg:685.30ms
step:1116/1385 train_time:422129ms step_avg:685.27ms
step:1117/1385 train_time:422798ms step_avg:685.25ms
step:1118/1385 train_time:423468ms step_avg:685.22ms
step:1119/1385 train_time:424134ms step_avg:685.19ms
step:1120/1385 train_time:424802ms step_avg:685.16ms
step:1121/1385 train_time:425471ms step_avg:685.14ms
step:1122/1385 train_time:426139ms step_avg:685.11ms
step:1123/1385 train_time:426810ms step_avg:685.09ms
step:1124/1385 train_time:427478ms step_avg:685.06ms
step:1125/1385 train_time:428147ms step_avg:685.04ms
step:1126/1385 train_time:428821ms step_avg:685.02ms
step:1127/1385 train_time:429486ms step_avg:684.99ms
step:1128/1385 train_time:430154ms step_avg:684.96ms
step:1129/1385 train_time:430822ms step_avg:684.93ms
step:1130/1385 train_time:431492ms step_avg:684.91ms
step:1131/1385 train_time:432161ms step_avg:684.88ms
step:1132/1385 train_time:432831ms step_avg:684.86ms
step:1133/1385 train_time:433501ms step_avg:684.84ms
step:1134/1385 train_time:434170ms step_avg:684.81ms
step:1135/1385 train_time:434839ms step_avg:684.79ms
step:1136/1385 train_time:435507ms step_avg:684.76ms
step:1137/1385 train_time:436178ms step_avg:684.74ms
step:1138/1385 train_time:436845ms step_avg:684.71ms
step:1139/1385 train_time:437513ms step_avg:684.68ms
step:1140/1385 train_time:438183ms step_avg:684.66ms
step:1141/1385 train_time:438852ms step_avg:684.64ms
step:1142/1385 train_time:439520ms step_avg:684.61ms
step:1143/1385 train_time:440191ms step_avg:684.59ms
step:1144/1385 train_time:440860ms step_avg:684.57ms
step:1145/1385 train_time:441532ms step_avg:684.55ms
step:1146/1385 train_time:442202ms step_avg:684.52ms
step:1147/1385 train_time:442871ms step_avg:684.50ms
step:1148/1385 train_time:443539ms step_avg:684.47ms
step:1149/1385 train_time:444208ms step_avg:684.45ms
step:1150/1385 train_time:444876ms step_avg:684.42ms
step:1151/1385 train_time:445547ms step_avg:684.40ms
step:1152/1385 train_time:446215ms step_avg:684.38ms
step:1153/1385 train_time:446884ms step_avg:684.35ms
step:1154/1385 train_time:447554ms step_avg:684.33ms
step:1155/1385 train_time:448222ms step_avg:684.31ms
step:1156/1385 train_time:448891ms step_avg:684.29ms
step:1157/1385 train_time:449559ms step_avg:684.26ms
step:1158/1385 train_time:450228ms step_avg:684.24ms
step:1159/1385 train_time:450898ms step_avg:684.22ms
step:1160/1385 train_time:451566ms step_avg:684.19ms
step:1161/1385 train_time:452234ms step_avg:684.17ms
step:1162/1385 train_time:452903ms step_avg:684.14ms
step:1163/1385 train_time:453573ms step_avg:684.12ms
step:1164/1385 train_time:454241ms step_avg:684.10ms
step:1165/1385 train_time:454911ms step_avg:684.08ms
step:1166/1385 train_time:455577ms step_avg:684.05ms
step:1167/1385 train_time:456248ms step_avg:684.03ms
step:1168/1385 train_time:456918ms step_avg:684.01ms
step:1169/1385 train_time:457586ms step_avg:683.99ms
step:1170/1385 train_time:458255ms step_avg:683.96ms
step:1171/1385 train_time:458924ms step_avg:683.94ms
step:1172/1385 train_time:459593ms step_avg:683.92ms
step:1173/1385 train_time:460262ms step_avg:683.90ms
step:1174/1385 train_time:460932ms step_avg:683.88ms
step:1175/1385 train_time:461603ms step_avg:683.86ms
step:1176/1385 train_time:462272ms step_avg:683.83ms
step:1177/1385 train_time:462940ms step_avg:683.81ms
step:1178/1385 train_time:463607ms step_avg:683.79ms
step:1179/1385 train_time:464277ms step_avg:683.77ms
step:1180/1385 train_time:464944ms step_avg:683.74ms
step:1181/1385 train_time:465615ms step_avg:683.72ms
step:1182/1385 train_time:466284ms step_avg:683.70ms
step:1183/1385 train_time:466952ms step_avg:683.68ms
step:1184/1385 train_time:467624ms step_avg:683.66ms
step:1185/1385 train_time:468296ms step_avg:683.64ms
step:1186/1385 train_time:468965ms step_avg:683.62ms
step:1187/1385 train_time:469633ms step_avg:683.60ms
step:1188/1385 train_time:470302ms step_avg:683.58ms
step:1189/1385 train_time:470971ms step_avg:683.56ms
step:1190/1385 train_time:471640ms step_avg:683.54ms
step:1191/1385 train_time:472309ms step_avg:683.51ms
step:1192/1385 train_time:472978ms step_avg:683.49ms
step:1193/1385 train_time:473649ms step_avg:683.48ms
step:1194/1385 train_time:474319ms step_avg:683.46ms
step:1195/1385 train_time:474986ms step_avg:683.43ms
step:1196/1385 train_time:475656ms step_avg:683.41ms
step:1197/1385 train_time:476323ms step_avg:683.39ms
step:1198/1385 train_time:476993ms step_avg:683.37ms
step:1199/1385 train_time:477663ms step_avg:683.35ms
step:1200/1385 train_time:478333ms step_avg:683.33ms
step:1201/1385 train_time:479004ms step_avg:683.32ms
step:1202/1385 train_time:479675ms step_avg:683.30ms
step:1203/1385 train_time:480344ms step_avg:683.28ms
step:1204/1385 train_time:481011ms step_avg:683.25ms
step:1205/1385 train_time:481679ms step_avg:683.23ms
step:1206/1385 train_time:482348ms step_avg:683.21ms
step:1207/1385 train_time:483018ms step_avg:683.19ms
step:1208/1385 train_time:483688ms step_avg:683.18ms
step:1209/1385 train_time:484358ms step_avg:683.16ms
step:1210/1385 train_time:485025ms step_avg:683.13ms
step:1211/1385 train_time:485694ms step_avg:683.11ms
step:1212/1385 train_time:486363ms step_avg:683.09ms
step:1213/1385 train_time:487034ms step_avg:683.08ms
step:1214/1385 train_time:487703ms step_avg:683.06ms
step:1215/1385 train_time:488369ms step_avg:683.03ms
step:1216/1385 train_time:489040ms step_avg:683.02ms
step:1217/1385 train_time:489709ms step_avg:683.00ms
step:1218/1385 train_time:490378ms step_avg:682.98ms
step:1219/1385 train_time:491046ms step_avg:682.96ms
step:1220/1385 train_time:491712ms step_avg:682.93ms
step:1221/1385 train_time:492380ms step_avg:682.91ms
step:1222/1385 train_time:493047ms step_avg:682.89ms
step:1223/1385 train_time:493716ms step_avg:682.87ms
step:1224/1385 train_time:494384ms step_avg:682.85ms
step:1225/1385 train_time:495054ms step_avg:682.83ms
step:1226/1385 train_time:495723ms step_avg:682.81ms
step:1227/1385 train_time:496393ms step_avg:682.80ms
step:1228/1385 train_time:497063ms step_avg:682.78ms
step:1229/1385 train_time:497733ms step_avg:682.76ms
step:1230/1385 train_time:498402ms step_avg:682.74ms
step:1231/1385 train_time:499073ms step_avg:682.73ms
step:1232/1385 train_time:499739ms step_avg:682.70ms
step:1233/1385 train_time:500409ms step_avg:682.69ms
step:1234/1385 train_time:501079ms step_avg:682.67ms
step:1235/1385 train_time:501747ms step_avg:682.65ms
step:1236/1385 train_time:502414ms step_avg:682.63ms
step:1237/1385 train_time:503083ms step_avg:682.61ms
step:1238/1385 train_time:503755ms step_avg:682.60ms
step:1239/1385 train_time:504426ms step_avg:682.58ms
step:1240/1385 train_time:505093ms step_avg:682.56ms
step:1241/1385 train_time:505761ms step_avg:682.54ms
step:1242/1385 train_time:506430ms step_avg:682.52ms
step:1243/1385 train_time:507100ms step_avg:682.50ms
step:1244/1385 train_time:507768ms step_avg:682.48ms
step:1245/1385 train_time:508435ms step_avg:682.46ms
step:1246/1385 train_time:509106ms step_avg:682.45ms
step:1247/1385 train_time:509774ms step_avg:682.43ms
step:1248/1385 train_time:510445ms step_avg:682.41ms
step:1249/1385 train_time:511117ms step_avg:682.40ms
step:1250/1385 train_time:511784ms step_avg:682.38ms
step:1251/1385 train_time:512452ms step_avg:682.36ms
step:1252/1385 train_time:513122ms step_avg:682.34ms
step:1253/1385 train_time:513791ms step_avg:682.32ms
step:1254/1385 train_time:514460ms step_avg:682.31ms
step:1255/1385 train_time:515131ms step_avg:682.29ms
step:1256/1385 train_time:515799ms step_avg:682.27ms
step:1257/1385 train_time:516468ms step_avg:682.26ms
step:1258/1385 train_time:517137ms step_avg:682.24ms
step:1259/1385 train_time:517806ms step_avg:682.22ms
step:1260/1385 train_time:518473ms step_avg:682.20ms
step:1261/1385 train_time:519143ms step_avg:682.19ms
step:1262/1385 train_time:519815ms step_avg:682.17ms
step:1263/1385 train_time:520483ms step_avg:682.15ms
step:1264/1385 train_time:521153ms step_avg:682.14ms
step:1265/1385 train_time:521825ms step_avg:682.12ms
step:1266/1385 train_time:522490ms step_avg:682.10ms
step:1267/1385 train_time:523158ms step_avg:682.08ms
step:1268/1385 train_time:523827ms step_avg:682.07ms
step:1269/1385 train_time:524493ms step_avg:682.05ms
step:1270/1385 train_time:525161ms step_avg:682.03ms
step:1271/1385 train_time:525829ms step_avg:682.01ms
step:1272/1385 train_time:526496ms step_avg:681.99ms
step:1273/1385 train_time:527166ms step_avg:681.97ms
step:1274/1385 train_time:527835ms step_avg:681.96ms
step:1275/1385 train_time:528504ms step_avg:681.94ms
step:1276/1385 train_time:529175ms step_avg:681.93ms
step:1277/1385 train_time:529848ms step_avg:681.91ms
step:1278/1385 train_time:530516ms step_avg:681.90ms
step:1279/1385 train_time:531185ms step_avg:681.88ms
step:1280/1385 train_time:531853ms step_avg:681.86ms
step:1281/1385 train_time:532522ms step_avg:681.85ms
step:1282/1385 train_time:533191ms step_avg:681.83ms
step:1283/1385 train_time:533860ms step_avg:681.81ms
step:1284/1385 train_time:534531ms step_avg:681.80ms
step:1285/1385 train_time:535200ms step_avg:681.78ms
step:1286/1385 train_time:535869ms step_avg:681.77ms
step:1287/1385 train_time:536540ms step_avg:681.75ms
step:1288/1385 train_time:537208ms step_avg:681.74ms
step:1289/1385 train_time:537876ms step_avg:681.72ms
step:1290/1385 train_time:538546ms step_avg:681.70ms
step:1291/1385 train_time:539215ms step_avg:681.69ms
step:1292/1385 train_time:539885ms step_avg:681.67ms
step:1293/1385 train_time:540556ms step_avg:681.66ms
step:1294/1385 train_time:541226ms step_avg:681.64ms
step:1295/1385 train_time:541895ms step_avg:681.63ms
step:1296/1385 train_time:542562ms step_avg:681.61ms
step:1297/1385 train_time:543232ms step_avg:681.60ms
step:1298/1385 train_time:543902ms step_avg:681.58ms
step:1299/1385 train_time:544570ms step_avg:681.56ms
step:1300/1385 train_time:545237ms step_avg:681.55ms
step:1301/1385 train_time:545923ms step_avg:681.55ms
step:1302/1385 train_time:546591ms step_avg:681.53ms
step:1303/1385 train_time:547258ms step_avg:681.52ms
step:1304/1385 train_time:547928ms step_avg:681.50ms
step:1305/1385 train_time:548600ms step_avg:681.49ms
step:1306/1385 train_time:549268ms step_avg:681.47ms
step:1307/1385 train_time:549940ms step_avg:681.46ms
step:1308/1385 train_time:550610ms step_avg:681.45ms
step:1309/1385 train_time:551278ms step_avg:681.43ms
step:1310/1385 train_time:551948ms step_avg:681.42ms
step:1311/1385 train_time:552619ms step_avg:681.40ms
step:1312/1385 train_time:553287ms step_avg:681.39ms
step:1313/1385 train_time:553958ms step_avg:681.37ms
step:1314/1385 train_time:554624ms step_avg:681.36ms
step:1315/1385 train_time:555296ms step_avg:681.35ms
step:1316/1385 train_time:555967ms step_avg:681.33ms
step:1317/1385 train_time:556635ms step_avg:681.32ms
step:1318/1385 train_time:557301ms step_avg:681.30ms
step:1319/1385 train_time:557971ms step_avg:681.28ms
step:1320/1385 train_time:558638ms step_avg:681.27ms
step:1321/1385 train_time:559308ms step_avg:681.25ms
step:1322/1385 train_time:559976ms step_avg:681.24ms
step:1323/1385 train_time:560645ms step_avg:681.22ms
step:1324/1385 train_time:561318ms step_avg:681.21ms
step:1325/1385 train_time:561988ms step_avg:681.20ms
step:1326/1385 train_time:562656ms step_avg:681.18ms
step:1327/1385 train_time:563325ms step_avg:681.17ms
step:1328/1385 train_time:564020ms step_avg:681.18ms
step:1329/1385 train_time:564664ms step_avg:681.14ms
step:1330/1385 train_time:565333ms step_avg:681.12ms
step:1331/1385 train_time:566003ms step_avg:681.11ms
step:1332/1385 train_time:566673ms step_avg:681.10ms
step:1333/1385 train_time:567341ms step_avg:681.08ms
step:1334/1385 train_time:568008ms step_avg:681.07ms
step:1335/1385 train_time:568679ms step_avg:681.05ms
step:1336/1385 train_time:569347ms step_avg:681.04ms
step:1337/1385 train_time:570012ms step_avg:681.02ms
step:1338/1385 train_time:570683ms step_avg:681.01ms
step:1339/1385 train_time:571351ms step_avg:680.99ms
step:1340/1385 train_time:572019ms step_avg:680.98ms
step:1341/1385 train_time:572687ms step_avg:680.96ms
step:1342/1385 train_time:573355ms step_avg:680.94ms
step:1343/1385 train_time:574024ms step_avg:680.93ms
step:1344/1385 train_time:574692ms step_avg:680.92ms
step:1345/1385 train_time:575361ms step_avg:680.90ms
step:1346/1385 train_time:576032ms step_avg:680.89ms
step:1347/1385 train_time:576701ms step_avg:680.88ms
step:1348/1385 train_time:577372ms step_avg:680.86ms
step:1349/1385 train_time:578039ms step_avg:680.85ms
step:1350/1385 train_time:578710ms step_avg:680.84ms
step:1351/1385 train_time:579381ms step_avg:680.82ms
step:1352/1385 train_time:580049ms step_avg:680.81ms
step:1353/1385 train_time:580716ms step_avg:680.79ms
step:1354/1385 train_time:581385ms step_avg:680.78ms
step:1355/1385 train_time:582055ms step_avg:680.77ms
step:1356/1385 train_time:582723ms step_avg:680.75ms
step:1357/1385 train_time:583395ms step_avg:680.74ms
step:1358/1385 train_time:584063ms step_avg:680.73ms
step:1359/1385 train_time:584731ms step_avg:680.71ms
step:1360/1385 train_time:585400ms step_avg:680.70ms
step:1361/1385 train_time:586067ms step_avg:680.68ms
step:1362/1385 train_time:586733ms step_avg:680.66ms
step:1363/1385 train_time:587400ms step_avg:680.65ms
step:1364/1385 train_time:588070ms step_avg:680.64ms
step:1365/1385 train_time:588740ms step_avg:680.62ms
step:1366/1385 train_time:589409ms step_avg:680.61ms
step:1367/1385 train_time:590079ms step_avg:680.60ms
step:1368/1385 train_time:590748ms step_avg:680.58ms
step:1369/1385 train_time:591419ms step_avg:680.57ms
step:1370/1385 train_time:592087ms step_avg:680.56ms
step:1371/1385 train_time:592755ms step_avg:680.55ms
step:1372/1385 train_time:593422ms step_avg:680.53ms
step:1373/1385 train_time:594092ms step_avg:680.52ms
step:1374/1385 train_time:594757ms step_avg:680.50ms
step:1375/1385 train_time:595428ms step_avg:680.49ms
step:1376/1385 train_time:647125ms step_avg:738.73ms
step:1377/1385 train_time:647800ms step_avg:738.65ms
step:1378/1385 train_time:648459ms step_avg:738.56ms
step:1379/1385 train_time:649133ms step_avg:738.49ms
step:1380/1385 train_time:649801ms step_avg:738.41ms
step:1381/1385 train_time:650468ms step_avg:738.33ms
step:1382/1385 train_time:651139ms step_avg:738.25ms
step:1383/1385 train_time:651805ms step_avg:738.17ms
step:1384/1385 train_time:652472ms step_avg:738.09ms
step:1385/1385 train_time:653141ms step_avg:738.01ms
step:1385/1385 val_loss:3.2857 train_time:653232ms step_avg:738.12ms
peak memory allocated: 37327 MiB reserved: 52730 MiB
