[Gloo] Rank 0 is connected to 0 peer ranks. Expected number of connected peer ranks is : 0
Warning: You are sending unauthenticated requests to the HF Hub. Please set a HF_TOKEN to enable higher rate limits and faster downloads.
Fetching 4 files:   0%|          | 0/4 [00:00<?, ?it/s]Fetching 4 files: 100%|██████████| 4/4 [00:00<00:00, 5068.65it/s]
logs/laplacian-no-attn-gate-stop328-1450-20260525_234745.txt
Compiling model and warming up kernels (~7 minutes on first execution)
Sampling steps [0, 1, 456, 457, 458, 459, 915, 916, 917, 918, 1373, 1374, 1375, 1376] for warmup
Resetting Model
Capping training loop at 1450 optimizer steps
step:1/1450 train_time:228ms step_avg:227.79ms
step:2/1450 train_time:458ms step_avg:229.03ms
step:3/1450 train_time:688ms step_avg:229.27ms
step:4/1450 train_time:920ms step_avg:229.92ms
step:5/1450 train_time:1157ms step_avg:231.34ms
step:6/1450 train_time:1391ms step_avg:231.87ms
step:7/1450 train_time:1623ms step_avg:231.89ms
step:8/1450 train_time:1856ms step_avg:232.00ms
step:9/1450 train_time:2092ms step_avg:232.47ms
step:10/1450 train_time:2327ms step_avg:232.70ms
step:11/1450 train_time:2560ms step_avg:232.76ms
step:12/1450 train_time:2792ms step_avg:232.70ms
step:13/1450 train_time:3027ms step_avg:232.83ms
step:14/1450 train_time:3263ms step_avg:233.06ms
step:15/1450 train_time:3498ms step_avg:233.21ms
step:16/1450 train_time:3731ms step_avg:233.19ms
step:17/1450 train_time:3965ms step_avg:233.21ms
step:18/1450 train_time:4199ms step_avg:233.30ms
step:19/1450 train_time:4436ms step_avg:233.46ms
step:20/1450 train_time:4671ms step_avg:233.54ms
step:21/1450 train_time:4904ms step_avg:233.53ms
step:22/1450 train_time:5138ms step_avg:233.57ms
step:23/1450 train_time:5373ms step_avg:233.60ms
step:24/1450 train_time:5608ms step_avg:233.66ms
step:25/1450 train_time:5842ms step_avg:233.68ms
step:26/1450 train_time:6074ms step_avg:233.62ms
step:27/1450 train_time:6307ms step_avg:233.61ms
step:28/1450 train_time:6540ms step_avg:233.58ms
step:29/1450 train_time:6774ms step_avg:233.59ms
step:30/1450 train_time:7007ms step_avg:233.56ms
step:31/1450 train_time:7240ms step_avg:233.56ms
step:32/1450 train_time:7472ms step_avg:233.50ms
step:33/1450 train_time:7706ms step_avg:233.51ms
step:34/1450 train_time:7939ms step_avg:233.49ms
step:35/1450 train_time:8172ms step_avg:233.49ms
step:36/1450 train_time:8403ms step_avg:233.42ms
step:37/1450 train_time:8637ms step_avg:233.42ms
step:38/1450 train_time:8870ms step_avg:233.41ms
step:39/1450 train_time:9102ms step_avg:233.39ms
step:40/1450 train_time:9334ms step_avg:233.36ms
step:41/1450 train_time:9567ms step_avg:233.35ms
step:42/1450 train_time:9799ms step_avg:233.32ms
step:43/1450 train_time:10033ms step_avg:233.31ms
step:44/1450 train_time:10264ms step_avg:233.28ms
step:45/1450 train_time:10498ms step_avg:233.29ms
step:46/1450 train_time:10731ms step_avg:233.29ms
step:47/1450 train_time:10965ms step_avg:233.29ms
step:48/1450 train_time:11200ms step_avg:233.34ms
step:49/1450 train_time:11433ms step_avg:233.33ms
step:50/1450 train_time:11666ms step_avg:233.32ms
step:51/1450 train_time:11899ms step_avg:233.32ms
step:52/1450 train_time:12132ms step_avg:233.30ms
step:53/1450 train_time:12364ms step_avg:233.29ms
step:54/1450 train_time:12600ms step_avg:233.33ms
step:55/1450 train_time:12833ms step_avg:233.33ms
step:56/1450 train_time:13066ms step_avg:233.33ms
step:57/1450 train_time:13299ms step_avg:233.31ms
step:58/1450 train_time:13533ms step_avg:233.32ms
step:59/1450 train_time:13765ms step_avg:233.31ms
step:60/1450 train_time:13999ms step_avg:233.32ms
step:61/1450 train_time:14232ms step_avg:233.31ms
step:62/1450 train_time:14465ms step_avg:233.30ms
step:63/1450 train_time:14698ms step_avg:233.31ms
step:64/1450 train_time:14934ms step_avg:233.34ms
step:65/1450 train_time:15167ms step_avg:233.34ms
step:66/1450 train_time:15400ms step_avg:233.33ms
step:67/1450 train_time:15633ms step_avg:233.33ms
step:68/1450 train_time:15866ms step_avg:233.33ms
step:69/1450 train_time:16101ms step_avg:233.34ms
step:70/1450 train_time:16335ms step_avg:233.35ms
step:71/1450 train_time:16568ms step_avg:233.36ms
step:72/1450 train_time:16802ms step_avg:233.35ms
step:73/1450 train_time:17035ms step_avg:233.35ms
step:74/1450 train_time:17269ms step_avg:233.36ms
step:75/1450 train_time:17502ms step_avg:233.36ms
step:76/1450 train_time:17735ms step_avg:233.35ms
step:77/1450 train_time:17969ms step_avg:233.37ms
step:78/1450 train_time:18203ms step_avg:233.37ms
step:79/1450 train_time:18437ms step_avg:233.38ms
step:80/1450 train_time:18670ms step_avg:233.37ms
step:81/1450 train_time:18904ms step_avg:233.38ms
step:82/1450 train_time:19137ms step_avg:233.38ms
step:83/1450 train_time:19371ms step_avg:233.39ms
step:84/1450 train_time:19605ms step_avg:233.39ms
step:85/1450 train_time:19839ms step_avg:233.40ms
step:86/1450 train_time:20072ms step_avg:233.40ms
step:87/1450 train_time:20307ms step_avg:233.41ms
step:88/1450 train_time:20542ms step_avg:233.43ms
step:89/1450 train_time:20776ms step_avg:233.44ms
step:90/1450 train_time:21009ms step_avg:233.44ms
step:91/1450 train_time:21243ms step_avg:233.44ms
step:92/1450 train_time:21478ms step_avg:233.45ms
step:93/1450 train_time:21713ms step_avg:233.47ms
step:94/1450 train_time:21946ms step_avg:233.47ms
step:95/1450 train_time:22181ms step_avg:233.48ms
step:96/1450 train_time:22415ms step_avg:233.49ms
step:97/1450 train_time:22650ms step_avg:233.50ms
step:98/1450 train_time:22883ms step_avg:233.50ms
step:99/1450 train_time:23118ms step_avg:233.51ms
step:100/1450 train_time:23352ms step_avg:233.52ms
step:101/1450 train_time:23587ms step_avg:233.53ms
step:102/1450 train_time:23821ms step_avg:233.54ms
step:103/1450 train_time:24055ms step_avg:233.54ms
step:104/1450 train_time:24290ms step_avg:233.56ms
step:105/1450 train_time:24525ms step_avg:233.58ms
step:106/1450 train_time:24760ms step_avg:233.58ms
step:107/1450 train_time:24995ms step_avg:233.59ms
step:108/1450 train_time:25229ms step_avg:233.60ms
step:109/1450 train_time:25463ms step_avg:233.61ms
step:110/1450 train_time:25698ms step_avg:233.62ms
step:111/1450 train_time:25933ms step_avg:233.63ms
step:112/1450 train_time:26166ms step_avg:233.63ms
step:113/1450 train_time:26401ms step_avg:233.64ms
step:114/1450 train_time:26636ms step_avg:233.65ms
step:115/1450 train_time:26871ms step_avg:233.66ms
step:116/1450 train_time:27105ms step_avg:233.66ms
step:117/1450 train_time:27340ms step_avg:233.67ms
step:118/1450 train_time:27574ms step_avg:233.68ms
step:119/1450 train_time:27809ms step_avg:233.69ms
step:120/1450 train_time:28043ms step_avg:233.69ms
step:121/1450 train_time:28278ms step_avg:233.70ms
step:122/1450 train_time:28512ms step_avg:233.71ms
step:123/1450 train_time:28748ms step_avg:233.72ms
step:124/1450 train_time:28983ms step_avg:233.73ms
step:125/1450 train_time:29217ms step_avg:233.74ms
step:126/1450 train_time:29452ms step_avg:233.74ms
step:127/1450 train_time:29687ms step_avg:233.76ms
step:128/1450 train_time:29921ms step_avg:233.76ms
step:129/1450 train_time:30156ms step_avg:233.77ms
step:130/1450 train_time:30390ms step_avg:233.77ms
step:131/1450 train_time:30624ms step_avg:233.77ms
step:132/1450 train_time:30858ms step_avg:233.78ms
step:133/1450 train_time:31094ms step_avg:233.79ms
step:134/1450 train_time:31328ms step_avg:233.79ms
step:135/1450 train_time:31563ms step_avg:233.80ms
step:136/1450 train_time:31798ms step_avg:233.81ms
step:137/1450 train_time:32034ms step_avg:233.82ms
step:138/1450 train_time:32269ms step_avg:233.83ms
step:139/1450 train_time:32502ms step_avg:233.83ms
step:140/1450 train_time:32737ms step_avg:233.84ms
step:141/1450 train_time:32972ms step_avg:233.85ms
step:142/1450 train_time:33207ms step_avg:233.85ms
step:143/1450 train_time:33443ms step_avg:233.86ms
step:144/1450 train_time:33677ms step_avg:233.87ms
step:145/1450 train_time:33912ms step_avg:233.88ms
step:146/1450 train_time:34146ms step_avg:233.88ms
step:147/1450 train_time:34382ms step_avg:233.89ms
step:148/1450 train_time:34617ms step_avg:233.90ms
step:149/1450 train_time:34853ms step_avg:233.91ms
step:150/1450 train_time:35088ms step_avg:233.92ms
step:151/1450 train_time:35322ms step_avg:233.92ms
step:152/1450 train_time:35556ms step_avg:233.92ms
step:153/1450 train_time:35792ms step_avg:233.94ms
step:154/1450 train_time:36026ms step_avg:233.94ms
step:155/1450 train_time:36262ms step_avg:233.95ms
step:156/1450 train_time:36495ms step_avg:233.94ms
step:157/1450 train_time:36732ms step_avg:233.96ms
step:158/1450 train_time:36967ms step_avg:233.97ms
step:159/1450 train_time:37203ms step_avg:233.98ms
step:160/1450 train_time:37436ms step_avg:233.98ms
step:161/1450 train_time:37672ms step_avg:233.99ms
step:162/1450 train_time:37907ms step_avg:233.99ms
step:163/1450 train_time:38142ms step_avg:234.00ms
step:164/1450 train_time:38377ms step_avg:234.01ms
step:165/1450 train_time:38612ms step_avg:234.01ms
step:166/1450 train_time:38847ms step_avg:234.02ms
step:167/1450 train_time:39083ms step_avg:234.03ms
step:168/1450 train_time:39317ms step_avg:234.03ms
step:169/1450 train_time:39552ms step_avg:234.04ms
step:170/1450 train_time:39787ms step_avg:234.04ms
step:171/1450 train_time:40023ms step_avg:234.05ms
step:172/1450 train_time:40257ms step_avg:234.05ms
step:173/1450 train_time:40492ms step_avg:234.06ms
step:174/1450 train_time:40726ms step_avg:234.06ms
step:175/1450 train_time:40962ms step_avg:234.07ms
step:176/1450 train_time:41196ms step_avg:234.07ms
step:177/1450 train_time:41433ms step_avg:234.08ms
step:178/1450 train_time:41667ms step_avg:234.09ms
step:179/1450 train_time:41903ms step_avg:234.09ms
step:180/1450 train_time:42137ms step_avg:234.09ms
step:181/1450 train_time:42374ms step_avg:234.11ms
step:182/1450 train_time:42608ms step_avg:234.11ms
step:183/1450 train_time:42843ms step_avg:234.12ms
step:184/1450 train_time:43077ms step_avg:234.12ms
step:185/1450 train_time:43313ms step_avg:234.13ms
step:186/1450 train_time:43549ms step_avg:234.13ms
step:187/1450 train_time:43784ms step_avg:234.14ms
step:188/1450 train_time:44018ms step_avg:234.14ms
step:189/1450 train_time:44253ms step_avg:234.14ms
step:190/1450 train_time:44487ms step_avg:234.14ms
step:191/1450 train_time:44723ms step_avg:234.15ms
step:192/1450 train_time:44957ms step_avg:234.15ms
step:193/1450 train_time:45192ms step_avg:234.16ms
step:194/1450 train_time:45426ms step_avg:234.16ms
step:195/1450 train_time:45662ms step_avg:234.16ms
step:196/1450 train_time:45897ms step_avg:234.17ms
step:197/1450 train_time:46133ms step_avg:234.18ms
step:198/1450 train_time:46366ms step_avg:234.17ms
step:199/1450 train_time:46601ms step_avg:234.18ms
step:200/1450 train_time:46837ms step_avg:234.18ms
step:201/1450 train_time:47073ms step_avg:234.19ms
step:202/1450 train_time:47308ms step_avg:234.20ms
step:203/1450 train_time:47543ms step_avg:234.20ms
step:204/1450 train_time:47778ms step_avg:234.20ms
step:205/1450 train_time:48013ms step_avg:234.21ms
step:206/1450 train_time:48248ms step_avg:234.21ms
step:207/1450 train_time:48483ms step_avg:234.22ms
step:208/1450 train_time:48717ms step_avg:234.22ms
step:209/1450 train_time:48953ms step_avg:234.22ms
step:210/1450 train_time:49187ms step_avg:234.23ms
step:211/1450 train_time:49422ms step_avg:234.23ms
step:212/1450 train_time:49657ms step_avg:234.23ms
step:213/1450 train_time:49892ms step_avg:234.23ms
step:214/1450 train_time:50127ms step_avg:234.24ms
step:215/1450 train_time:50363ms step_avg:234.25ms
step:216/1450 train_time:50597ms step_avg:234.25ms
step:217/1450 train_time:50833ms step_avg:234.25ms
step:218/1450 train_time:51068ms step_avg:234.26ms
step:219/1450 train_time:51303ms step_avg:234.26ms
step:220/1450 train_time:51538ms step_avg:234.26ms
step:221/1450 train_time:51774ms step_avg:234.27ms
step:222/1450 train_time:52009ms step_avg:234.28ms
step:223/1450 train_time:52244ms step_avg:234.28ms
step:224/1450 train_time:52479ms step_avg:234.28ms
step:225/1450 train_time:52714ms step_avg:234.29ms
step:226/1450 train_time:52949ms step_avg:234.29ms
step:227/1450 train_time:53184ms step_avg:234.29ms
step:228/1450 train_time:53419ms step_avg:234.29ms
step:229/1450 train_time:53655ms step_avg:234.30ms
step:230/1450 train_time:53889ms step_avg:234.30ms
step:231/1450 train_time:54124ms step_avg:234.30ms
step:232/1450 train_time:54361ms step_avg:234.31ms
step:233/1450 train_time:54597ms step_avg:234.32ms
step:234/1450 train_time:54831ms step_avg:234.32ms
step:235/1450 train_time:55067ms step_avg:234.33ms
step:236/1450 train_time:55301ms step_avg:234.33ms
step:237/1450 train_time:55537ms step_avg:234.33ms
step:238/1450 train_time:55772ms step_avg:234.34ms
step:239/1450 train_time:56008ms step_avg:234.34ms
step:240/1450 train_time:56244ms step_avg:234.35ms
step:241/1450 train_time:56479ms step_avg:234.35ms
step:242/1450 train_time:56714ms step_avg:234.36ms
step:243/1450 train_time:56950ms step_avg:234.36ms
step:244/1450 train_time:57185ms step_avg:234.36ms
step:245/1450 train_time:57420ms step_avg:234.37ms
step:246/1450 train_time:57655ms step_avg:234.37ms
step:247/1450 train_time:57891ms step_avg:234.38ms
step:248/1450 train_time:58125ms step_avg:234.37ms
step:249/1450 train_time:58361ms step_avg:234.38ms
step:250/1450 train_time:58596ms step_avg:234.39ms
step:251/1450 train_time:58833ms step_avg:234.39ms
step:252/1450 train_time:59067ms step_avg:234.39ms
step:253/1450 train_time:59303ms step_avg:234.40ms
step:254/1450 train_time:59538ms step_avg:234.40ms
step:255/1450 train_time:59774ms step_avg:234.41ms
step:256/1450 train_time:60009ms step_avg:234.41ms
step:257/1450 train_time:60245ms step_avg:234.42ms
step:258/1450 train_time:60479ms step_avg:234.42ms
step:259/1450 train_time:60716ms step_avg:234.42ms
step:260/1450 train_time:60951ms step_avg:234.43ms
step:261/1450 train_time:61186ms step_avg:234.43ms
step:262/1450 train_time:61421ms step_avg:234.43ms
step:263/1450 train_time:61657ms step_avg:234.44ms
step:264/1450 train_time:61891ms step_avg:234.44ms
step:265/1450 train_time:62127ms step_avg:234.44ms
step:266/1450 train_time:62361ms step_avg:234.44ms
step:267/1450 train_time:62597ms step_avg:234.45ms
step:268/1450 train_time:62833ms step_avg:234.45ms
step:269/1450 train_time:63068ms step_avg:234.45ms
step:270/1450 train_time:63303ms step_avg:234.46ms
step:271/1450 train_time:63539ms step_avg:234.46ms
step:272/1450 train_time:63774ms step_avg:234.46ms
step:273/1450 train_time:64010ms step_avg:234.47ms
step:274/1450 train_time:64244ms step_avg:234.47ms
step:275/1450 train_time:64479ms step_avg:234.47ms
step:276/1450 train_time:64714ms step_avg:234.47ms
step:277/1450 train_time:64951ms step_avg:234.48ms
step:278/1450 train_time:65184ms step_avg:234.47ms
step:279/1450 train_time:65419ms step_avg:234.48ms
step:280/1450 train_time:65654ms step_avg:234.48ms
step:281/1450 train_time:65890ms step_avg:234.48ms
step:282/1450 train_time:66124ms step_avg:234.48ms
step:283/1450 train_time:66360ms step_avg:234.49ms
step:284/1450 train_time:66595ms step_avg:234.49ms
step:285/1450 train_time:66830ms step_avg:234.49ms
step:286/1450 train_time:67065ms step_avg:234.49ms
step:287/1450 train_time:67301ms step_avg:234.50ms
step:288/1450 train_time:67536ms step_avg:234.50ms
step:289/1450 train_time:67773ms step_avg:234.51ms
step:290/1450 train_time:68008ms step_avg:234.51ms
step:291/1450 train_time:68243ms step_avg:234.51ms
step:292/1450 train_time:68478ms step_avg:234.51ms
step:293/1450 train_time:68714ms step_avg:234.52ms
step:294/1450 train_time:68948ms step_avg:234.52ms
step:295/1450 train_time:69184ms step_avg:234.52ms
step:296/1450 train_time:69419ms step_avg:234.52ms
step:297/1450 train_time:69655ms step_avg:234.53ms
step:298/1450 train_time:69891ms step_avg:234.53ms
step:299/1450 train_time:70126ms step_avg:234.53ms
step:300/1450 train_time:70361ms step_avg:234.54ms
step:301/1450 train_time:70597ms step_avg:234.54ms
step:302/1450 train_time:70833ms step_avg:234.55ms
step:303/1450 train_time:71068ms step_avg:234.55ms
step:304/1450 train_time:71302ms step_avg:234.55ms
step:305/1450 train_time:71538ms step_avg:234.55ms
step:306/1450 train_time:71772ms step_avg:234.55ms
step:307/1450 train_time:72008ms step_avg:234.55ms
step:308/1450 train_time:72244ms step_avg:234.56ms
step:309/1450 train_time:72479ms step_avg:234.56ms
step:310/1450 train_time:72714ms step_avg:234.56ms
step:311/1450 train_time:72950ms step_avg:234.57ms
step:312/1450 train_time:73184ms step_avg:234.56ms
step:313/1450 train_time:73419ms step_avg:234.57ms
step:314/1450 train_time:73654ms step_avg:234.57ms
step:315/1450 train_time:73890ms step_avg:234.57ms
step:316/1450 train_time:74124ms step_avg:234.57ms
step:317/1450 train_time:74360ms step_avg:234.57ms
step:318/1450 train_time:74595ms step_avg:234.57ms
step:319/1450 train_time:74832ms step_avg:234.58ms
step:320/1450 train_time:75066ms step_avg:234.58ms
step:321/1450 train_time:75301ms step_avg:234.58ms
step:322/1450 train_time:75536ms step_avg:234.59ms
step:323/1450 train_time:75773ms step_avg:234.59ms
step:324/1450 train_time:76008ms step_avg:234.59ms
step:325/1450 train_time:76243ms step_avg:234.59ms
step:326/1450 train_time:76478ms step_avg:234.60ms
step:327/1450 train_time:76714ms step_avg:234.60ms
step:328/1450 train_time:76950ms step_avg:234.60ms
step:329/1450 train_time:77185ms step_avg:234.61ms
step:330/1450 train_time:77421ms step_avg:234.61ms
step:331/1450 train_time:77657ms step_avg:234.61ms
step:332/1450 train_time:77892ms step_avg:234.61ms
step:333/1450 train_time:78128ms step_avg:234.62ms
step:334/1450 train_time:78363ms step_avg:234.62ms
step:335/1450 train_time:78599ms step_avg:234.62ms
step:336/1450 train_time:78833ms step_avg:234.62ms
step:337/1450 train_time:79069ms step_avg:234.62ms
step:338/1450 train_time:79304ms step_avg:234.63ms
step:339/1450 train_time:79540ms step_avg:234.63ms
step:340/1450 train_time:79776ms step_avg:234.64ms
step:341/1450 train_time:80012ms step_avg:234.64ms
step:342/1450 train_time:80248ms step_avg:234.64ms
step:343/1450 train_time:80483ms step_avg:234.64ms
step:344/1450 train_time:80719ms step_avg:234.65ms
step:345/1450 train_time:80954ms step_avg:234.65ms
step:346/1450 train_time:81190ms step_avg:234.65ms
step:347/1450 train_time:81425ms step_avg:234.66ms
step:348/1450 train_time:81661ms step_avg:234.66ms
step:349/1450 train_time:81896ms step_avg:234.66ms
step:350/1450 train_time:82132ms step_avg:234.66ms
step:351/1450 train_time:82368ms step_avg:234.67ms
step:352/1450 train_time:82603ms step_avg:234.67ms
step:353/1450 train_time:82838ms step_avg:234.67ms
step:354/1450 train_time:83073ms step_avg:234.67ms
step:355/1450 train_time:83311ms step_avg:234.68ms
step:356/1450 train_time:83544ms step_avg:234.68ms
step:357/1450 train_time:83780ms step_avg:234.68ms
step:358/1450 train_time:84016ms step_avg:234.68ms
step:359/1450 train_time:84251ms step_avg:234.68ms
step:360/1450 train_time:84485ms step_avg:234.68ms
step:361/1450 train_time:84721ms step_avg:234.68ms
step:362/1450 train_time:84955ms step_avg:234.68ms
step:363/1450 train_time:85192ms step_avg:234.69ms
step:364/1450 train_time:85426ms step_avg:234.69ms
step:365/1450 train_time:85664ms step_avg:234.70ms
step:366/1450 train_time:85898ms step_avg:234.69ms
step:367/1450 train_time:86133ms step_avg:234.70ms
step:368/1450 train_time:86368ms step_avg:234.70ms
step:369/1450 train_time:86605ms step_avg:234.70ms
step:370/1450 train_time:86840ms step_avg:234.70ms
step:371/1450 train_time:87075ms step_avg:234.70ms
step:372/1450 train_time:87310ms step_avg:234.71ms
step:373/1450 train_time:87546ms step_avg:234.71ms
step:374/1450 train_time:87783ms step_avg:234.71ms
step:375/1450 train_time:88017ms step_avg:234.71ms
step:376/1450 train_time:88252ms step_avg:234.71ms
step:377/1450 train_time:88487ms step_avg:234.71ms
step:378/1450 train_time:88722ms step_avg:234.71ms
step:379/1450 train_time:88959ms step_avg:234.72ms
step:380/1450 train_time:89193ms step_avg:234.72ms
step:381/1450 train_time:89429ms step_avg:234.72ms
step:382/1450 train_time:89664ms step_avg:234.72ms
step:383/1450 train_time:89900ms step_avg:234.73ms
step:384/1450 train_time:90134ms step_avg:234.72ms
step:385/1450 train_time:90370ms step_avg:234.73ms
step:386/1450 train_time:90605ms step_avg:234.73ms
step:387/1450 train_time:90841ms step_avg:234.73ms
step:388/1450 train_time:91077ms step_avg:234.73ms
step:389/1450 train_time:91313ms step_avg:234.74ms
step:390/1450 train_time:91549ms step_avg:234.74ms
step:391/1450 train_time:91784ms step_avg:234.74ms
step:392/1450 train_time:92020ms step_avg:234.74ms
step:393/1450 train_time:92256ms step_avg:234.75ms
step:394/1450 train_time:92491ms step_avg:234.75ms
step:395/1450 train_time:92726ms step_avg:234.75ms
step:396/1450 train_time:92962ms step_avg:234.75ms
step:397/1450 train_time:93199ms step_avg:234.76ms
step:398/1450 train_time:93433ms step_avg:234.76ms
step:399/1450 train_time:93670ms step_avg:234.76ms
step:400/1450 train_time:93905ms step_avg:234.76ms
step:401/1450 train_time:94141ms step_avg:234.77ms
step:402/1450 train_time:94376ms step_avg:234.77ms
step:403/1450 train_time:94612ms step_avg:234.77ms
step:404/1450 train_time:94847ms step_avg:234.77ms
step:405/1450 train_time:95083ms step_avg:234.77ms
step:406/1450 train_time:95318ms step_avg:234.77ms
step:407/1450 train_time:95554ms step_avg:234.78ms
step:408/1450 train_time:95789ms step_avg:234.78ms
step:409/1450 train_time:96025ms step_avg:234.78ms
step:410/1450 train_time:96261ms step_avg:234.78ms
step:411/1450 train_time:96497ms step_avg:234.79ms
step:412/1450 train_time:96732ms step_avg:234.79ms
step:413/1450 train_time:96968ms step_avg:234.79ms
step:414/1450 train_time:97202ms step_avg:234.79ms
step:415/1450 train_time:97438ms step_avg:234.79ms
step:416/1450 train_time:97673ms step_avg:234.79ms
step:417/1450 train_time:97909ms step_avg:234.79ms
step:418/1450 train_time:98144ms step_avg:234.79ms
step:419/1450 train_time:98379ms step_avg:234.80ms
step:420/1450 train_time:98614ms step_avg:234.79ms
step:421/1450 train_time:98850ms step_avg:234.80ms
step:422/1450 train_time:99084ms step_avg:234.80ms
step:423/1450 train_time:99321ms step_avg:234.80ms
step:424/1450 train_time:99555ms step_avg:234.80ms
step:425/1450 train_time:99791ms step_avg:234.80ms
step:426/1450 train_time:100025ms step_avg:234.80ms
step:427/1450 train_time:100262ms step_avg:234.80ms
step:428/1450 train_time:100497ms step_avg:234.81ms
step:429/1450 train_time:100733ms step_avg:234.81ms
step:430/1450 train_time:100968ms step_avg:234.81ms
step:431/1450 train_time:101204ms step_avg:234.81ms
step:432/1450 train_time:101440ms step_avg:234.81ms
step:433/1450 train_time:101676ms step_avg:234.82ms
step:434/1450 train_time:101911ms step_avg:234.82ms
step:435/1450 train_time:102147ms step_avg:234.82ms
step:436/1450 train_time:102382ms step_avg:234.82ms
step:437/1450 train_time:102618ms step_avg:234.82ms
step:438/1450 train_time:102853ms step_avg:234.82ms
step:439/1450 train_time:103090ms step_avg:234.83ms
step:440/1450 train_time:103324ms step_avg:234.83ms
step:441/1450 train_time:103561ms step_avg:234.83ms
step:442/1450 train_time:103795ms step_avg:234.83ms
step:443/1450 train_time:104032ms step_avg:234.84ms
step:444/1450 train_time:104267ms step_avg:234.84ms
step:445/1450 train_time:104503ms step_avg:234.84ms
step:446/1450 train_time:104737ms step_avg:234.84ms
step:447/1450 train_time:104974ms step_avg:234.84ms
step:448/1450 train_time:105209ms step_avg:234.84ms
step:449/1450 train_time:105445ms step_avg:234.84ms
step:450/1450 train_time:105680ms step_avg:234.84ms
step:451/1450 train_time:105916ms step_avg:234.85ms
step:452/1450 train_time:106150ms step_avg:234.84ms
step:453/1450 train_time:106385ms step_avg:234.85ms
step:454/1450 train_time:106621ms step_avg:234.85ms
step:455/1450 train_time:106857ms step_avg:234.85ms
step:456/1450 train_time:107093ms step_avg:234.85ms
step:457/1450 train_time:107328ms step_avg:234.85ms
step:458/1450 train_time:107563ms step_avg:234.85ms
step:459/1450 train_time:107982ms step_avg:235.25ms
step:460/1450 train_time:108424ms step_avg:235.70ms
step:461/1450 train_time:108864ms step_avg:236.15ms
step:462/1450 train_time:109307ms step_avg:236.59ms
step:463/1450 train_time:109748ms step_avg:237.04ms
step:464/1450 train_time:110190ms step_avg:237.48ms
step:465/1450 train_time:110631ms step_avg:237.92ms
step:466/1450 train_time:111071ms step_avg:238.35ms
step:467/1450 train_time:111513ms step_avg:238.79ms
step:468/1450 train_time:111955ms step_avg:239.22ms
step:469/1450 train_time:112396ms step_avg:239.65ms
step:470/1450 train_time:112837ms step_avg:240.08ms
step:471/1450 train_time:113278ms step_avg:240.50ms
step:472/1450 train_time:113717ms step_avg:240.93ms
step:473/1450 train_time:114157ms step_avg:241.35ms
step:474/1450 train_time:114599ms step_avg:241.77ms
step:475/1450 train_time:115038ms step_avg:242.19ms
step:476/1450 train_time:115480ms step_avg:242.60ms
step:477/1450 train_time:115920ms step_avg:243.02ms
step:478/1450 train_time:116361ms step_avg:243.43ms
step:479/1450 train_time:116801ms step_avg:243.84ms
step:480/1450 train_time:117243ms step_avg:244.26ms
step:481/1450 train_time:117683ms step_avg:244.66ms
step:482/1450 train_time:118124ms step_avg:245.07ms
step:483/1450 train_time:118567ms step_avg:245.48ms
step:484/1450 train_time:119008ms step_avg:245.88ms
step:485/1450 train_time:119450ms step_avg:246.29ms
step:486/1450 train_time:119894ms step_avg:246.69ms
step:487/1450 train_time:120333ms step_avg:247.09ms
step:488/1450 train_time:120775ms step_avg:247.49ms
step:489/1450 train_time:121218ms step_avg:247.89ms
step:490/1450 train_time:121660ms step_avg:248.29ms
step:491/1450 train_time:122101ms step_avg:248.68ms
step:492/1450 train_time:122542ms step_avg:249.07ms
step:493/1450 train_time:122983ms step_avg:249.46ms
step:494/1450 train_time:123424ms step_avg:249.85ms
step:495/1450 train_time:123865ms step_avg:250.23ms
step:496/1450 train_time:124307ms step_avg:250.62ms
step:497/1450 train_time:124747ms step_avg:251.00ms
step:498/1450 train_time:125188ms step_avg:251.38ms
step:499/1450 train_time:125629ms step_avg:251.76ms
step:500/1450 train_time:126071ms step_avg:252.14ms
step:501/1450 train_time:126512ms step_avg:252.52ms
step:502/1450 train_time:126954ms step_avg:252.90ms
step:503/1450 train_time:127395ms step_avg:253.27ms
step:504/1450 train_time:127836ms step_avg:253.64ms
step:505/1450 train_time:128277ms step_avg:254.01ms
step:506/1450 train_time:128718ms step_avg:254.38ms
step:507/1450 train_time:129158ms step_avg:254.75ms
step:508/1450 train_time:129599ms step_avg:255.12ms
step:509/1450 train_time:130040ms step_avg:255.48ms
step:510/1450 train_time:130483ms step_avg:255.85ms
step:511/1450 train_time:130922ms step_avg:256.21ms
step:512/1450 train_time:131363ms step_avg:256.57ms
step:513/1450 train_time:131806ms step_avg:256.93ms
step:514/1450 train_time:132248ms step_avg:257.29ms
step:515/1450 train_time:132689ms step_avg:257.65ms
step:516/1450 train_time:133132ms step_avg:258.01ms
step:517/1450 train_time:133575ms step_avg:258.36ms
step:518/1450 train_time:134018ms step_avg:258.72ms
step:519/1450 train_time:134458ms step_avg:259.07ms
step:520/1450 train_time:134899ms step_avg:259.42ms
step:521/1450 train_time:135341ms step_avg:259.77ms
step:522/1450 train_time:135783ms step_avg:260.12ms
step:523/1450 train_time:136225ms step_avg:260.47ms
step:524/1450 train_time:136666ms step_avg:260.81ms
step:525/1450 train_time:137108ms step_avg:261.16ms
step:526/1450 train_time:137551ms step_avg:261.50ms
step:527/1450 train_time:137992ms step_avg:261.84ms
step:528/1450 train_time:138436ms step_avg:262.19ms
step:529/1450 train_time:138876ms step_avg:262.53ms
step:530/1450 train_time:139319ms step_avg:262.87ms
step:531/1450 train_time:139758ms step_avg:263.20ms
step:532/1450 train_time:140197ms step_avg:263.53ms
step:533/1450 train_time:140637ms step_avg:263.86ms
step:534/1450 train_time:141079ms step_avg:264.19ms
step:535/1450 train_time:141519ms step_avg:264.52ms
step:536/1450 train_time:141961ms step_avg:264.85ms
step:537/1450 train_time:142402ms step_avg:265.18ms
step:538/1450 train_time:142845ms step_avg:265.51ms
step:539/1450 train_time:143287ms step_avg:265.84ms
step:540/1450 train_time:143729ms step_avg:266.16ms
step:541/1450 train_time:144172ms step_avg:266.49ms
step:542/1450 train_time:144615ms step_avg:266.82ms
step:543/1450 train_time:145056ms step_avg:267.14ms
step:544/1450 train_time:145498ms step_avg:267.46ms
step:545/1450 train_time:145938ms step_avg:267.78ms
step:546/1450 train_time:146379ms step_avg:268.09ms
step:547/1450 train_time:146818ms step_avg:268.41ms
step:548/1450 train_time:147262ms step_avg:268.73ms
step:549/1450 train_time:147703ms step_avg:269.04ms
step:550/1450 train_time:148144ms step_avg:269.35ms
step:551/1450 train_time:148588ms step_avg:269.67ms
step:552/1450 train_time:149029ms step_avg:269.98ms
step:553/1450 train_time:149471ms step_avg:270.29ms
step:554/1450 train_time:149912ms step_avg:270.60ms
step:555/1450 train_time:150353ms step_avg:270.91ms
step:556/1450 train_time:150796ms step_avg:271.22ms
step:557/1450 train_time:151237ms step_avg:271.52ms
step:558/1450 train_time:151679ms step_avg:271.83ms
step:559/1450 train_time:152119ms step_avg:272.13ms
step:560/1450 train_time:152560ms step_avg:272.43ms
step:561/1450 train_time:153002ms step_avg:272.73ms
step:562/1450 train_time:153444ms step_avg:273.03ms
step:563/1450 train_time:153886ms step_avg:273.33ms
step:564/1450 train_time:154328ms step_avg:273.63ms
step:565/1450 train_time:154769ms step_avg:273.93ms
step:566/1450 train_time:155211ms step_avg:274.22ms
step:567/1450 train_time:155652ms step_avg:274.52ms
step:568/1450 train_time:156093ms step_avg:274.81ms
step:569/1450 train_time:156535ms step_avg:275.11ms
step:570/1450 train_time:156976ms step_avg:275.40ms
step:571/1450 train_time:157419ms step_avg:275.69ms
step:572/1450 train_time:157860ms step_avg:275.98ms
step:573/1450 train_time:158302ms step_avg:276.27ms
step:574/1450 train_time:158744ms step_avg:276.56ms
step:575/1450 train_time:159186ms step_avg:276.84ms
step:576/1450 train_time:159628ms step_avg:277.13ms
step:577/1450 train_time:160069ms step_avg:277.42ms
step:578/1450 train_time:160512ms step_avg:277.70ms
step:579/1450 train_time:160953ms step_avg:277.98ms
step:580/1450 train_time:161395ms step_avg:278.27ms
step:581/1450 train_time:161835ms step_avg:278.55ms
step:582/1450 train_time:162276ms step_avg:278.82ms
step:583/1450 train_time:162716ms step_avg:279.10ms
step:584/1450 train_time:163158ms step_avg:279.38ms
step:585/1450 train_time:163597ms step_avg:279.65ms
step:586/1450 train_time:164039ms step_avg:279.93ms
step:587/1450 train_time:164482ms step_avg:280.21ms
step:588/1450 train_time:164922ms step_avg:280.48ms
step:589/1450 train_time:165363ms step_avg:280.75ms
step:590/1450 train_time:165806ms step_avg:281.03ms
step:591/1450 train_time:166248ms step_avg:281.30ms
step:592/1450 train_time:166690ms step_avg:281.57ms
step:593/1450 train_time:167133ms step_avg:281.84ms
step:594/1450 train_time:167574ms step_avg:282.11ms
step:595/1450 train_time:168016ms step_avg:282.38ms
step:596/1450 train_time:168457ms step_avg:282.65ms
step:597/1450 train_time:168898ms step_avg:282.91ms
step:598/1450 train_time:169341ms step_avg:283.18ms
step:599/1450 train_time:169780ms step_avg:283.44ms
step:600/1450 train_time:170222ms step_avg:283.70ms
step:601/1450 train_time:170663ms step_avg:283.97ms
step:602/1450 train_time:171105ms step_avg:284.23ms
step:603/1450 train_time:171547ms step_avg:284.49ms
step:604/1450 train_time:171990ms step_avg:284.75ms
step:605/1450 train_time:172430ms step_avg:285.01ms
step:606/1450 train_time:172872ms step_avg:285.27ms
step:607/1450 train_time:173315ms step_avg:285.53ms
step:608/1450 train_time:173758ms step_avg:285.79ms
step:609/1450 train_time:174199ms step_avg:286.04ms
step:610/1450 train_time:174641ms step_avg:286.30ms
step:611/1450 train_time:175081ms step_avg:286.55ms
step:612/1450 train_time:175522ms step_avg:286.80ms
step:613/1450 train_time:175963ms step_avg:287.05ms
step:614/1450 train_time:176407ms step_avg:287.31ms
step:615/1450 train_time:176848ms step_avg:287.56ms
step:616/1450 train_time:177290ms step_avg:287.81ms
step:617/1450 train_time:177731ms step_avg:288.06ms
step:618/1450 train_time:178173ms step_avg:288.31ms
step:619/1450 train_time:178616ms step_avg:288.56ms
step:620/1450 train_time:179060ms step_avg:288.81ms
step:621/1450 train_time:179500ms step_avg:289.05ms
step:622/1450 train_time:179941ms step_avg:289.29ms
step:623/1450 train_time:180382ms step_avg:289.54ms
step:624/1450 train_time:180823ms step_avg:289.78ms
step:625/1450 train_time:181265ms step_avg:290.02ms
step:626/1450 train_time:181708ms step_avg:290.27ms
step:627/1450 train_time:182150ms step_avg:290.51ms
step:628/1450 train_time:182593ms step_avg:290.75ms
step:629/1450 train_time:183035ms step_avg:290.99ms
step:630/1450 train_time:183478ms step_avg:291.23ms
step:631/1450 train_time:183920ms step_avg:291.47ms
step:632/1450 train_time:184361ms step_avg:291.71ms
step:633/1450 train_time:184802ms step_avg:291.95ms
step:634/1450 train_time:185243ms step_avg:292.18ms
step:635/1450 train_time:185685ms step_avg:292.42ms
step:636/1450 train_time:186126ms step_avg:292.65ms
step:637/1450 train_time:186569ms step_avg:292.89ms
step:638/1450 train_time:187012ms step_avg:293.12ms
step:639/1450 train_time:187455ms step_avg:293.36ms
step:640/1450 train_time:187897ms step_avg:293.59ms
step:641/1450 train_time:188338ms step_avg:293.82ms
step:642/1450 train_time:188779ms step_avg:294.05ms
step:643/1450 train_time:189222ms step_avg:294.28ms
step:644/1450 train_time:189664ms step_avg:294.51ms
step:645/1450 train_time:190104ms step_avg:294.73ms
step:646/1450 train_time:190547ms step_avg:294.96ms
step:647/1450 train_time:190989ms step_avg:295.19ms
step:648/1450 train_time:191432ms step_avg:295.42ms
step:649/1450 train_time:191873ms step_avg:295.64ms
step:650/1450 train_time:192315ms step_avg:295.87ms
step:651/1450 train_time:192758ms step_avg:296.10ms
step:652/1450 train_time:193201ms step_avg:296.32ms
step:653/1450 train_time:193642ms step_avg:296.54ms
step:654/1450 train_time:194085ms step_avg:296.77ms
step:655/1450 train_time:194528ms step_avg:296.99ms
step:656/1450 train_time:194970ms step_avg:297.21ms
step:657/1450 train_time:195413ms step_avg:297.43ms
step:658/1450 train_time:195856ms step_avg:297.65ms
step:659/1450 train_time:196297ms step_avg:297.87ms
step:660/1450 train_time:196738ms step_avg:298.09ms
step:661/1450 train_time:197180ms step_avg:298.31ms
step:662/1450 train_time:197620ms step_avg:298.52ms
step:663/1450 train_time:198061ms step_avg:298.73ms
step:664/1450 train_time:198505ms step_avg:298.95ms
step:665/1450 train_time:198946ms step_avg:299.17ms
step:666/1450 train_time:199389ms step_avg:299.38ms
step:667/1450 train_time:199830ms step_avg:299.60ms
step:668/1450 train_time:200272ms step_avg:299.81ms
step:669/1450 train_time:200713ms step_avg:300.02ms
step:670/1450 train_time:201156ms step_avg:300.23ms
step:671/1450 train_time:201598ms step_avg:300.44ms
step:672/1450 train_time:202039ms step_avg:300.65ms
step:673/1450 train_time:202480ms step_avg:300.86ms
step:674/1450 train_time:202920ms step_avg:301.07ms
step:675/1450 train_time:203362ms step_avg:301.28ms
step:676/1450 train_time:203804ms step_avg:301.48ms
step:677/1450 train_time:204245ms step_avg:301.69ms
step:678/1450 train_time:204687ms step_avg:301.90ms
step:679/1450 train_time:205129ms step_avg:302.10ms
step:680/1450 train_time:205571ms step_avg:302.31ms
step:681/1450 train_time:206013ms step_avg:302.52ms
step:682/1450 train_time:206455ms step_avg:302.72ms
step:683/1450 train_time:206897ms step_avg:302.92ms
step:684/1450 train_time:207339ms step_avg:303.13ms
step:685/1450 train_time:207780ms step_avg:303.33ms
step:686/1450 train_time:208222ms step_avg:303.53ms
step:687/1450 train_time:208663ms step_avg:303.73ms
step:688/1450 train_time:209107ms step_avg:303.93ms
step:689/1450 train_time:209548ms step_avg:304.13ms
step:690/1450 train_time:209991ms step_avg:304.33ms
step:691/1450 train_time:210433ms step_avg:304.53ms
step:692/1450 train_time:210875ms step_avg:304.73ms
step:693/1450 train_time:211316ms step_avg:304.93ms
step:694/1450 train_time:211756ms step_avg:305.12ms
step:695/1450 train_time:212200ms step_avg:305.32ms
step:696/1450 train_time:212640ms step_avg:305.52ms
step:697/1450 train_time:213082ms step_avg:305.71ms
step:698/1450 train_time:213524ms step_avg:305.91ms
step:699/1450 train_time:213966ms step_avg:306.10ms
step:700/1450 train_time:214408ms step_avg:306.30ms
step:701/1450 train_time:214849ms step_avg:306.49ms
step:702/1450 train_time:215292ms step_avg:306.68ms
step:703/1450 train_time:215733ms step_avg:306.87ms
step:704/1450 train_time:216175ms step_avg:307.07ms
step:705/1450 train_time:216617ms step_avg:307.26ms
step:706/1450 train_time:217059ms step_avg:307.45ms
step:707/1450 train_time:217500ms step_avg:307.64ms
step:708/1450 train_time:217940ms step_avg:307.83ms
step:709/1450 train_time:218381ms step_avg:308.01ms
step:710/1450 train_time:218824ms step_avg:308.20ms
step:711/1450 train_time:219267ms step_avg:308.39ms
step:712/1450 train_time:219709ms step_avg:308.58ms
step:713/1450 train_time:220152ms step_avg:308.77ms
step:714/1450 train_time:220594ms step_avg:308.95ms
step:715/1450 train_time:221033ms step_avg:309.14ms
step:716/1450 train_time:221475ms step_avg:309.32ms
step:717/1450 train_time:221918ms step_avg:309.51ms
step:718/1450 train_time:222360ms step_avg:309.69ms
step:719/1450 train_time:222803ms step_avg:309.88ms
step:720/1450 train_time:223245ms step_avg:310.06ms
step:721/1450 train_time:223686ms step_avg:310.24ms
step:722/1450 train_time:224128ms step_avg:310.43ms
step:723/1450 train_time:224570ms step_avg:310.61ms
step:724/1450 train_time:225013ms step_avg:310.79ms
step:725/1450 train_time:225453ms step_avg:310.97ms
step:726/1450 train_time:225895ms step_avg:311.15ms
step:727/1450 train_time:226337ms step_avg:311.33ms
step:728/1450 train_time:226777ms step_avg:311.51ms
step:729/1450 train_time:227218ms step_avg:311.68ms
step:730/1450 train_time:227658ms step_avg:311.86ms
step:731/1450 train_time:228099ms step_avg:312.04ms
step:732/1450 train_time:228540ms step_avg:312.21ms
step:733/1450 train_time:228982ms step_avg:312.39ms
step:734/1450 train_time:229424ms step_avg:312.57ms
step:735/1450 train_time:229866ms step_avg:312.74ms
step:736/1450 train_time:230309ms step_avg:312.92ms
step:737/1450 train_time:230751ms step_avg:313.09ms
step:738/1450 train_time:231194ms step_avg:313.27ms
step:739/1450 train_time:231636ms step_avg:313.44ms
step:740/1450 train_time:232077ms step_avg:313.62ms
step:741/1450 train_time:232517ms step_avg:313.79ms
step:742/1450 train_time:232958ms step_avg:313.96ms
step:743/1450 train_time:233399ms step_avg:314.13ms
step:744/1450 train_time:233840ms step_avg:314.30ms
step:745/1450 train_time:234283ms step_avg:314.47ms
step:746/1450 train_time:234724ms step_avg:314.64ms
step:747/1450 train_time:235166ms step_avg:314.81ms
step:748/1450 train_time:235608ms step_avg:314.98ms
step:749/1450 train_time:236050ms step_avg:315.15ms
step:750/1450 train_time:236493ms step_avg:315.32ms
step:751/1450 train_time:236934ms step_avg:315.49ms
step:752/1450 train_time:237377ms step_avg:315.66ms
step:753/1450 train_time:237816ms step_avg:315.83ms
step:754/1450 train_time:238258ms step_avg:315.99ms
step:755/1450 train_time:238698ms step_avg:316.16ms
step:756/1450 train_time:239138ms step_avg:316.32ms
step:757/1450 train_time:239579ms step_avg:316.48ms
step:758/1450 train_time:240020ms step_avg:316.65ms
step:759/1450 train_time:240461ms step_avg:316.81ms
step:760/1450 train_time:240904ms step_avg:316.98ms
step:761/1450 train_time:241345ms step_avg:317.14ms
step:762/1450 train_time:241786ms step_avg:317.30ms
step:763/1450 train_time:242228ms step_avg:317.47ms
step:764/1450 train_time:242671ms step_avg:317.63ms
step:765/1450 train_time:243112ms step_avg:317.79ms
step:766/1450 train_time:243554ms step_avg:317.96ms
step:767/1450 train_time:243996ms step_avg:318.12ms
step:768/1450 train_time:244439ms step_avg:318.28ms
step:769/1450 train_time:244879ms step_avg:318.44ms
step:770/1450 train_time:245319ms step_avg:318.60ms
step:771/1450 train_time:245762ms step_avg:318.76ms
step:772/1450 train_time:246203ms step_avg:318.92ms
step:773/1450 train_time:246646ms step_avg:319.08ms
step:774/1450 train_time:247086ms step_avg:319.23ms
step:775/1450 train_time:247527ms step_avg:319.39ms
step:776/1450 train_time:247968ms step_avg:319.55ms
step:777/1450 train_time:248410ms step_avg:319.70ms
step:778/1450 train_time:248853ms step_avg:319.86ms
step:779/1450 train_time:249293ms step_avg:320.02ms
step:780/1450 train_time:249736ms step_avg:320.17ms
step:781/1450 train_time:250176ms step_avg:320.33ms
step:782/1450 train_time:250619ms step_avg:320.49ms
step:783/1450 train_time:251060ms step_avg:320.64ms
step:784/1450 train_time:251501ms step_avg:320.79ms
step:785/1450 train_time:251942ms step_avg:320.95ms
step:786/1450 train_time:252383ms step_avg:321.10ms
step:787/1450 train_time:252825ms step_avg:321.25ms
step:788/1450 train_time:253268ms step_avg:321.41ms
step:789/1450 train_time:253710ms step_avg:321.56ms
step:790/1450 train_time:254154ms step_avg:321.71ms
step:791/1450 train_time:254596ms step_avg:321.87ms
step:792/1450 train_time:255038ms step_avg:322.02ms
step:793/1450 train_time:255479ms step_avg:322.17ms
step:794/1450 train_time:255920ms step_avg:322.32ms
step:795/1450 train_time:256360ms step_avg:322.47ms
step:796/1450 train_time:256802ms step_avg:322.62ms
step:797/1450 train_time:257243ms step_avg:322.76ms
step:798/1450 train_time:257686ms step_avg:322.91ms
step:799/1450 train_time:258126ms step_avg:323.06ms
step:800/1450 train_time:258567ms step_avg:323.21ms
step:801/1450 train_time:259010ms step_avg:323.36ms
step:802/1450 train_time:259452ms step_avg:323.51ms
step:803/1450 train_time:259893ms step_avg:323.65ms
step:804/1450 train_time:260334ms step_avg:323.80ms
step:805/1450 train_time:260776ms step_avg:323.95ms
step:806/1450 train_time:261219ms step_avg:324.09ms
step:807/1450 train_time:261659ms step_avg:324.24ms
step:808/1450 train_time:262102ms step_avg:324.38ms
step:809/1450 train_time:262542ms step_avg:324.53ms
step:810/1450 train_time:262985ms step_avg:324.67ms
step:811/1450 train_time:263426ms step_avg:324.82ms
step:812/1450 train_time:263869ms step_avg:324.96ms
step:813/1450 train_time:264312ms step_avg:325.11ms
step:814/1450 train_time:264754ms step_avg:325.25ms
step:815/1450 train_time:265197ms step_avg:325.39ms
step:816/1450 train_time:265637ms step_avg:325.54ms
step:817/1450 train_time:266078ms step_avg:325.68ms
step:818/1450 train_time:266520ms step_avg:325.82ms
step:819/1450 train_time:266962ms step_avg:325.96ms
step:820/1450 train_time:267404ms step_avg:326.10ms
step:821/1450 train_time:267846ms step_avg:326.24ms
step:822/1450 train_time:268288ms step_avg:326.38ms
step:823/1450 train_time:268728ms step_avg:326.52ms
step:824/1450 train_time:269173ms step_avg:326.67ms
step:825/1450 train_time:269615ms step_avg:326.81ms
step:826/1450 train_time:270055ms step_avg:326.94ms
step:827/1450 train_time:270497ms step_avg:327.08ms
step:828/1450 train_time:270938ms step_avg:327.22ms
step:829/1450 train_time:271379ms step_avg:327.36ms
step:830/1450 train_time:271819ms step_avg:327.49ms
step:831/1450 train_time:272260ms step_avg:327.63ms
step:832/1450 train_time:272701ms step_avg:327.77ms
step:833/1450 train_time:273142ms step_avg:327.90ms
step:834/1450 train_time:273584ms step_avg:328.04ms
step:835/1450 train_time:274025ms step_avg:328.17ms
step:836/1450 train_time:274468ms step_avg:328.31ms
step:837/1450 train_time:274910ms step_avg:328.45ms
step:838/1450 train_time:275351ms step_avg:328.58ms
step:839/1450 train_time:275793ms step_avg:328.72ms
step:840/1450 train_time:276235ms step_avg:328.85ms
step:841/1450 train_time:276675ms step_avg:328.98ms
step:842/1450 train_time:277119ms step_avg:329.12ms
step:843/1450 train_time:277560ms step_avg:329.25ms
step:844/1450 train_time:278001ms step_avg:329.39ms
step:845/1450 train_time:278441ms step_avg:329.52ms
step:846/1450 train_time:278882ms step_avg:329.65ms
step:847/1450 train_time:279323ms step_avg:329.78ms
step:848/1450 train_time:279764ms step_avg:329.91ms
step:849/1450 train_time:280205ms step_avg:330.04ms
step:850/1450 train_time:280648ms step_avg:330.17ms
step:851/1450 train_time:281090ms step_avg:330.31ms
step:852/1450 train_time:281530ms step_avg:330.43ms
step:853/1450 train_time:281971ms step_avg:330.56ms
step:854/1450 train_time:282414ms step_avg:330.70ms
step:855/1450 train_time:282854ms step_avg:330.82ms
step:856/1450 train_time:283299ms step_avg:330.96ms
step:857/1450 train_time:283738ms step_avg:331.08ms
step:858/1450 train_time:284180ms step_avg:331.21ms
step:859/1450 train_time:284620ms step_avg:331.34ms
step:860/1450 train_time:285062ms step_avg:331.47ms
step:861/1450 train_time:285504ms step_avg:331.60ms
step:862/1450 train_time:285946ms step_avg:331.72ms
step:863/1450 train_time:286388ms step_avg:331.85ms
step:864/1450 train_time:286830ms step_avg:331.98ms
step:865/1450 train_time:287272ms step_avg:332.11ms
step:866/1450 train_time:287713ms step_avg:332.23ms
step:867/1450 train_time:288155ms step_avg:332.36ms
step:868/1450 train_time:288597ms step_avg:332.49ms
step:869/1450 train_time:289039ms step_avg:332.61ms
step:870/1450 train_time:289479ms step_avg:332.73ms
step:871/1450 train_time:289920ms step_avg:332.86ms
step:872/1450 train_time:290363ms step_avg:332.98ms
step:873/1450 train_time:290804ms step_avg:333.11ms
step:874/1450 train_time:291245ms step_avg:333.23ms
step:875/1450 train_time:291686ms step_avg:333.36ms
step:876/1450 train_time:292127ms step_avg:333.48ms
step:877/1450 train_time:292569ms step_avg:333.60ms
step:878/1450 train_time:293011ms step_avg:333.73ms
step:879/1450 train_time:293453ms step_avg:333.85ms
step:880/1450 train_time:293895ms step_avg:333.97ms
step:881/1450 train_time:294338ms step_avg:334.09ms
step:882/1450 train_time:294780ms step_avg:334.22ms
step:883/1450 train_time:295221ms step_avg:334.34ms
step:884/1450 train_time:295664ms step_avg:334.46ms
step:885/1450 train_time:296105ms step_avg:334.58ms
step:886/1450 train_time:296546ms step_avg:334.70ms
step:887/1450 train_time:296987ms step_avg:334.82ms
step:888/1450 train_time:297429ms step_avg:334.94ms
step:889/1450 train_time:297872ms step_avg:335.06ms
step:890/1450 train_time:298313ms step_avg:335.18ms
step:891/1450 train_time:298754ms step_avg:335.30ms
step:892/1450 train_time:299197ms step_avg:335.42ms
step:893/1450 train_time:299636ms step_avg:335.54ms
step:894/1450 train_time:300078ms step_avg:335.66ms
step:895/1450 train_time:300520ms step_avg:335.78ms
step:896/1450 train_time:300961ms step_avg:335.89ms
step:897/1450 train_time:301401ms step_avg:336.01ms
step:898/1450 train_time:301844ms step_avg:336.13ms
step:899/1450 train_time:302285ms step_avg:336.25ms
step:900/1450 train_time:302726ms step_avg:336.36ms
step:901/1450 train_time:303167ms step_avg:336.48ms
step:902/1450 train_time:303610ms step_avg:336.60ms
step:903/1450 train_time:304051ms step_avg:336.71ms
step:904/1450 train_time:304493ms step_avg:336.83ms
step:905/1450 train_time:304935ms step_avg:336.95ms
step:906/1450 train_time:305376ms step_avg:337.06ms
step:907/1450 train_time:305818ms step_avg:337.18ms
step:908/1450 train_time:306259ms step_avg:337.29ms
step:909/1450 train_time:306701ms step_avg:337.41ms
step:910/1450 train_time:307144ms step_avg:337.52ms
step:911/1450 train_time:307586ms step_avg:337.64ms
step:912/1450 train_time:308027ms step_avg:337.75ms
step:913/1450 train_time:308468ms step_avg:337.86ms
step:914/1450 train_time:308911ms step_avg:337.98ms
step:915/1450 train_time:309352ms step_avg:338.09ms
step:916/1450 train_time:309795ms step_avg:338.20ms
step:917/1450 train_time:310235ms step_avg:338.31ms
step:918/1450 train_time:310864ms step_avg:338.63ms
step:919/1450 train_time:311520ms step_avg:338.98ms
step:920/1450 train_time:312170ms step_avg:339.32ms
step:921/1450 train_time:312825ms step_avg:339.66ms
step:922/1450 train_time:313479ms step_avg:340.00ms
step:923/1450 train_time:314135ms step_avg:340.34ms
step:924/1450 train_time:314790ms step_avg:340.68ms
step:925/1450 train_time:315442ms step_avg:341.02ms
step:926/1450 train_time:316098ms step_avg:341.36ms
step:927/1450 train_time:316749ms step_avg:341.69ms
step:928/1450 train_time:317403ms step_avg:342.03ms
step:929/1450 train_time:318060ms step_avg:342.37ms
step:930/1450 train_time:318710ms step_avg:342.70ms
step:931/1450 train_time:319366ms step_avg:343.04ms
step:932/1450 train_time:320021ms step_avg:343.37ms
step:933/1450 train_time:320672ms step_avg:343.70ms
step:934/1450 train_time:321328ms step_avg:344.03ms
step:935/1450 train_time:321981ms step_avg:344.37ms
step:936/1450 train_time:322634ms step_avg:344.69ms
step:937/1450 train_time:323288ms step_avg:345.02ms
step:938/1450 train_time:323940ms step_avg:345.35ms
step:939/1450 train_time:324593ms step_avg:345.68ms
step:940/1450 train_time:325247ms step_avg:346.01ms
step:941/1450 train_time:325900ms step_avg:346.33ms
step:942/1450 train_time:326550ms step_avg:346.66ms
step:943/1450 train_time:327204ms step_avg:346.98ms
step:944/1450 train_time:327856ms step_avg:347.31ms
step:945/1450 train_time:328510ms step_avg:347.63ms
step:946/1450 train_time:329166ms step_avg:347.96ms
step:947/1450 train_time:329819ms step_avg:348.28ms
step:948/1450 train_time:330473ms step_avg:348.60ms
step:949/1450 train_time:331126ms step_avg:348.92ms
step:950/1450 train_time:331780ms step_avg:349.24ms
step:951/1450 train_time:332434ms step_avg:349.56ms
step:952/1450 train_time:333090ms step_avg:349.88ms
step:953/1450 train_time:333741ms step_avg:350.20ms
step:954/1450 train_time:334397ms step_avg:350.52ms
step:955/1450 train_time:335050ms step_avg:350.84ms
step:956/1450 train_time:335704ms step_avg:351.15ms
step:957/1450 train_time:336358ms step_avg:351.47ms
step:958/1450 train_time:337012ms step_avg:351.79ms
step:959/1450 train_time:337667ms step_avg:352.10ms
step:960/1450 train_time:338319ms step_avg:352.42ms
step:961/1450 train_time:338973ms step_avg:352.73ms
step:962/1450 train_time:339628ms step_avg:353.04ms
step:963/1450 train_time:340282ms step_avg:353.36ms
step:964/1450 train_time:340936ms step_avg:353.67ms
step:965/1450 train_time:341587ms step_avg:353.98ms
step:966/1450 train_time:342241ms step_avg:354.29ms
step:967/1450 train_time:342896ms step_avg:354.60ms
step:968/1450 train_time:343551ms step_avg:354.91ms
step:969/1450 train_time:344205ms step_avg:355.22ms
step:970/1450 train_time:344858ms step_avg:355.52ms
step:971/1450 train_time:345509ms step_avg:355.83ms
step:972/1450 train_time:346166ms step_avg:356.14ms
step:973/1450 train_time:346819ms step_avg:356.44ms
step:974/1450 train_time:347472ms step_avg:356.75ms
step:975/1450 train_time:348126ms step_avg:357.05ms
step:976/1450 train_time:348779ms step_avg:357.36ms
step:977/1450 train_time:349434ms step_avg:357.66ms
step:978/1450 train_time:350090ms step_avg:357.97ms
step:979/1450 train_time:350742ms step_avg:358.27ms
step:980/1450 train_time:351399ms step_avg:358.57ms
step:981/1450 train_time:352053ms step_avg:358.87ms
step:982/1450 train_time:352708ms step_avg:359.17ms
step:983/1450 train_time:353361ms step_avg:359.47ms
step:984/1450 train_time:354014ms step_avg:359.77ms
step:985/1450 train_time:354669ms step_avg:360.07ms
step:986/1450 train_time:355322ms step_avg:360.37ms
step:987/1450 train_time:355976ms step_avg:360.66ms
step:988/1450 train_time:356629ms step_avg:360.96ms
step:989/1450 train_time:357284ms step_avg:361.26ms
step:990/1450 train_time:357938ms step_avg:361.55ms
step:991/1450 train_time:358590ms step_avg:361.85ms
step:992/1450 train_time:359241ms step_avg:362.14ms
step:993/1450 train_time:359898ms step_avg:362.43ms
step:994/1450 train_time:360550ms step_avg:362.73ms
step:995/1450 train_time:361206ms step_avg:363.02ms
step:996/1450 train_time:361858ms step_avg:363.31ms
step:997/1450 train_time:362512ms step_avg:363.60ms
step:998/1450 train_time:363165ms step_avg:363.89ms
step:999/1450 train_time:363820ms step_avg:364.18ms
step:1000/1450 train_time:364474ms step_avg:364.47ms
step:1001/1450 train_time:365129ms step_avg:364.76ms
step:1002/1450 train_time:365782ms step_avg:365.05ms
step:1003/1450 train_time:366438ms step_avg:365.34ms
step:1004/1450 train_time:367091ms step_avg:365.63ms
step:1005/1450 train_time:367744ms step_avg:365.91ms
step:1006/1450 train_time:368401ms step_avg:366.20ms
step:1007/1450 train_time:369051ms step_avg:366.49ms
step:1008/1450 train_time:369706ms step_avg:366.77ms
step:1009/1450 train_time:370361ms step_avg:367.06ms
step:1010/1450 train_time:371012ms step_avg:367.34ms
step:1011/1450 train_time:371666ms step_avg:367.62ms
step:1012/1450 train_time:372319ms step_avg:367.90ms
step:1013/1450 train_time:372974ms step_avg:368.19ms
step:1014/1450 train_time:373627ms step_avg:368.47ms
step:1015/1450 train_time:374281ms step_avg:368.75ms
step:1016/1450 train_time:374931ms step_avg:369.03ms
step:1017/1450 train_time:375587ms step_avg:369.31ms
step:1018/1450 train_time:376241ms step_avg:369.59ms
step:1019/1450 train_time:376895ms step_avg:369.87ms
step:1020/1450 train_time:377548ms step_avg:370.15ms
step:1021/1450 train_time:378202ms step_avg:370.42ms
step:1022/1450 train_time:378855ms step_avg:370.70ms
step:1023/1450 train_time:379509ms step_avg:370.98ms
step:1024/1450 train_time:380160ms step_avg:371.25ms
step:1025/1450 train_time:380814ms step_avg:371.53ms
step:1026/1450 train_time:381468ms step_avg:371.80ms
step:1027/1450 train_time:382119ms step_avg:372.07ms
step:1028/1450 train_time:382776ms step_avg:372.35ms
step:1029/1450 train_time:383428ms step_avg:372.62ms
step:1030/1450 train_time:384082ms step_avg:372.89ms
step:1031/1450 train_time:384737ms step_avg:373.17ms
step:1032/1450 train_time:385389ms step_avg:373.44ms
step:1033/1450 train_time:386043ms step_avg:373.71ms
step:1034/1450 train_time:386698ms step_avg:373.98ms
step:1035/1450 train_time:387350ms step_avg:374.25ms
step:1036/1450 train_time:388004ms step_avg:374.52ms
step:1037/1450 train_time:388658ms step_avg:374.79ms
step:1038/1450 train_time:389311ms step_avg:375.06ms
step:1039/1450 train_time:389962ms step_avg:375.32ms
step:1040/1450 train_time:390616ms step_avg:375.59ms
step:1041/1450 train_time:391271ms step_avg:375.86ms
step:1042/1450 train_time:391923ms step_avg:376.13ms
step:1043/1450 train_time:392579ms step_avg:376.39ms
step:1044/1450 train_time:393232ms step_avg:376.66ms
step:1045/1450 train_time:393882ms step_avg:376.92ms
step:1046/1450 train_time:394533ms step_avg:377.18ms
step:1047/1450 train_time:395186ms step_avg:377.45ms
step:1048/1450 train_time:395839ms step_avg:377.71ms
step:1049/1450 train_time:396488ms step_avg:377.97ms
step:1050/1450 train_time:397145ms step_avg:378.23ms
step:1051/1450 train_time:397799ms step_avg:378.50ms
step:1052/1450 train_time:398451ms step_avg:378.76ms
step:1053/1450 train_time:399107ms step_avg:379.02ms
step:1054/1450 train_time:399756ms step_avg:379.28ms
step:1055/1450 train_time:400409ms step_avg:379.53ms
step:1056/1450 train_time:401065ms step_avg:379.80ms
step:1057/1450 train_time:401718ms step_avg:380.05ms
step:1058/1450 train_time:402370ms step_avg:380.31ms
step:1059/1450 train_time:403023ms step_avg:380.57ms
step:1060/1450 train_time:403679ms step_avg:380.83ms
step:1061/1450 train_time:404332ms step_avg:381.09ms
step:1062/1450 train_time:404989ms step_avg:381.35ms
step:1063/1450 train_time:405640ms step_avg:381.60ms
step:1064/1450 train_time:406293ms step_avg:381.85ms
step:1065/1450 train_time:406946ms step_avg:382.11ms
step:1066/1450 train_time:407599ms step_avg:382.36ms
step:1067/1450 train_time:408252ms step_avg:382.62ms
step:1068/1450 train_time:408907ms step_avg:382.87ms
step:1069/1450 train_time:409561ms step_avg:383.13ms
step:1070/1450 train_time:410211ms step_avg:383.38ms
step:1071/1450 train_time:410865ms step_avg:383.63ms
step:1072/1450 train_time:411519ms step_avg:383.88ms
step:1073/1450 train_time:412172ms step_avg:384.13ms
step:1074/1450 train_time:412827ms step_avg:384.38ms
step:1075/1450 train_time:413479ms step_avg:384.63ms
step:1076/1450 train_time:414132ms step_avg:384.88ms
step:1077/1450 train_time:414788ms step_avg:385.13ms
step:1078/1450 train_time:415441ms step_avg:385.38ms
step:1079/1450 train_time:416095ms step_avg:385.63ms
step:1080/1450 train_time:416749ms step_avg:385.88ms
step:1081/1450 train_time:417402ms step_avg:386.13ms
step:1082/1450 train_time:418055ms step_avg:386.37ms
step:1083/1450 train_time:418711ms step_avg:386.62ms
step:1084/1450 train_time:419365ms step_avg:386.87ms
step:1085/1450 train_time:420020ms step_avg:387.12ms
step:1086/1450 train_time:420673ms step_avg:387.36ms
step:1087/1450 train_time:421327ms step_avg:387.61ms
step:1088/1450 train_time:421982ms step_avg:387.85ms
step:1089/1450 train_time:422635ms step_avg:388.09ms
step:1090/1450 train_time:423289ms step_avg:388.34ms
step:1091/1450 train_time:423942ms step_avg:388.58ms
step:1092/1450 train_time:424594ms step_avg:388.82ms
step:1093/1450 train_time:425248ms step_avg:389.07ms
step:1094/1450 train_time:425901ms step_avg:389.31ms
step:1095/1450 train_time:426556ms step_avg:389.55ms
step:1096/1450 train_time:427211ms step_avg:389.79ms
step:1097/1450 train_time:427863ms step_avg:390.03ms
step:1098/1450 train_time:428515ms step_avg:390.27ms
step:1099/1450 train_time:429168ms step_avg:390.51ms
step:1100/1450 train_time:429819ms step_avg:390.74ms
step:1101/1450 train_time:430470ms step_avg:390.98ms
step:1102/1450 train_time:431124ms step_avg:391.22ms
step:1103/1450 train_time:431779ms step_avg:391.46ms
step:1104/1450 train_time:432429ms step_avg:391.69ms
step:1105/1450 train_time:433083ms step_avg:391.93ms
step:1106/1450 train_time:433735ms step_avg:392.17ms
step:1107/1450 train_time:434389ms step_avg:392.40ms
step:1108/1450 train_time:435042ms step_avg:392.64ms
step:1109/1450 train_time:435698ms step_avg:392.87ms
step:1110/1450 train_time:436350ms step_avg:393.11ms
step:1111/1450 train_time:437006ms step_avg:393.35ms
step:1112/1450 train_time:437661ms step_avg:393.58ms
step:1113/1450 train_time:438318ms step_avg:393.82ms
step:1114/1450 train_time:438970ms step_avg:394.05ms
step:1115/1450 train_time:439624ms step_avg:394.28ms
step:1116/1450 train_time:440280ms step_avg:394.52ms
step:1117/1450 train_time:440931ms step_avg:394.75ms
step:1118/1450 train_time:441584ms step_avg:394.98ms
step:1119/1450 train_time:442241ms step_avg:395.21ms
step:1120/1450 train_time:442895ms step_avg:395.44ms
step:1121/1450 train_time:443548ms step_avg:395.67ms
step:1122/1450 train_time:444202ms step_avg:395.90ms
step:1123/1450 train_time:444856ms step_avg:396.13ms
step:1124/1450 train_time:445510ms step_avg:396.36ms
step:1125/1450 train_time:446163ms step_avg:396.59ms
step:1126/1450 train_time:446819ms step_avg:396.82ms
step:1127/1450 train_time:447472ms step_avg:397.05ms
step:1128/1450 train_time:448126ms step_avg:397.27ms
step:1129/1450 train_time:448780ms step_avg:397.50ms
step:1130/1450 train_time:449433ms step_avg:397.73ms
step:1131/1450 train_time:450085ms step_avg:397.95ms
step:1132/1450 train_time:450738ms step_avg:398.18ms
step:1133/1450 train_time:451390ms step_avg:398.40ms
step:1134/1450 train_time:452045ms step_avg:398.63ms
step:1135/1450 train_time:452698ms step_avg:398.85ms
step:1136/1450 train_time:453359ms step_avg:399.08ms
step:1137/1450 train_time:454008ms step_avg:399.30ms
step:1138/1450 train_time:454661ms step_avg:399.53ms
step:1139/1450 train_time:455314ms step_avg:399.75ms
step:1140/1450 train_time:455968ms step_avg:399.97ms
step:1141/1450 train_time:456620ms step_avg:400.19ms
step:1142/1450 train_time:457270ms step_avg:400.41ms
step:1143/1450 train_time:457925ms step_avg:400.63ms
step:1144/1450 train_time:458578ms step_avg:400.85ms
step:1145/1450 train_time:459232ms step_avg:401.08ms
step:1146/1450 train_time:459887ms step_avg:401.30ms
step:1147/1450 train_time:460538ms step_avg:401.52ms
step:1148/1450 train_time:461191ms step_avg:401.73ms
step:1149/1450 train_time:461843ms step_avg:401.95ms
step:1150/1450 train_time:462500ms step_avg:402.17ms
step:1151/1450 train_time:463155ms step_avg:402.39ms
step:1152/1450 train_time:463809ms step_avg:402.61ms
step:1153/1450 train_time:464462ms step_avg:402.83ms
step:1154/1450 train_time:465120ms step_avg:403.05ms
step:1155/1450 train_time:465772ms step_avg:403.27ms
step:1156/1450 train_time:466424ms step_avg:403.48ms
step:1157/1450 train_time:467079ms step_avg:403.70ms
step:1158/1450 train_time:467733ms step_avg:403.91ms
step:1159/1450 train_time:468387ms step_avg:404.13ms
step:1160/1450 train_time:469040ms step_avg:404.34ms
step:1161/1450 train_time:469691ms step_avg:404.56ms
step:1162/1450 train_time:470346ms step_avg:404.77ms
step:1163/1450 train_time:470999ms step_avg:404.99ms
step:1164/1450 train_time:471651ms step_avg:405.20ms
step:1165/1450 train_time:472305ms step_avg:405.41ms
step:1166/1450 train_time:472959ms step_avg:405.63ms
step:1167/1450 train_time:473611ms step_avg:405.84ms
step:1168/1450 train_time:474267ms step_avg:406.05ms
step:1169/1450 train_time:474919ms step_avg:406.26ms
step:1170/1450 train_time:475570ms step_avg:406.47ms
step:1171/1450 train_time:476225ms step_avg:406.68ms
step:1172/1450 train_time:476880ms step_avg:406.89ms
step:1173/1450 train_time:477531ms step_avg:407.10ms
step:1174/1450 train_time:478186ms step_avg:407.31ms
step:1175/1450 train_time:478841ms step_avg:407.52ms
step:1176/1450 train_time:479495ms step_avg:407.73ms
step:1177/1450 train_time:480150ms step_avg:407.94ms
step:1178/1450 train_time:480804ms step_avg:408.15ms
step:1179/1450 train_time:481460ms step_avg:408.36ms
step:1180/1450 train_time:482114ms step_avg:408.57ms
step:1181/1450 train_time:482765ms step_avg:408.78ms
step:1182/1450 train_time:483419ms step_avg:408.98ms
step:1183/1450 train_time:484068ms step_avg:409.19ms
step:1184/1450 train_time:484722ms step_avg:409.39ms
step:1185/1450 train_time:485379ms step_avg:409.60ms
step:1186/1450 train_time:486032ms step_avg:409.81ms
step:1187/1450 train_time:486686ms step_avg:410.01ms
step:1188/1450 train_time:487339ms step_avg:410.22ms
step:1189/1450 train_time:487991ms step_avg:410.42ms
step:1190/1450 train_time:488645ms step_avg:410.63ms
step:1191/1450 train_time:489299ms step_avg:410.83ms
step:1192/1450 train_time:489952ms step_avg:411.03ms
step:1193/1450 train_time:490607ms step_avg:411.24ms
step:1194/1450 train_time:491261ms step_avg:411.44ms
step:1195/1450 train_time:491915ms step_avg:411.64ms
step:1196/1450 train_time:492568ms step_avg:411.85ms
step:1197/1450 train_time:493221ms step_avg:412.05ms
step:1198/1450 train_time:493874ms step_avg:412.25ms
step:1199/1450 train_time:494526ms step_avg:412.45ms
step:1200/1450 train_time:495181ms step_avg:412.65ms
step:1201/1450 train_time:495837ms step_avg:412.85ms
step:1202/1450 train_time:496490ms step_avg:413.05ms
step:1203/1450 train_time:497142ms step_avg:413.25ms
step:1204/1450 train_time:497797ms step_avg:413.45ms
step:1205/1450 train_time:498450ms step_avg:413.65ms
step:1206/1450 train_time:499105ms step_avg:413.85ms
step:1207/1450 train_time:499761ms step_avg:414.05ms
step:1208/1450 train_time:500413ms step_avg:414.25ms
step:1209/1450 train_time:501067ms step_avg:414.45ms
step:1210/1450 train_time:501719ms step_avg:414.64ms
step:1211/1450 train_time:502373ms step_avg:414.84ms
step:1212/1450 train_time:503029ms step_avg:415.04ms
step:1213/1450 train_time:503682ms step_avg:415.24ms
step:1214/1450 train_time:504337ms step_avg:415.43ms
step:1215/1450 train_time:504990ms step_avg:415.63ms
step:1216/1450 train_time:505644ms step_avg:415.83ms
step:1217/1450 train_time:506298ms step_avg:416.02ms
step:1218/1450 train_time:506951ms step_avg:416.22ms
step:1219/1450 train_time:507605ms step_avg:416.41ms
step:1220/1450 train_time:508259ms step_avg:416.61ms
step:1221/1450 train_time:508912ms step_avg:416.80ms
step:1222/1450 train_time:509563ms step_avg:416.99ms
step:1223/1450 train_time:510219ms step_avg:417.19ms
step:1224/1450 train_time:510869ms step_avg:417.38ms
step:1225/1450 train_time:511524ms step_avg:417.57ms
step:1226/1450 train_time:512178ms step_avg:417.76ms
step:1227/1450 train_time:512829ms step_avg:417.95ms
step:1228/1450 train_time:513485ms step_avg:418.15ms
step:1229/1450 train_time:514138ms step_avg:418.34ms
step:1230/1450 train_time:514792ms step_avg:418.53ms
step:1231/1450 train_time:515445ms step_avg:418.72ms
step:1232/1450 train_time:516101ms step_avg:418.91ms
step:1233/1450 train_time:516757ms step_avg:419.11ms
step:1234/1450 train_time:517410ms step_avg:419.30ms
step:1235/1450 train_time:518063ms step_avg:419.48ms
step:1236/1450 train_time:518718ms step_avg:419.67ms
step:1237/1450 train_time:519372ms step_avg:419.86ms
step:1238/1450 train_time:520026ms step_avg:420.05ms
step:1239/1450 train_time:520680ms step_avg:420.24ms
step:1240/1450 train_time:521334ms step_avg:420.43ms
step:1241/1450 train_time:521988ms step_avg:420.62ms
step:1242/1450 train_time:522642ms step_avg:420.81ms
step:1243/1450 train_time:523298ms step_avg:421.00ms
step:1244/1450 train_time:523948ms step_avg:421.18ms
step:1245/1450 train_time:524601ms step_avg:421.37ms
step:1246/1450 train_time:525253ms step_avg:421.55ms
step:1247/1450 train_time:525908ms step_avg:421.74ms
step:1248/1450 train_time:526558ms step_avg:421.92ms
step:1249/1450 train_time:527212ms step_avg:422.11ms
step:1250/1450 train_time:527865ms step_avg:422.29ms
step:1251/1450 train_time:528520ms step_avg:422.48ms
step:1252/1450 train_time:529174ms step_avg:422.66ms
step:1253/1450 train_time:529827ms step_avg:422.85ms
step:1254/1450 train_time:530480ms step_avg:423.03ms
step:1255/1450 train_time:531134ms step_avg:423.21ms
step:1256/1450 train_time:531788ms step_avg:423.40ms
step:1257/1450 train_time:532441ms step_avg:423.58ms
step:1258/1450 train_time:533093ms step_avg:423.76ms
step:1259/1450 train_time:533750ms step_avg:423.95ms
step:1260/1450 train_time:534402ms step_avg:424.13ms
step:1261/1450 train_time:535058ms step_avg:424.31ms
step:1262/1450 train_time:535711ms step_avg:424.49ms
step:1263/1450 train_time:536364ms step_avg:424.67ms
step:1264/1450 train_time:537020ms step_avg:424.86ms
step:1265/1450 train_time:537673ms step_avg:425.04ms
step:1266/1450 train_time:538327ms step_avg:425.22ms
step:1267/1450 train_time:538980ms step_avg:425.40ms
step:1268/1450 train_time:539631ms step_avg:425.58ms
step:1269/1450 train_time:540286ms step_avg:425.76ms
step:1270/1450 train_time:540940ms step_avg:425.94ms
step:1271/1450 train_time:541590ms step_avg:426.11ms
step:1272/1450 train_time:542245ms step_avg:426.29ms
step:1273/1450 train_time:542900ms step_avg:426.47ms
step:1274/1450 train_time:543551ms step_avg:426.65ms
step:1275/1450 train_time:544207ms step_avg:426.83ms
step:1276/1450 train_time:544860ms step_avg:427.01ms
step:1277/1450 train_time:545516ms step_avg:427.19ms
step:1278/1450 train_time:546170ms step_avg:427.36ms
step:1279/1450 train_time:546821ms step_avg:427.54ms
step:1280/1450 train_time:547478ms step_avg:427.72ms
step:1281/1450 train_time:548128ms step_avg:427.89ms
step:1282/1450 train_time:548782ms step_avg:428.07ms
step:1283/1450 train_time:549437ms step_avg:428.24ms
step:1284/1450 train_time:550090ms step_avg:428.42ms
step:1285/1450 train_time:550743ms step_avg:428.59ms
step:1286/1450 train_time:551398ms step_avg:428.77ms
step:1287/1450 train_time:552049ms step_avg:428.94ms
step:1288/1450 train_time:552702ms step_avg:429.12ms
step:1289/1450 train_time:553354ms step_avg:429.29ms
step:1290/1450 train_time:554010ms step_avg:429.46ms
step:1291/1450 train_time:554662ms step_avg:429.64ms
step:1292/1450 train_time:555315ms step_avg:429.81ms
step:1293/1450 train_time:555971ms step_avg:429.99ms
step:1294/1450 train_time:556622ms step_avg:430.16ms
step:1295/1450 train_time:557279ms step_avg:430.33ms
step:1296/1450 train_time:557932ms step_avg:430.50ms
step:1297/1450 train_time:558586ms step_avg:430.68ms
step:1298/1450 train_time:559240ms step_avg:430.85ms
step:1299/1450 train_time:559893ms step_avg:431.02ms
step:1300/1450 train_time:560545ms step_avg:431.19ms
step:1301/1450 train_time:561200ms step_avg:431.36ms
step:1302/1450 train_time:561854ms step_avg:431.53ms
step:1303/1450 train_time:562508ms step_avg:431.70ms
step:1304/1450 train_time:563163ms step_avg:431.87ms
step:1305/1450 train_time:563818ms step_avg:432.04ms
step:1306/1450 train_time:564471ms step_avg:432.21ms
step:1307/1450 train_time:565126ms step_avg:432.38ms
step:1308/1450 train_time:565779ms step_avg:432.55ms
step:1309/1450 train_time:566432ms step_avg:432.72ms
step:1310/1450 train_time:567086ms step_avg:432.89ms
step:1311/1450 train_time:567742ms step_avg:433.06ms
step:1312/1450 train_time:568392ms step_avg:433.23ms
step:1313/1450 train_time:569047ms step_avg:433.39ms
step:1314/1450 train_time:569701ms step_avg:433.56ms
step:1315/1450 train_time:570354ms step_avg:433.73ms
step:1316/1450 train_time:571008ms step_avg:433.90ms
step:1317/1450 train_time:571659ms step_avg:434.06ms
step:1318/1450 train_time:572311ms step_avg:434.23ms
step:1319/1450 train_time:572968ms step_avg:434.40ms
step:1320/1450 train_time:573618ms step_avg:434.56ms
step:1321/1450 train_time:574270ms step_avg:434.72ms
step:1322/1450 train_time:574925ms step_avg:434.89ms
step:1323/1450 train_time:575580ms step_avg:435.06ms
step:1324/1450 train_time:576231ms step_avg:435.22ms
step:1325/1450 train_time:576887ms step_avg:435.39ms
step:1326/1450 train_time:577537ms step_avg:435.55ms
step:1327/1450 train_time:578190ms step_avg:435.71ms
step:1328/1450 train_time:578847ms step_avg:435.88ms
step:1329/1450 train_time:579500ms step_avg:436.04ms
step:1330/1450 train_time:580150ms step_avg:436.20ms
step:1331/1450 train_time:580805ms step_avg:436.37ms
step:1332/1450 train_time:581455ms step_avg:436.53ms
step:1333/1450 train_time:582110ms step_avg:436.69ms
step:1334/1450 train_time:582764ms step_avg:436.85ms
step:1335/1450 train_time:583418ms step_avg:437.02ms
step:1336/1450 train_time:584071ms step_avg:437.18ms
step:1337/1450 train_time:584725ms step_avg:437.34ms
step:1338/1450 train_time:585381ms step_avg:437.50ms
step:1339/1450 train_time:586035ms step_avg:437.67ms
step:1340/1450 train_time:586688ms step_avg:437.83ms
step:1341/1450 train_time:587341ms step_avg:437.99ms
step:1342/1450 train_time:587993ms step_avg:438.15ms
step:1343/1450 train_time:588649ms step_avg:438.31ms
step:1344/1450 train_time:589301ms step_avg:438.47ms
step:1345/1450 train_time:589957ms step_avg:438.63ms
step:1346/1450 train_time:590609ms step_avg:438.79ms
step:1347/1450 train_time:591262ms step_avg:438.95ms
step:1348/1450 train_time:591914ms step_avg:439.11ms
step:1349/1450 train_time:592568ms step_avg:439.26ms
step:1350/1450 train_time:593222ms step_avg:439.42ms
step:1351/1450 train_time:593877ms step_avg:439.58ms
step:1352/1450 train_time:594531ms step_avg:439.74ms
step:1353/1450 train_time:595181ms step_avg:439.90ms
step:1354/1450 train_time:595832ms step_avg:440.05ms
step:1355/1450 train_time:596487ms step_avg:440.21ms
step:1356/1450 train_time:597139ms step_avg:440.37ms
step:1357/1450 train_time:597791ms step_avg:440.52ms
step:1358/1450 train_time:598444ms step_avg:440.68ms
step:1359/1450 train_time:599099ms step_avg:440.84ms
step:1360/1450 train_time:599750ms step_avg:440.99ms
step:1361/1450 train_time:600403ms step_avg:441.15ms
step:1362/1450 train_time:601056ms step_avg:441.30ms
step:1363/1450 train_time:601710ms step_avg:441.46ms
step:1364/1450 train_time:602366ms step_avg:441.62ms
step:1365/1450 train_time:603021ms step_avg:441.77ms
step:1366/1450 train_time:603673ms step_avg:441.93ms
step:1367/1450 train_time:604328ms step_avg:442.08ms
step:1368/1450 train_time:604980ms step_avg:442.24ms
step:1369/1450 train_time:605633ms step_avg:442.39ms
step:1370/1450 train_time:606288ms step_avg:442.55ms
step:1371/1450 train_time:606940ms step_avg:442.70ms
step:1372/1450 train_time:607591ms step_avg:442.85ms
step:1373/1450 train_time:608243ms step_avg:443.00ms
step:1374/1450 train_time:608896ms step_avg:443.16ms
step:1375/1450 train_time:609550ms step_avg:443.31ms
step:1376/1450 train_time:610210ms step_avg:443.47ms
step:1377/1450 train_time:610866ms step_avg:443.62ms
step:1378/1450 train_time:611523ms step_avg:443.78ms
step:1379/1450 train_time:612181ms step_avg:443.93ms
step:1380/1450 train_time:612835ms step_avg:444.08ms
step:1381/1450 train_time:613492ms step_avg:444.24ms
step:1382/1450 train_time:614148ms step_avg:444.39ms
step:1383/1450 train_time:614802ms step_avg:444.54ms
step:1384/1450 train_time:615463ms step_avg:444.70ms
step:1385/1450 train_time:616120ms step_avg:444.85ms
step:1385/1450 val_loss:3.3172 train_time:616217ms step_avg:444.92ms
step:1386/1450 train_time:616777ms step_avg:445.00ms
step:1386/1450 val_loss:3.3168 train_time:616877ms step_avg:445.08ms
step:1387/1450 train_time:617437ms step_avg:445.16ms
step:1387/1450 val_loss:3.3167 train_time:617534ms step_avg:445.23ms
step:1388/1450 train_time:618093ms step_avg:445.31ms
step:1388/1450 val_loss:3.3164 train_time:618192ms step_avg:445.38ms
step:1389/1450 train_time:618753ms step_avg:445.47ms
step:1389/1450 val_loss:3.3162 train_time:618850ms step_avg:445.54ms
step:1390/1450 train_time:619409ms step_avg:445.62ms
step:1390/1450 val_loss:3.3157 train_time:619509ms step_avg:445.69ms
step:1391/1450 train_time:620070ms step_avg:445.77ms
step:1391/1450 val_loss:3.3156 train_time:620167ms step_avg:445.84ms
step:1392/1450 train_time:620727ms step_avg:445.92ms
step:1392/1450 val_loss:3.3152 train_time:620827ms step_avg:446.00ms
step:1393/1450 train_time:621386ms step_avg:446.08ms
step:1393/1450 val_loss:3.3151 train_time:621483ms step_avg:446.15ms
step:1394/1450 train_time:622044ms step_avg:446.23ms
step:1394/1450 val_loss:3.3148 train_time:622143ms step_avg:446.30ms
step:1395/1450 train_time:622705ms step_avg:446.38ms
step:1395/1450 val_loss:3.3147 train_time:622802ms step_avg:446.45ms
step:1396/1450 train_time:623364ms step_avg:446.54ms
step:1396/1450 val_loss:3.3143 train_time:623464ms step_avg:446.61ms
step:1397/1450 train_time:624024ms step_avg:446.69ms
step:1397/1450 val_loss:3.3142 train_time:624121ms step_avg:446.76ms
step:1398/1450 train_time:624683ms step_avg:446.84ms
step:1398/1450 val_loss:3.3138 train_time:624782ms step_avg:446.91ms
step:1399/1450 train_time:625341ms step_avg:446.99ms
step:1399/1450 val_loss:3.3138 train_time:625440ms step_avg:447.06ms
step:1400/1450 train_time:626004ms step_avg:447.15ms
step:1400/1450 val_loss:3.3135 train_time:626103ms step_avg:447.22ms
step:1401/1450 train_time:626662ms step_avg:447.30ms
step:1401/1450 val_loss:3.3133 train_time:626760ms step_avg:447.37ms
step:1402/1450 train_time:627319ms step_avg:447.45ms
step:1402/1450 val_loss:3.3130 train_time:627417ms step_avg:447.52ms
step:1403/1450 train_time:627974ms step_avg:447.59ms
step:1403/1450 val_loss:3.3129 train_time:628069ms step_avg:447.66ms
step:1404/1450 train_time:628626ms step_avg:447.74ms
step:1404/1450 val_loss:3.3126 train_time:628726ms step_avg:447.81ms
step:1405/1450 train_time:629284ms step_avg:447.89ms
step:1405/1450 val_loss:3.3125 train_time:629381ms step_avg:447.96ms
step:1406/1450 train_time:629938ms step_avg:448.04ms
step:1406/1450 val_loss:3.3120 train_time:630037ms step_avg:448.11ms
step:1407/1450 train_time:630596ms step_avg:448.19ms
step:1407/1450 val_loss:3.3119 train_time:630694ms step_avg:448.25ms
step:1408/1450 train_time:631257ms step_avg:448.34ms
step:1408/1450 val_loss:3.3116 train_time:631357ms step_avg:448.41ms
step:1409/1450 train_time:631914ms step_avg:448.48ms
step:1409/1450 val_loss:3.3114 train_time:632010ms step_avg:448.55ms
step:1410/1450 train_time:632569ms step_avg:448.63ms
step:1410/1450 val_loss:3.3110 train_time:632668ms step_avg:448.70ms
step:1411/1450 train_time:633231ms step_avg:448.78ms
step:1411/1450 val_loss:3.3108 train_time:633328ms step_avg:448.85ms
step:1412/1450 train_time:633889ms step_avg:448.93ms
step:1412/1450 val_loss:3.3105 train_time:633988ms step_avg:449.00ms
step:1413/1450 train_time:634547ms step_avg:449.08ms
step:1413/1450 val_loss:3.3104 train_time:634645ms step_avg:449.15ms
step:1414/1450 train_time:635203ms step_avg:449.22ms
step:1414/1450 val_loss:3.3101 train_time:635303ms step_avg:449.30ms
step:1415/1450 train_time:635862ms step_avg:449.37ms
step:1415/1450 val_loss:3.3099 train_time:635958ms step_avg:449.44ms
step:1416/1450 train_time:636517ms step_avg:449.52ms
step:1416/1450 val_loss:3.3096 train_time:636617ms step_avg:449.59ms
step:1417/1450 train_time:637177ms step_avg:449.67ms
step:1417/1450 val_loss:3.3094 train_time:637274ms step_avg:449.73ms
step:1418/1450 train_time:637834ms step_avg:449.81ms
step:1418/1450 val_loss:3.3091 train_time:637933ms step_avg:449.88ms
step:1419/1450 train_time:638493ms step_avg:449.96ms
step:1419/1450 val_loss:3.3089 train_time:638590ms step_avg:450.03ms
step:1420/1450 train_time:639151ms step_avg:450.11ms
step:1420/1450 val_loss:3.3086 train_time:639250ms step_avg:450.18ms
step:1421/1450 train_time:639807ms step_avg:450.25ms
step:1421/1450 val_loss:3.3085 train_time:639904ms step_avg:450.32ms
step:1422/1450 train_time:640463ms step_avg:450.40ms
step:1422/1450 val_loss:3.3082 train_time:640562ms step_avg:450.47ms
step:1423/1450 train_time:641120ms step_avg:450.54ms
step:1423/1450 val_loss:3.3081 train_time:641216ms step_avg:450.61ms
step:1424/1450 train_time:641775ms step_avg:450.68ms
step:1424/1450 val_loss:3.3079 train_time:641874ms step_avg:450.75ms
step:1425/1450 train_time:642433ms step_avg:450.83ms
step:1425/1450 val_loss:3.3077 train_time:642529ms step_avg:450.90ms
step:1426/1450 train_time:643090ms step_avg:450.97ms
step:1426/1450 val_loss:3.3075 train_time:643189ms step_avg:451.04ms
step:1427/1450 train_time:643747ms step_avg:451.12ms
step:1427/1450 val_loss:3.3073 train_time:643844ms step_avg:451.19ms
step:1428/1450 train_time:644405ms step_avg:451.26ms
step:1428/1450 val_loss:3.3069 train_time:644505ms step_avg:451.33ms
step:1429/1450 train_time:645062ms step_avg:451.41ms
step:1429/1450 val_loss:3.3068 train_time:645159ms step_avg:451.48ms
step:1430/1450 train_time:645716ms step_avg:451.55ms
step:1430/1450 val_loss:3.3065 train_time:645815ms step_avg:451.62ms
step:1431/1450 train_time:646372ms step_avg:451.69ms
step:1431/1450 val_loss:3.3064 train_time:646470ms step_avg:451.76ms
step:1432/1450 train_time:647031ms step_avg:451.84ms
step:1432/1450 val_loss:3.3061 train_time:647130ms step_avg:451.91ms
step:1433/1450 train_time:647687ms step_avg:451.98ms
step:1433/1450 val_loss:3.3060 train_time:647784ms step_avg:452.05ms
step:1434/1450 train_time:648347ms step_avg:452.13ms
step:1434/1450 val_loss:3.3058 train_time:648447ms step_avg:452.19ms
step:1435/1450 train_time:649011ms step_avg:452.27ms
step:1435/1450 val_loss:3.3057 train_time:649108ms step_avg:452.34ms
step:1436/1450 train_time:649668ms step_avg:452.41ms
step:1436/1450 val_loss:3.3055 train_time:649766ms step_avg:452.48ms
step:1437/1450 train_time:650329ms step_avg:452.56ms
step:1437/1450 val_loss:3.3054 train_time:650426ms step_avg:452.63ms
step:1438/1450 train_time:650990ms step_avg:452.70ms
step:1438/1450 val_loss:3.3051 train_time:651088ms step_avg:452.77ms
step:1439/1450 train_time:651648ms step_avg:452.85ms
step:1439/1450 val_loss:3.3050 train_time:651745ms step_avg:452.91ms
step:1440/1450 train_time:652303ms step_avg:452.99ms
step:1440/1450 val_loss:3.3048 train_time:652402ms step_avg:453.06ms
step:1441/1450 train_time:652966ms step_avg:453.13ms
step:1441/1450 val_loss:3.3046 train_time:653062ms step_avg:453.20ms
step:1442/1450 train_time:653622ms step_avg:453.27ms
step:1442/1450 val_loss:3.3044 train_time:653722ms step_avg:453.34ms
step:1443/1450 train_time:654280ms step_avg:453.42ms
step:1443/1450 val_loss:3.3042 train_time:654376ms step_avg:453.48ms
step:1444/1450 train_time:654938ms step_avg:453.56ms
step:1444/1450 val_loss:3.3040 train_time:655038ms step_avg:453.63ms
step:1445/1450 train_time:655597ms step_avg:453.70ms
step:1445/1450 val_loss:3.3039 train_time:655694ms step_avg:453.77ms
step:1446/1450 train_time:656257ms step_avg:453.84ms
step:1446/1450 val_loss:3.3037 train_time:656358ms step_avg:453.91ms
step:1447/1450 train_time:656915ms step_avg:453.98ms
step:1447/1450 val_loss:3.3036 train_time:657013ms step_avg:454.05ms
step:1448/1450 train_time:657573ms step_avg:454.12ms
step:1448/1450 val_loss:3.3033 train_time:657673ms step_avg:454.19ms
step:1449/1450 train_time:658231ms step_avg:454.27ms
step:1449/1450 val_loss:3.3032 train_time:658327ms step_avg:454.33ms
step:1450/1450 train_time:658888ms step_avg:454.41ms
step:1450/1450 val_loss:3.3001 train_time:658988ms step_avg:454.47ms
[rank0]: Traceback (most recent call last):
[rank0]:   File "/opt/conda/envs/nanogpt210/lib/python3.12/site-packages/torch/serialization.py", line 977, in save
[rank0]:     _save(
[rank0]:   File "/opt/conda/envs/nanogpt210/lib/python3.12/site-packages/torch/serialization.py", line 1286, in _save
[rank0]:     zip_file.write_record(name, storage, num_bytes)
[rank0]: RuntimeError: basic_ios::clear: iostream error

[rank0]: During handling of the above exception, another exception occurred:

[rank0]: Traceback (most recent call last):
[rank0]:   File "/root/modded-nanogpt/train_gpt.py", line 3320, in <module>
[rank0]:     torch.save(optimizer_log, _rank_optimizer_checkpoint_path(checkpoint_path, rank))
[rank0]:   File "/opt/conda/envs/nanogpt210/lib/python3.12/site-packages/torch/serialization.py", line 976, in save
[rank0]:     with _open_zipfile_writer(f) as opened_zipfile:
[rank0]:          ^^^^^^^^^^^^^^^^^^^^^^^
[rank0]:   File "/opt/conda/envs/nanogpt210/lib/python3.12/site-packages/torch/serialization.py", line 808, in __exit__
[rank0]:     self.file_like.write_end_of_file()
[rank0]: RuntimeError: [enforce fail at inline_container.cc:668] . unexpected pos 2646132800 vs 2646132672
[rank0]:[W526 05:11:10.019785138 ProcessGroupNCCL.cpp:1553] Warning: WARNING: destroy_process_group() was not called before program exit, which can leak resources. For more info, please see https://pytorch.org/docs/stable/distributed.html#shutdown (function operator())
E0526 05:11:13.893000 47 site-packages/torch/distributed/elastic/multiprocessing/api.py:984] failed (exitcode: 1) local_rank: 0 (pid: 68) of binary: /opt/conda/envs/nanogpt210/bin/python
Traceback (most recent call last):
  File "/opt/conda/envs/nanogpt210/bin/torchrun", line 6, in <module>
    sys.exit(main())
             ^^^^^^
  File "/opt/conda/envs/nanogpt210/lib/python3.12/site-packages/torch/distributed/elastic/multiprocessing/errors/__init__.py", line 362, in wrapper
    return f(*args, **kwargs)
           ^^^^^^^^^^^^^^^^^^
  File "/opt/conda/envs/nanogpt210/lib/python3.12/site-packages/torch/distributed/run.py", line 991, in main
    run(args)
  File "/opt/conda/envs/nanogpt210/lib/python3.12/site-packages/torch/distributed/run.py", line 982, in run
    elastic_launch(
  File "/opt/conda/envs/nanogpt210/lib/python3.12/site-packages/torch/distributed/launcher/api.py", line 170, in __call__
    return launch_agent(self._config, self._entrypoint, list(args))
           ^^^^^^^^^^^^^^^^^^^^^^^^^^^^^^^^^^^^^^^^^^^^^^^^^^^^^^^^
  File "/opt/conda/envs/nanogpt210/lib/python3.12/site-packages/torch/distributed/launcher/api.py", line 317, in launch_agent
    raise ChildFailedError(
torch.distributed.elastic.multiprocessing.errors.ChildFailedError: 
============================================================
train_gpt.py FAILED
------------------------------------------------------------
Failures:
  <NO_OTHER_FAILURES>
------------------------------------------------------------
Root Cause (first observed failure):
[0]:
  time      : 2026-05-26_05:11:13
  host      : ebd16b1c5c004cf5
  rank      : 0 (local_rank: 0)
  exitcode  : 1 (pid: 68)
  error_file: <N/A>
  traceback : To enable traceback see: https://pytorch.org/docs/stable/elastic/errors.html
============================================================
