[Gloo] Rank 0 is connected to 0 peer ranks. Expected number of connected peer ranks is : 0
Fetching 4 files:   0%|          | 0/4 [00:00<?, ?it/s]Fetching 4 files: 100%|██████████| 4/4 [00:00<00:00, 2997.54it/s]
logs/omd-no-attn-gate-stop328-1450-20260525_225601.txt
Compiling model and warming up kernels (~7 minutes on first execution)
Sampling steps [0, 1, 456, 457, 458, 459, 915, 916, 917, 918, 1373, 1374, 1375, 1376] for warmup
Resetting Model
Capping training loop at 1450 optimizer steps
step:1/1450 train_time:241ms step_avg:241.09ms
step:2/1450 train_time:478ms step_avg:239.13ms
step:3/1450 train_time:717ms step_avg:238.86ms
step:4/1450 train_time:954ms step_avg:238.59ms
step:5/1450 train_time:1197ms step_avg:239.40ms
step:6/1450 train_time:1440ms step_avg:239.93ms
step:7/1450 train_time:1679ms step_avg:239.89ms
step:8/1450 train_time:1919ms step_avg:239.82ms
step:9/1450 train_time:2161ms step_avg:240.16ms
step:10/1450 train_time:2403ms step_avg:240.27ms
step:11/1450 train_time:2643ms step_avg:240.30ms
step:12/1450 train_time:2883ms step_avg:240.24ms
step:13/1450 train_time:3124ms step_avg:240.27ms
step:14/1450 train_time:3364ms step_avg:240.29ms
step:15/1450 train_time:3606ms step_avg:240.40ms
step:16/1450 train_time:3847ms step_avg:240.43ms
step:17/1450 train_time:4089ms step_avg:240.54ms
step:18/1450 train_time:4332ms step_avg:240.64ms
step:19/1450 train_time:4573ms step_avg:240.69ms
step:20/1450 train_time:4814ms step_avg:240.68ms
step:21/1450 train_time:5055ms step_avg:240.73ms
step:22/1450 train_time:5298ms step_avg:240.81ms
step:23/1450 train_time:5540ms step_avg:240.86ms
step:24/1450 train_time:5781ms step_avg:240.87ms
step:25/1450 train_time:6022ms step_avg:240.89ms
step:26/1450 train_time:6263ms step_avg:240.89ms
step:27/1450 train_time:6507ms step_avg:241.00ms
step:28/1450 train_time:6749ms step_avg:241.03ms
step:29/1450 train_time:6992ms step_avg:241.09ms
step:30/1450 train_time:7232ms step_avg:241.07ms
step:31/1450 train_time:7474ms step_avg:241.09ms
step:32/1450 train_time:7714ms step_avg:241.07ms
step:33/1450 train_time:7957ms step_avg:241.12ms
step:34/1450 train_time:8198ms step_avg:241.11ms
step:35/1450 train_time:8440ms step_avg:241.15ms
step:36/1450 train_time:8682ms step_avg:241.17ms
step:37/1450 train_time:8924ms step_avg:241.19ms
step:38/1450 train_time:9164ms step_avg:241.15ms
step:39/1450 train_time:9405ms step_avg:241.16ms
step:40/1450 train_time:9646ms step_avg:241.15ms
step:41/1450 train_time:9888ms step_avg:241.18ms
step:42/1450 train_time:10129ms step_avg:241.16ms
step:43/1450 train_time:10371ms step_avg:241.18ms
step:44/1450 train_time:10611ms step_avg:241.17ms
step:45/1450 train_time:10852ms step_avg:241.16ms
step:46/1450 train_time:11092ms step_avg:241.13ms
step:47/1450 train_time:11335ms step_avg:241.18ms
step:48/1450 train_time:11576ms step_avg:241.17ms
step:49/1450 train_time:11817ms step_avg:241.16ms
step:50/1450 train_time:12057ms step_avg:241.13ms
step:51/1450 train_time:12298ms step_avg:241.13ms
step:52/1450 train_time:12539ms step_avg:241.14ms
step:53/1450 train_time:12781ms step_avg:241.16ms
step:54/1450 train_time:13022ms step_avg:241.14ms
step:55/1450 train_time:13263ms step_avg:241.14ms
step:56/1450 train_time:13502ms step_avg:241.11ms
step:57/1450 train_time:13744ms step_avg:241.13ms
step:58/1450 train_time:13985ms step_avg:241.12ms
step:59/1450 train_time:14226ms step_avg:241.13ms
step:60/1450 train_time:14466ms step_avg:241.11ms
step:61/1450 train_time:14708ms step_avg:241.12ms
step:62/1450 train_time:14950ms step_avg:241.14ms
step:63/1450 train_time:15192ms step_avg:241.14ms
step:64/1450 train_time:15432ms step_avg:241.13ms
step:65/1450 train_time:15674ms step_avg:241.14ms
step:66/1450 train_time:15914ms step_avg:241.12ms
step:67/1450 train_time:16156ms step_avg:241.14ms
step:68/1450 train_time:16397ms step_avg:241.14ms
step:69/1450 train_time:16640ms step_avg:241.16ms
step:70/1450 train_time:16881ms step_avg:241.16ms
step:71/1450 train_time:17123ms step_avg:241.17ms
step:72/1450 train_time:17363ms step_avg:241.16ms
step:73/1450 train_time:17606ms step_avg:241.18ms
step:74/1450 train_time:17847ms step_avg:241.17ms
step:75/1450 train_time:18089ms step_avg:241.19ms
step:76/1450 train_time:18331ms step_avg:241.20ms
step:77/1450 train_time:18574ms step_avg:241.22ms
step:78/1450 train_time:18814ms step_avg:241.21ms
step:79/1450 train_time:19056ms step_avg:241.22ms
step:80/1450 train_time:19297ms step_avg:241.21ms
step:81/1450 train_time:19541ms step_avg:241.25ms
step:82/1450 train_time:19782ms step_avg:241.25ms
step:83/1450 train_time:20024ms step_avg:241.25ms
step:84/1450 train_time:20265ms step_avg:241.24ms
step:85/1450 train_time:20508ms step_avg:241.27ms
step:86/1450 train_time:20750ms step_avg:241.28ms
step:87/1450 train_time:20992ms step_avg:241.29ms
step:88/1450 train_time:21233ms step_avg:241.29ms
step:89/1450 train_time:21475ms step_avg:241.29ms
step:90/1450 train_time:21717ms step_avg:241.30ms
step:91/1450 train_time:21960ms step_avg:241.32ms
step:92/1450 train_time:22203ms step_avg:241.33ms
step:93/1450 train_time:22446ms step_avg:241.36ms
step:94/1450 train_time:22688ms step_avg:241.36ms
step:95/1450 train_time:22931ms step_avg:241.38ms
step:96/1450 train_time:23172ms step_avg:241.37ms
step:97/1450 train_time:23414ms step_avg:241.39ms
step:98/1450 train_time:23655ms step_avg:241.37ms
step:99/1450 train_time:23897ms step_avg:241.38ms
step:100/1450 train_time:24138ms step_avg:241.38ms
step:101/1450 train_time:24382ms step_avg:241.41ms
step:102/1450 train_time:24623ms step_avg:241.40ms
step:103/1450 train_time:24865ms step_avg:241.41ms
step:104/1450 train_time:25106ms step_avg:241.41ms
step:105/1450 train_time:25350ms step_avg:241.42ms
step:106/1450 train_time:25592ms step_avg:241.43ms
step:107/1450 train_time:25834ms step_avg:241.44ms
step:108/1450 train_time:26074ms step_avg:241.43ms
step:109/1450 train_time:26318ms step_avg:241.45ms
step:110/1450 train_time:26560ms step_avg:241.46ms
step:111/1450 train_time:26802ms step_avg:241.46ms
step:112/1450 train_time:27045ms step_avg:241.47ms
step:113/1450 train_time:27288ms step_avg:241.49ms
step:114/1450 train_time:27530ms step_avg:241.50ms
step:115/1450 train_time:27773ms step_avg:241.50ms
step:116/1450 train_time:28014ms step_avg:241.50ms
step:117/1450 train_time:28256ms step_avg:241.50ms
step:118/1450 train_time:28498ms step_avg:241.51ms
step:119/1450 train_time:28742ms step_avg:241.53ms
step:120/1450 train_time:28984ms step_avg:241.53ms
step:121/1450 train_time:29227ms step_avg:241.54ms
step:122/1450 train_time:29470ms step_avg:241.56ms
step:123/1450 train_time:29713ms step_avg:241.57ms
step:124/1450 train_time:29955ms step_avg:241.57ms
step:125/1450 train_time:30198ms step_avg:241.59ms
step:126/1450 train_time:30441ms step_avg:241.59ms
step:127/1450 train_time:30684ms step_avg:241.61ms
step:128/1450 train_time:30926ms step_avg:241.61ms
step:129/1450 train_time:31170ms step_avg:241.62ms
step:130/1450 train_time:31412ms step_avg:241.63ms
step:131/1450 train_time:31655ms step_avg:241.64ms
step:132/1450 train_time:31896ms step_avg:241.64ms
step:133/1450 train_time:32139ms step_avg:241.65ms
step:134/1450 train_time:32382ms step_avg:241.65ms
step:135/1450 train_time:32625ms step_avg:241.67ms
step:136/1450 train_time:32867ms step_avg:241.67ms
step:137/1450 train_time:33110ms step_avg:241.68ms
step:138/1450 train_time:33352ms step_avg:241.68ms
step:139/1450 train_time:33595ms step_avg:241.69ms
step:140/1450 train_time:33837ms step_avg:241.69ms
step:141/1450 train_time:34081ms step_avg:241.71ms
step:142/1450 train_time:34323ms step_avg:241.71ms
step:143/1450 train_time:34566ms step_avg:241.72ms
step:144/1450 train_time:34808ms step_avg:241.72ms
step:145/1450 train_time:35052ms step_avg:241.74ms
step:146/1450 train_time:35293ms step_avg:241.73ms
step:147/1450 train_time:35537ms step_avg:241.75ms
step:148/1450 train_time:35779ms step_avg:241.75ms
step:149/1450 train_time:36022ms step_avg:241.76ms
step:150/1450 train_time:36263ms step_avg:241.75ms
step:151/1450 train_time:36506ms step_avg:241.76ms
step:152/1450 train_time:36749ms step_avg:241.77ms
step:153/1450 train_time:36992ms step_avg:241.78ms
step:154/1450 train_time:37234ms step_avg:241.78ms
step:155/1450 train_time:37477ms step_avg:241.79ms
step:156/1450 train_time:37719ms step_avg:241.79ms
step:157/1450 train_time:37962ms step_avg:241.80ms
step:158/1450 train_time:38205ms step_avg:241.80ms
step:159/1450 train_time:38448ms step_avg:241.81ms
step:160/1450 train_time:38690ms step_avg:241.81ms
step:161/1450 train_time:38932ms step_avg:241.82ms
step:162/1450 train_time:39174ms step_avg:241.81ms
step:163/1450 train_time:39417ms step_avg:241.82ms
step:164/1450 train_time:39659ms step_avg:241.82ms
step:165/1450 train_time:39902ms step_avg:241.83ms
step:166/1450 train_time:40145ms step_avg:241.84ms
step:167/1450 train_time:40389ms step_avg:241.85ms
step:168/1450 train_time:40633ms step_avg:241.86ms
step:169/1450 train_time:40873ms step_avg:241.85ms
step:170/1450 train_time:41115ms step_avg:241.85ms
step:171/1450 train_time:41359ms step_avg:241.87ms
step:172/1450 train_time:41602ms step_avg:241.87ms
step:173/1450 train_time:41846ms step_avg:241.88ms
step:174/1450 train_time:42088ms step_avg:241.88ms
step:175/1450 train_time:42331ms step_avg:241.89ms
step:176/1450 train_time:42572ms step_avg:241.89ms
step:177/1450 train_time:42815ms step_avg:241.89ms
step:178/1450 train_time:43056ms step_avg:241.89ms
step:179/1450 train_time:43299ms step_avg:241.90ms
step:180/1450 train_time:43542ms step_avg:241.90ms
step:181/1450 train_time:43786ms step_avg:241.91ms
step:182/1450 train_time:44028ms step_avg:241.91ms
step:183/1450 train_time:44271ms step_avg:241.92ms
step:184/1450 train_time:44513ms step_avg:241.92ms
step:185/1450 train_time:44755ms step_avg:241.92ms
step:186/1450 train_time:44996ms step_avg:241.91ms
step:187/1450 train_time:45239ms step_avg:241.92ms
step:188/1450 train_time:45482ms step_avg:241.92ms
step:189/1450 train_time:45726ms step_avg:241.93ms
step:190/1450 train_time:45967ms step_avg:241.93ms
step:191/1450 train_time:46211ms step_avg:241.94ms
step:192/1450 train_time:46452ms step_avg:241.94ms
step:193/1450 train_time:46696ms step_avg:241.95ms
step:194/1450 train_time:46938ms step_avg:241.95ms
step:195/1450 train_time:47181ms step_avg:241.95ms
step:196/1450 train_time:47423ms step_avg:241.95ms
step:197/1450 train_time:47667ms step_avg:241.96ms
step:198/1450 train_time:47909ms step_avg:241.96ms
step:199/1450 train_time:48152ms step_avg:241.97ms
step:200/1450 train_time:48394ms step_avg:241.97ms
step:201/1450 train_time:48637ms step_avg:241.97ms
step:202/1450 train_time:48880ms step_avg:241.98ms
step:203/1450 train_time:49122ms step_avg:241.98ms
step:204/1450 train_time:49364ms step_avg:241.98ms
step:205/1450 train_time:49607ms step_avg:241.99ms
step:206/1450 train_time:49850ms step_avg:241.99ms
step:207/1450 train_time:50093ms step_avg:241.99ms
step:208/1450 train_time:50334ms step_avg:241.99ms
step:209/1450 train_time:50577ms step_avg:242.00ms
step:210/1450 train_time:50820ms step_avg:242.00ms
step:211/1450 train_time:51064ms step_avg:242.01ms
step:212/1450 train_time:51305ms step_avg:242.00ms
step:213/1450 train_time:51548ms step_avg:242.01ms
step:214/1450 train_time:51790ms step_avg:242.01ms
step:215/1450 train_time:52033ms step_avg:242.01ms
step:216/1450 train_time:52274ms step_avg:242.01ms
step:217/1450 train_time:52518ms step_avg:242.02ms
step:218/1450 train_time:52760ms step_avg:242.02ms
step:219/1450 train_time:53004ms step_avg:242.03ms
step:220/1450 train_time:53245ms step_avg:242.02ms
step:221/1450 train_time:53489ms step_avg:242.03ms
step:222/1450 train_time:53730ms step_avg:242.03ms
step:223/1450 train_time:53973ms step_avg:242.03ms
step:224/1450 train_time:54215ms step_avg:242.03ms
step:225/1450 train_time:54459ms step_avg:242.04ms
step:226/1450 train_time:54702ms step_avg:242.04ms
step:227/1450 train_time:54945ms step_avg:242.05ms
step:228/1450 train_time:55188ms step_avg:242.05ms
step:229/1450 train_time:55431ms step_avg:242.06ms
step:230/1450 train_time:55673ms step_avg:242.06ms
step:231/1450 train_time:55917ms step_avg:242.07ms
step:232/1450 train_time:56160ms step_avg:242.07ms
step:233/1450 train_time:56403ms step_avg:242.07ms
step:234/1450 train_time:56645ms step_avg:242.07ms
step:235/1450 train_time:56889ms step_avg:242.08ms
step:236/1450 train_time:57132ms step_avg:242.08ms
step:237/1450 train_time:57375ms step_avg:242.09ms
step:238/1450 train_time:57615ms step_avg:242.08ms
step:239/1450 train_time:57859ms step_avg:242.09ms
step:240/1450 train_time:58101ms step_avg:242.09ms
step:241/1450 train_time:58345ms step_avg:242.09ms
step:242/1450 train_time:58587ms step_avg:242.10ms
step:243/1450 train_time:58830ms step_avg:242.10ms
step:244/1450 train_time:59072ms step_avg:242.10ms
step:245/1450 train_time:59315ms step_avg:242.10ms
step:246/1450 train_time:59556ms step_avg:242.10ms
step:247/1450 train_time:59799ms step_avg:242.10ms
step:248/1450 train_time:60042ms step_avg:242.10ms
step:249/1450 train_time:60286ms step_avg:242.11ms
step:250/1450 train_time:60528ms step_avg:242.11ms
step:251/1450 train_time:60770ms step_avg:242.11ms
step:252/1450 train_time:61012ms step_avg:242.11ms
step:253/1450 train_time:61256ms step_avg:242.12ms
step:254/1450 train_time:61497ms step_avg:242.12ms
step:255/1450 train_time:61741ms step_avg:242.12ms
step:256/1450 train_time:61983ms step_avg:242.12ms
step:257/1450 train_time:62226ms step_avg:242.13ms
step:258/1450 train_time:62469ms step_avg:242.13ms
step:259/1450 train_time:62712ms step_avg:242.13ms
step:260/1450 train_time:62953ms step_avg:242.13ms
step:261/1450 train_time:63196ms step_avg:242.13ms
step:262/1450 train_time:63439ms step_avg:242.13ms
step:263/1450 train_time:63683ms step_avg:242.14ms
step:264/1450 train_time:63925ms step_avg:242.14ms
step:265/1450 train_time:64168ms step_avg:242.14ms
step:266/1450 train_time:64410ms step_avg:242.14ms
step:267/1450 train_time:64653ms step_avg:242.15ms
step:268/1450 train_time:64894ms step_avg:242.14ms
step:269/1450 train_time:65137ms step_avg:242.15ms
step:270/1450 train_time:65380ms step_avg:242.15ms
step:271/1450 train_time:65624ms step_avg:242.15ms
step:272/1450 train_time:65866ms step_avg:242.15ms
step:273/1450 train_time:66109ms step_avg:242.16ms
step:274/1450 train_time:66352ms step_avg:242.16ms
step:275/1450 train_time:66596ms step_avg:242.17ms
step:276/1450 train_time:66838ms step_avg:242.17ms
step:277/1450 train_time:67082ms step_avg:242.17ms
step:278/1450 train_time:67324ms step_avg:242.17ms
step:279/1450 train_time:67567ms step_avg:242.18ms
step:280/1450 train_time:67810ms step_avg:242.18ms
step:281/1450 train_time:68053ms step_avg:242.18ms
step:282/1450 train_time:68296ms step_avg:242.19ms
step:283/1450 train_time:68538ms step_avg:242.18ms
step:284/1450 train_time:68780ms step_avg:242.18ms
step:285/1450 train_time:69024ms step_avg:242.19ms
step:286/1450 train_time:69265ms step_avg:242.19ms
step:287/1450 train_time:69508ms step_avg:242.19ms
step:288/1450 train_time:69751ms step_avg:242.19ms
step:289/1450 train_time:69995ms step_avg:242.20ms
step:290/1450 train_time:70237ms step_avg:242.20ms
step:291/1450 train_time:70481ms step_avg:242.20ms
step:292/1450 train_time:70725ms step_avg:242.21ms
step:293/1450 train_time:70968ms step_avg:242.21ms
step:294/1450 train_time:71212ms step_avg:242.22ms
step:295/1450 train_time:71453ms step_avg:242.21ms
step:296/1450 train_time:71695ms step_avg:242.21ms
step:297/1450 train_time:71937ms step_avg:242.21ms
step:298/1450 train_time:72181ms step_avg:242.22ms
step:299/1450 train_time:72424ms step_avg:242.22ms
step:300/1450 train_time:72666ms step_avg:242.22ms
step:301/1450 train_time:72909ms step_avg:242.22ms
step:302/1450 train_time:73152ms step_avg:242.22ms
step:303/1450 train_time:73395ms step_avg:242.23ms
step:304/1450 train_time:73635ms step_avg:242.22ms
step:305/1450 train_time:73879ms step_avg:242.23ms
step:306/1450 train_time:74122ms step_avg:242.23ms
step:307/1450 train_time:74366ms step_avg:242.23ms
step:308/1450 train_time:74608ms step_avg:242.23ms
step:309/1450 train_time:74850ms step_avg:242.23ms
step:310/1450 train_time:75093ms step_avg:242.23ms
step:311/1450 train_time:75337ms step_avg:242.24ms
step:312/1450 train_time:75580ms step_avg:242.24ms
step:313/1450 train_time:75823ms step_avg:242.24ms
step:314/1450 train_time:76064ms step_avg:242.24ms
step:315/1450 train_time:76309ms step_avg:242.25ms
step:316/1450 train_time:76552ms step_avg:242.25ms
step:317/1450 train_time:76795ms step_avg:242.25ms
step:318/1450 train_time:77037ms step_avg:242.25ms
step:319/1450 train_time:77280ms step_avg:242.26ms
step:320/1450 train_time:77523ms step_avg:242.26ms
step:321/1450 train_time:77767ms step_avg:242.26ms
step:322/1450 train_time:78009ms step_avg:242.26ms
step:323/1450 train_time:78252ms step_avg:242.27ms
step:324/1450 train_time:78493ms step_avg:242.26ms
step:325/1450 train_time:78737ms step_avg:242.27ms
step:326/1450 train_time:78979ms step_avg:242.27ms
step:327/1450 train_time:79222ms step_avg:242.27ms
step:328/1450 train_time:79464ms step_avg:242.27ms
step:329/1450 train_time:79708ms step_avg:242.27ms
step:330/1450 train_time:79951ms step_avg:242.28ms
step:331/1450 train_time:80194ms step_avg:242.28ms
step:332/1450 train_time:80436ms step_avg:242.28ms
step:333/1450 train_time:80679ms step_avg:242.28ms
step:334/1450 train_time:80922ms step_avg:242.28ms
step:335/1450 train_time:81166ms step_avg:242.29ms
step:336/1450 train_time:81409ms step_avg:242.29ms
step:337/1450 train_time:81651ms step_avg:242.29ms
step:338/1450 train_time:81893ms step_avg:242.29ms
step:339/1450 train_time:82137ms step_avg:242.29ms
step:340/1450 train_time:82380ms step_avg:242.29ms
step:341/1450 train_time:82622ms step_avg:242.29ms
step:342/1450 train_time:82864ms step_avg:242.29ms
step:343/1450 train_time:83109ms step_avg:242.30ms
step:344/1450 train_time:83351ms step_avg:242.30ms
step:345/1450 train_time:83594ms step_avg:242.30ms
step:346/1450 train_time:83835ms step_avg:242.30ms
step:347/1450 train_time:84079ms step_avg:242.30ms
step:348/1450 train_time:84322ms step_avg:242.30ms
step:349/1450 train_time:84565ms step_avg:242.31ms
step:350/1450 train_time:84808ms step_avg:242.31ms
step:351/1450 train_time:85051ms step_avg:242.31ms
step:352/1450 train_time:85295ms step_avg:242.32ms
step:353/1450 train_time:85536ms step_avg:242.31ms
step:354/1450 train_time:85777ms step_avg:242.31ms
step:355/1450 train_time:86022ms step_avg:242.32ms
step:356/1450 train_time:86265ms step_avg:242.32ms
step:357/1450 train_time:86509ms step_avg:242.32ms
step:358/1450 train_time:86752ms step_avg:242.32ms
step:359/1450 train_time:86994ms step_avg:242.32ms
step:360/1450 train_time:87236ms step_avg:242.32ms
step:361/1450 train_time:87480ms step_avg:242.33ms
step:362/1450 train_time:87722ms step_avg:242.33ms
step:363/1450 train_time:87965ms step_avg:242.33ms
step:364/1450 train_time:88208ms step_avg:242.33ms
step:365/1450 train_time:88452ms step_avg:242.33ms
step:366/1450 train_time:88694ms step_avg:242.33ms
step:367/1450 train_time:88937ms step_avg:242.34ms
step:368/1450 train_time:89183ms step_avg:242.34ms
step:369/1450 train_time:89424ms step_avg:242.34ms
step:370/1450 train_time:89666ms step_avg:242.34ms
step:371/1450 train_time:89910ms step_avg:242.34ms
step:372/1450 train_time:90153ms step_avg:242.35ms
step:373/1450 train_time:90395ms step_avg:242.35ms
step:374/1450 train_time:90638ms step_avg:242.35ms
step:375/1450 train_time:90880ms step_avg:242.35ms
step:376/1450 train_time:91123ms step_avg:242.35ms
step:377/1450 train_time:91368ms step_avg:242.35ms
step:378/1450 train_time:91610ms step_avg:242.35ms
step:379/1450 train_time:91853ms step_avg:242.36ms
step:380/1450 train_time:92095ms step_avg:242.35ms
step:381/1450 train_time:92339ms step_avg:242.36ms
step:382/1450 train_time:92582ms step_avg:242.36ms
step:383/1450 train_time:92826ms step_avg:242.36ms
step:384/1450 train_time:93068ms step_avg:242.36ms
step:385/1450 train_time:93311ms step_avg:242.37ms
step:386/1450 train_time:93553ms step_avg:242.37ms
step:387/1450 train_time:93796ms step_avg:242.37ms
step:388/1450 train_time:94038ms step_avg:242.37ms
step:389/1450 train_time:94282ms step_avg:242.37ms
step:390/1450 train_time:94525ms step_avg:242.37ms
step:391/1450 train_time:94769ms step_avg:242.38ms
step:392/1450 train_time:95011ms step_avg:242.38ms
step:393/1450 train_time:95255ms step_avg:242.38ms
step:394/1450 train_time:95497ms step_avg:242.38ms
step:395/1450 train_time:95740ms step_avg:242.38ms
step:396/1450 train_time:95982ms step_avg:242.38ms
step:397/1450 train_time:96227ms step_avg:242.38ms
step:398/1450 train_time:96469ms step_avg:242.39ms
step:399/1450 train_time:96712ms step_avg:242.39ms
step:400/1450 train_time:96954ms step_avg:242.38ms
step:401/1450 train_time:97196ms step_avg:242.38ms
step:402/1450 train_time:97440ms step_avg:242.39ms
step:403/1450 train_time:97684ms step_avg:242.39ms
step:404/1450 train_time:97927ms step_avg:242.39ms
step:405/1450 train_time:98170ms step_avg:242.40ms
step:406/1450 train_time:98413ms step_avg:242.40ms
step:407/1450 train_time:98656ms step_avg:242.40ms
step:408/1450 train_time:98899ms step_avg:242.40ms
step:409/1450 train_time:99142ms step_avg:242.40ms
step:410/1450 train_time:99386ms step_avg:242.40ms
step:411/1450 train_time:99630ms step_avg:242.41ms
step:412/1450 train_time:99872ms step_avg:242.41ms
step:413/1450 train_time:100115ms step_avg:242.41ms
step:414/1450 train_time:100357ms step_avg:242.41ms
step:415/1450 train_time:100601ms step_avg:242.41ms
step:416/1450 train_time:100842ms step_avg:242.41ms
step:417/1450 train_time:101087ms step_avg:242.41ms
step:418/1450 train_time:101330ms step_avg:242.42ms
step:419/1450 train_time:101573ms step_avg:242.42ms
step:420/1450 train_time:101816ms step_avg:242.42ms
step:421/1450 train_time:102059ms step_avg:242.42ms
step:422/1450 train_time:102302ms step_avg:242.42ms
step:423/1450 train_time:102546ms step_avg:242.43ms
step:424/1450 train_time:102789ms step_avg:242.43ms
step:425/1450 train_time:103032ms step_avg:242.43ms
step:426/1450 train_time:103274ms step_avg:242.43ms
step:427/1450 train_time:103517ms step_avg:242.43ms
step:428/1450 train_time:103760ms step_avg:242.43ms
step:429/1450 train_time:104005ms step_avg:242.43ms
step:430/1450 train_time:104247ms step_avg:242.43ms
step:431/1450 train_time:104491ms step_avg:242.44ms
step:432/1450 train_time:104733ms step_avg:242.44ms
step:433/1450 train_time:104977ms step_avg:242.44ms
step:434/1450 train_time:105220ms step_avg:242.44ms
step:435/1450 train_time:105464ms step_avg:242.45ms
step:436/1450 train_time:105707ms step_avg:242.45ms
step:437/1450 train_time:105951ms step_avg:242.45ms
step:438/1450 train_time:106193ms step_avg:242.45ms
step:439/1450 train_time:106436ms step_avg:242.45ms
step:440/1450 train_time:106679ms step_avg:242.45ms
step:441/1450 train_time:106922ms step_avg:242.45ms
step:442/1450 train_time:107164ms step_avg:242.45ms
step:443/1450 train_time:107410ms step_avg:242.46ms
step:444/1450 train_time:107653ms step_avg:242.46ms
step:445/1450 train_time:107895ms step_avg:242.46ms
step:446/1450 train_time:108138ms step_avg:242.46ms
step:447/1450 train_time:108381ms step_avg:242.46ms
step:448/1450 train_time:108624ms step_avg:242.47ms
step:449/1450 train_time:108868ms step_avg:242.47ms
step:450/1450 train_time:109111ms step_avg:242.47ms
step:451/1450 train_time:109354ms step_avg:242.47ms
step:452/1450 train_time:109597ms step_avg:242.47ms
step:453/1450 train_time:109840ms step_avg:242.47ms
step:454/1450 train_time:110082ms step_avg:242.47ms
step:455/1450 train_time:110326ms step_avg:242.47ms
step:456/1450 train_time:110568ms step_avg:242.47ms
step:457/1450 train_time:110811ms step_avg:242.48ms
step:458/1450 train_time:111054ms step_avg:242.48ms
step:459/1450 train_time:111483ms step_avg:242.88ms
step:460/1450 train_time:111939ms step_avg:243.35ms
step:461/1450 train_time:112391ms step_avg:243.80ms
step:462/1450 train_time:112847ms step_avg:244.26ms
step:463/1450 train_time:113299ms step_avg:244.71ms
step:464/1450 train_time:113753ms step_avg:245.16ms
step:465/1450 train_time:114204ms step_avg:245.60ms
step:466/1450 train_time:114657ms step_avg:246.04ms
step:467/1450 train_time:115109ms step_avg:246.49ms
step:468/1450 train_time:115565ms step_avg:246.93ms
step:469/1450 train_time:116018ms step_avg:247.37ms
step:470/1450 train_time:116473ms step_avg:247.81ms
step:471/1450 train_time:116925ms step_avg:248.25ms
step:472/1450 train_time:117375ms step_avg:248.68ms
step:473/1450 train_time:117831ms step_avg:249.11ms
step:474/1450 train_time:118285ms step_avg:249.55ms
step:475/1450 train_time:118736ms step_avg:249.97ms
step:476/1450 train_time:119191ms step_avg:250.40ms
step:477/1450 train_time:119643ms step_avg:250.82ms
step:478/1450 train_time:120097ms step_avg:251.25ms
step:479/1450 train_time:120550ms step_avg:251.67ms
step:480/1450 train_time:121007ms step_avg:252.10ms
step:481/1450 train_time:121459ms step_avg:252.51ms
step:482/1450 train_time:121913ms step_avg:252.93ms
step:483/1450 train_time:122367ms step_avg:253.35ms
step:484/1450 train_time:122819ms step_avg:253.76ms
step:485/1450 train_time:123272ms step_avg:254.17ms
step:486/1450 train_time:123727ms step_avg:254.58ms
step:487/1450 train_time:124179ms step_avg:254.99ms
step:488/1450 train_time:124633ms step_avg:255.40ms
step:489/1450 train_time:125087ms step_avg:255.80ms
step:490/1450 train_time:125541ms step_avg:256.21ms
step:491/1450 train_time:125992ms step_avg:256.60ms
step:492/1450 train_time:126448ms step_avg:257.01ms
step:493/1450 train_time:126899ms step_avg:257.40ms
step:494/1450 train_time:127353ms step_avg:257.80ms
step:495/1450 train_time:127806ms step_avg:258.19ms
step:496/1450 train_time:128258ms step_avg:258.59ms
step:497/1450 train_time:128710ms step_avg:258.97ms
step:498/1450 train_time:129165ms step_avg:259.37ms
step:499/1450 train_time:129617ms step_avg:259.75ms
step:500/1450 train_time:130072ms step_avg:260.14ms
step:501/1450 train_time:130526ms step_avg:260.53ms
step:502/1450 train_time:130979ms step_avg:260.91ms
step:503/1450 train_time:131433ms step_avg:261.30ms
step:504/1450 train_time:131888ms step_avg:261.68ms
step:505/1450 train_time:132340ms step_avg:262.06ms
step:506/1450 train_time:132794ms step_avg:262.44ms
step:507/1450 train_time:133247ms step_avg:262.81ms
step:508/1450 train_time:133701ms step_avg:263.19ms
step:509/1450 train_time:134153ms step_avg:263.56ms
step:510/1450 train_time:134610ms step_avg:263.94ms
step:511/1450 train_time:135062ms step_avg:264.31ms
step:512/1450 train_time:135516ms step_avg:264.68ms
step:513/1450 train_time:135968ms step_avg:265.04ms
step:514/1450 train_time:136423ms step_avg:265.41ms
step:515/1450 train_time:136876ms step_avg:265.78ms
step:516/1450 train_time:137329ms step_avg:266.14ms
step:517/1450 train_time:137785ms step_avg:266.51ms
step:518/1450 train_time:138238ms step_avg:266.87ms
step:519/1450 train_time:138693ms step_avg:267.23ms
step:520/1450 train_time:139147ms step_avg:267.59ms
step:521/1450 train_time:139600ms step_avg:267.95ms
step:522/1450 train_time:140053ms step_avg:268.30ms
step:523/1450 train_time:140507ms step_avg:268.66ms
step:524/1450 train_time:140959ms step_avg:269.01ms
step:525/1450 train_time:141412ms step_avg:269.36ms
step:526/1450 train_time:141868ms step_avg:269.71ms
step:527/1450 train_time:142321ms step_avg:270.06ms
step:528/1450 train_time:142775ms step_avg:270.41ms
step:529/1450 train_time:143227ms step_avg:270.75ms
step:530/1450 train_time:143681ms step_avg:271.10ms
step:531/1450 train_time:144134ms step_avg:271.44ms
step:532/1450 train_time:144588ms step_avg:271.78ms
step:533/1450 train_time:145041ms step_avg:272.12ms
step:534/1450 train_time:145496ms step_avg:272.46ms
step:535/1450 train_time:145949ms step_avg:272.80ms
step:536/1450 train_time:146401ms step_avg:273.14ms
step:537/1450 train_time:146854ms step_avg:273.47ms
step:538/1450 train_time:147308ms step_avg:273.81ms
step:539/1450 train_time:147759ms step_avg:274.14ms
step:540/1450 train_time:148215ms step_avg:274.47ms
step:541/1450 train_time:148667ms step_avg:274.80ms
step:542/1450 train_time:149121ms step_avg:275.13ms
step:543/1450 train_time:149572ms step_avg:275.46ms
step:544/1450 train_time:150028ms step_avg:275.79ms
step:545/1450 train_time:150479ms step_avg:276.11ms
step:546/1450 train_time:150934ms step_avg:276.43ms
step:547/1450 train_time:151388ms step_avg:276.76ms
step:548/1450 train_time:151842ms step_avg:277.08ms
step:549/1450 train_time:152293ms step_avg:277.40ms
step:550/1450 train_time:152748ms step_avg:277.72ms
step:551/1450 train_time:153200ms step_avg:278.04ms
step:552/1450 train_time:153654ms step_avg:278.36ms
step:553/1450 train_time:154108ms step_avg:278.68ms
step:554/1450 train_time:154561ms step_avg:278.99ms
step:555/1450 train_time:155014ms step_avg:279.30ms
step:556/1450 train_time:155467ms step_avg:279.62ms
step:557/1450 train_time:155919ms step_avg:279.93ms
step:558/1450 train_time:156373ms step_avg:280.24ms
step:559/1450 train_time:156825ms step_avg:280.54ms
step:560/1450 train_time:157279ms step_avg:280.86ms
step:561/1450 train_time:157730ms step_avg:281.16ms
step:562/1450 train_time:158185ms step_avg:281.47ms
step:563/1450 train_time:158639ms step_avg:281.77ms
step:564/1450 train_time:159092ms step_avg:282.08ms
step:565/1450 train_time:159545ms step_avg:282.38ms
step:566/1450 train_time:159998ms step_avg:282.68ms
step:567/1450 train_time:160450ms step_avg:282.98ms
step:568/1450 train_time:160907ms step_avg:283.29ms
step:569/1450 train_time:161361ms step_avg:283.59ms
step:570/1450 train_time:161814ms step_avg:283.88ms
step:571/1450 train_time:162267ms step_avg:284.18ms
step:572/1450 train_time:162722ms step_avg:284.48ms
step:573/1450 train_time:163174ms step_avg:284.77ms
step:574/1450 train_time:163630ms step_avg:285.07ms
step:575/1450 train_time:164082ms step_avg:285.36ms
step:576/1450 train_time:164536ms step_avg:285.65ms
step:577/1450 train_time:164989ms step_avg:285.94ms
step:578/1450 train_time:165444ms step_avg:286.23ms
step:579/1450 train_time:165898ms step_avg:286.52ms
step:580/1450 train_time:166350ms step_avg:286.81ms
step:581/1450 train_time:166806ms step_avg:287.10ms
step:582/1450 train_time:167257ms step_avg:287.38ms
step:583/1450 train_time:167711ms step_avg:287.67ms
step:584/1450 train_time:168167ms step_avg:287.96ms
step:585/1450 train_time:168619ms step_avg:288.24ms
step:586/1450 train_time:169073ms step_avg:288.52ms
step:587/1450 train_time:169527ms step_avg:288.80ms
step:588/1450 train_time:169980ms step_avg:289.08ms
step:589/1450 train_time:170431ms step_avg:289.36ms
step:590/1450 train_time:170886ms step_avg:289.64ms
step:591/1450 train_time:171337ms step_avg:289.91ms
step:592/1450 train_time:171791ms step_avg:290.19ms
step:593/1450 train_time:172246ms step_avg:290.47ms
step:594/1450 train_time:172700ms step_avg:290.74ms
step:595/1450 train_time:173153ms step_avg:291.01ms
step:596/1450 train_time:173607ms step_avg:291.29ms
step:597/1450 train_time:174059ms step_avg:291.56ms
step:598/1450 train_time:174514ms step_avg:291.83ms
step:599/1450 train_time:174967ms step_avg:292.10ms
step:600/1450 train_time:175421ms step_avg:292.37ms
step:601/1450 train_time:175873ms step_avg:292.63ms
step:602/1450 train_time:176328ms step_avg:292.90ms
step:603/1450 train_time:176781ms step_avg:293.17ms
step:604/1450 train_time:177234ms step_avg:293.43ms
step:605/1450 train_time:177689ms step_avg:293.70ms
step:606/1450 train_time:178143ms step_avg:293.97ms
step:607/1450 train_time:178596ms step_avg:294.23ms
step:608/1450 train_time:179051ms step_avg:294.49ms
step:609/1450 train_time:179505ms step_avg:294.75ms
step:610/1450 train_time:179960ms step_avg:295.02ms
step:611/1450 train_time:180413ms step_avg:295.28ms
step:612/1450 train_time:180868ms step_avg:295.54ms
step:613/1450 train_time:181319ms step_avg:295.79ms
step:614/1450 train_time:181773ms step_avg:296.05ms
step:615/1450 train_time:182226ms step_avg:296.30ms
step:616/1450 train_time:182679ms step_avg:296.56ms
step:617/1450 train_time:183132ms step_avg:296.81ms
step:618/1450 train_time:183586ms step_avg:297.07ms
step:619/1450 train_time:184038ms step_avg:297.31ms
step:620/1450 train_time:184491ms step_avg:297.57ms
step:621/1450 train_time:184943ms step_avg:297.81ms
step:622/1450 train_time:185396ms step_avg:298.06ms
step:623/1450 train_time:185849ms step_avg:298.31ms
step:624/1450 train_time:186305ms step_avg:298.57ms
step:625/1450 train_time:186758ms step_avg:298.81ms
step:626/1450 train_time:187214ms step_avg:299.06ms
step:627/1450 train_time:187666ms step_avg:299.31ms
step:628/1450 train_time:188120ms step_avg:299.55ms
step:629/1450 train_time:188571ms step_avg:299.79ms
step:630/1450 train_time:189026ms step_avg:300.04ms
step:631/1450 train_time:189477ms step_avg:300.28ms
step:632/1450 train_time:189932ms step_avg:300.53ms
step:633/1450 train_time:190386ms step_avg:300.77ms
step:634/1450 train_time:190839ms step_avg:301.01ms
step:635/1450 train_time:191292ms step_avg:301.25ms
step:636/1450 train_time:191745ms step_avg:301.49ms
step:637/1450 train_time:192198ms step_avg:301.72ms
step:638/1450 train_time:192653ms step_avg:301.96ms
step:639/1450 train_time:193107ms step_avg:302.20ms
step:640/1450 train_time:193561ms step_avg:302.44ms
step:641/1450 train_time:194014ms step_avg:302.67ms
step:642/1450 train_time:194467ms step_avg:302.91ms
step:643/1450 train_time:194919ms step_avg:303.14ms
step:644/1450 train_time:195373ms step_avg:303.37ms
step:645/1450 train_time:195826ms step_avg:303.61ms
step:646/1450 train_time:196280ms step_avg:303.84ms
step:647/1450 train_time:196733ms step_avg:304.07ms
step:648/1450 train_time:197188ms step_avg:304.30ms
step:649/1450 train_time:197639ms step_avg:304.53ms
step:650/1450 train_time:198093ms step_avg:304.76ms
step:651/1450 train_time:198546ms step_avg:304.99ms
step:652/1450 train_time:199000ms step_avg:305.21ms
step:653/1450 train_time:199454ms step_avg:305.44ms
step:654/1450 train_time:199906ms step_avg:305.67ms
step:655/1450 train_time:200359ms step_avg:305.89ms
step:656/1450 train_time:200813ms step_avg:306.12ms
step:657/1450 train_time:201265ms step_avg:306.34ms
step:658/1450 train_time:201718ms step_avg:306.56ms
step:659/1450 train_time:202170ms step_avg:306.78ms
step:660/1450 train_time:202624ms step_avg:307.01ms
step:661/1450 train_time:203076ms step_avg:307.23ms
step:662/1450 train_time:203531ms step_avg:307.45ms
step:663/1450 train_time:203985ms step_avg:307.67ms
step:664/1450 train_time:204437ms step_avg:307.89ms
step:665/1450 train_time:204891ms step_avg:308.11ms
step:666/1450 train_time:205346ms step_avg:308.33ms
step:667/1450 train_time:205797ms step_avg:308.54ms
step:668/1450 train_time:206252ms step_avg:308.76ms
step:669/1450 train_time:206707ms step_avg:308.98ms
step:670/1450 train_time:207161ms step_avg:309.20ms
step:671/1450 train_time:207613ms step_avg:309.41ms
step:672/1450 train_time:208067ms step_avg:309.62ms
step:673/1450 train_time:208518ms step_avg:309.83ms
step:674/1450 train_time:208971ms step_avg:310.05ms
step:675/1450 train_time:209426ms step_avg:310.26ms
step:676/1450 train_time:209878ms step_avg:310.47ms
step:677/1450 train_time:210330ms step_avg:310.68ms
step:678/1450 train_time:210786ms step_avg:310.89ms
step:679/1450 train_time:211237ms step_avg:311.10ms
step:680/1450 train_time:211693ms step_avg:311.31ms
step:681/1450 train_time:212146ms step_avg:311.52ms
step:682/1450 train_time:212598ms step_avg:311.73ms
step:683/1450 train_time:213052ms step_avg:311.94ms
step:684/1450 train_time:213507ms step_avg:312.14ms
step:685/1450 train_time:213959ms step_avg:312.35ms
step:686/1450 train_time:214414ms step_avg:312.56ms
step:687/1450 train_time:214870ms step_avg:312.77ms
step:688/1450 train_time:215322ms step_avg:312.97ms
step:689/1450 train_time:215773ms step_avg:313.17ms
step:690/1450 train_time:216229ms step_avg:313.37ms
step:691/1450 train_time:216682ms step_avg:313.58ms
step:692/1450 train_time:217134ms step_avg:313.78ms
step:693/1450 train_time:217590ms step_avg:313.98ms
step:694/1450 train_time:218043ms step_avg:314.18ms
step:695/1450 train_time:218495ms step_avg:314.38ms
step:696/1450 train_time:218950ms step_avg:314.58ms
step:697/1450 train_time:219403ms step_avg:314.78ms
step:698/1450 train_time:219856ms step_avg:314.98ms
step:699/1450 train_time:220308ms step_avg:315.18ms
step:700/1450 train_time:220763ms step_avg:315.38ms
step:701/1450 train_time:221215ms step_avg:315.57ms
step:702/1450 train_time:221669ms step_avg:315.77ms
step:703/1450 train_time:222120ms step_avg:315.96ms
step:704/1450 train_time:222574ms step_avg:316.16ms
step:705/1450 train_time:223029ms step_avg:316.35ms
step:706/1450 train_time:223483ms step_avg:316.55ms
step:707/1450 train_time:223936ms step_avg:316.74ms
step:708/1450 train_time:224389ms step_avg:316.93ms
step:709/1450 train_time:224843ms step_avg:317.13ms
step:710/1450 train_time:225296ms step_avg:317.32ms
step:711/1450 train_time:225750ms step_avg:317.51ms
step:712/1450 train_time:226205ms step_avg:317.70ms
step:713/1450 train_time:226658ms step_avg:317.89ms
step:714/1450 train_time:227114ms step_avg:318.09ms
step:715/1450 train_time:227565ms step_avg:318.27ms
step:716/1450 train_time:228019ms step_avg:318.46ms
step:717/1450 train_time:228470ms step_avg:318.65ms
step:718/1450 train_time:228925ms step_avg:318.84ms
step:719/1450 train_time:229377ms step_avg:319.02ms
step:720/1450 train_time:229832ms step_avg:319.21ms
step:721/1450 train_time:230284ms step_avg:319.40ms
step:722/1450 train_time:230738ms step_avg:319.58ms
step:723/1450 train_time:231191ms step_avg:319.77ms
step:724/1450 train_time:231646ms step_avg:319.95ms
step:725/1450 train_time:232097ms step_avg:320.13ms
step:726/1450 train_time:232551ms step_avg:320.32ms
step:727/1450 train_time:233005ms step_avg:320.50ms
step:728/1450 train_time:233458ms step_avg:320.68ms
step:729/1450 train_time:233909ms step_avg:320.86ms
step:730/1450 train_time:234363ms step_avg:321.05ms
step:731/1450 train_time:234814ms step_avg:321.22ms
step:732/1450 train_time:235268ms step_avg:321.41ms
step:733/1450 train_time:235722ms step_avg:321.59ms
step:734/1450 train_time:236175ms step_avg:321.76ms
step:735/1450 train_time:236628ms step_avg:321.94ms
step:736/1450 train_time:237082ms step_avg:322.12ms
step:737/1450 train_time:237534ms step_avg:322.30ms
step:738/1450 train_time:237990ms step_avg:322.48ms
step:739/1450 train_time:238444ms step_avg:322.66ms
step:740/1450 train_time:238897ms step_avg:322.83ms
step:741/1450 train_time:239349ms step_avg:323.01ms
step:742/1450 train_time:239803ms step_avg:323.19ms
step:743/1450 train_time:240255ms step_avg:323.36ms
step:744/1450 train_time:240711ms step_avg:323.54ms
step:745/1450 train_time:241166ms step_avg:323.71ms
step:746/1450 train_time:241619ms step_avg:323.89ms
step:747/1450 train_time:242071ms step_avg:324.06ms
step:748/1450 train_time:242525ms step_avg:324.23ms
step:749/1450 train_time:242977ms step_avg:324.40ms
step:750/1450 train_time:243433ms step_avg:324.58ms
step:751/1450 train_time:243886ms step_avg:324.75ms
step:752/1450 train_time:244339ms step_avg:324.92ms
step:753/1450 train_time:244791ms step_avg:325.09ms
step:754/1450 train_time:245245ms step_avg:325.26ms
step:755/1450 train_time:245697ms step_avg:325.43ms
step:756/1450 train_time:246153ms step_avg:325.60ms
step:757/1450 train_time:246607ms step_avg:325.77ms
step:758/1450 train_time:247060ms step_avg:325.94ms
step:759/1450 train_time:247512ms step_avg:326.10ms
step:760/1450 train_time:247968ms step_avg:326.27ms
step:761/1450 train_time:248420ms step_avg:326.44ms
step:762/1450 train_time:248873ms step_avg:326.61ms
step:763/1450 train_time:249327ms step_avg:326.77ms
step:764/1450 train_time:249781ms step_avg:326.94ms
step:765/1450 train_time:250232ms step_avg:327.10ms
step:766/1450 train_time:250686ms step_avg:327.27ms
step:767/1450 train_time:251139ms step_avg:327.43ms
step:768/1450 train_time:251593ms step_avg:327.59ms
step:769/1450 train_time:252046ms step_avg:327.76ms
step:770/1450 train_time:252499ms step_avg:327.92ms
step:771/1450 train_time:252951ms step_avg:328.08ms
step:772/1450 train_time:253407ms step_avg:328.25ms
step:773/1450 train_time:253860ms step_avg:328.41ms
step:774/1450 train_time:254314ms step_avg:328.57ms
step:775/1450 train_time:254767ms step_avg:328.73ms
step:776/1450 train_time:255220ms step_avg:328.89ms
step:777/1450 train_time:255674ms step_avg:329.05ms
step:778/1450 train_time:256128ms step_avg:329.21ms
step:779/1450 train_time:256580ms step_avg:329.37ms
step:780/1450 train_time:257036ms step_avg:329.53ms
step:781/1450 train_time:257489ms step_avg:329.69ms
step:782/1450 train_time:257942ms step_avg:329.85ms
step:783/1450 train_time:258395ms step_avg:330.01ms
step:784/1450 train_time:258851ms step_avg:330.17ms
step:785/1450 train_time:259305ms step_avg:330.33ms
step:786/1450 train_time:259758ms step_avg:330.48ms
step:787/1450 train_time:260212ms step_avg:330.64ms
step:788/1450 train_time:260667ms step_avg:330.80ms
step:789/1450 train_time:261120ms step_avg:330.95ms
step:790/1450 train_time:261573ms step_avg:331.10ms
step:791/1450 train_time:262027ms step_avg:331.26ms
step:792/1450 train_time:262481ms step_avg:331.42ms
step:793/1450 train_time:262933ms step_avg:331.57ms
step:794/1450 train_time:263388ms step_avg:331.72ms
step:795/1450 train_time:263839ms step_avg:331.87ms
step:796/1450 train_time:264293ms step_avg:332.03ms
step:797/1450 train_time:264747ms step_avg:332.18ms
step:798/1450 train_time:265201ms step_avg:332.33ms
step:799/1450 train_time:265654ms step_avg:332.48ms
step:800/1450 train_time:266110ms step_avg:332.64ms
step:801/1450 train_time:266563ms step_avg:332.79ms
step:802/1450 train_time:267017ms step_avg:332.94ms
step:803/1450 train_time:267470ms step_avg:333.09ms
step:804/1450 train_time:267924ms step_avg:333.24ms
step:805/1450 train_time:268375ms step_avg:333.39ms
step:806/1450 train_time:268829ms step_avg:333.53ms
step:807/1450 train_time:269280ms step_avg:333.68ms
step:808/1450 train_time:269736ms step_avg:333.83ms
step:809/1450 train_time:270190ms step_avg:333.98ms
step:810/1450 train_time:270643ms step_avg:334.13ms
step:811/1450 train_time:271095ms step_avg:334.27ms
step:812/1450 train_time:271550ms step_avg:334.42ms
step:813/1450 train_time:272003ms step_avg:334.57ms
step:814/1450 train_time:272456ms step_avg:334.71ms
step:815/1450 train_time:272908ms step_avg:334.86ms
step:816/1450 train_time:273361ms step_avg:335.00ms
step:817/1450 train_time:273813ms step_avg:335.14ms
step:818/1450 train_time:274269ms step_avg:335.29ms
step:819/1450 train_time:274721ms step_avg:335.43ms
step:820/1450 train_time:275172ms step_avg:335.58ms
step:821/1450 train_time:275628ms step_avg:335.72ms
step:822/1450 train_time:276080ms step_avg:335.86ms
step:823/1450 train_time:276531ms step_avg:336.00ms
step:824/1450 train_time:276986ms step_avg:336.15ms
step:825/1450 train_time:277437ms step_avg:336.29ms
step:826/1450 train_time:277891ms step_avg:336.43ms
step:827/1450 train_time:278346ms step_avg:336.57ms
step:828/1450 train_time:278799ms step_avg:336.71ms
step:829/1450 train_time:279251ms step_avg:336.85ms
step:830/1450 train_time:279706ms step_avg:337.00ms
step:831/1450 train_time:280157ms step_avg:337.13ms
step:832/1450 train_time:280612ms step_avg:337.27ms
step:833/1450 train_time:281065ms step_avg:337.41ms
step:834/1450 train_time:281518ms step_avg:337.55ms
step:835/1450 train_time:281971ms step_avg:337.69ms
step:836/1450 train_time:282426ms step_avg:337.83ms
step:837/1450 train_time:282875ms step_avg:337.96ms
step:838/1450 train_time:283330ms step_avg:338.10ms
step:839/1450 train_time:283784ms step_avg:338.24ms
step:840/1450 train_time:284236ms step_avg:338.38ms
step:841/1450 train_time:284691ms step_avg:338.51ms
step:842/1450 train_time:285146ms step_avg:338.65ms
step:843/1450 train_time:285598ms step_avg:338.79ms
step:844/1450 train_time:286055ms step_avg:338.93ms
step:845/1450 train_time:286508ms step_avg:339.06ms
step:846/1450 train_time:286962ms step_avg:339.20ms
step:847/1450 train_time:287414ms step_avg:339.33ms
step:848/1450 train_time:287869ms step_avg:339.47ms
step:849/1450 train_time:288322ms step_avg:339.60ms
step:850/1450 train_time:288776ms step_avg:339.74ms
step:851/1450 train_time:289228ms step_avg:339.87ms
step:852/1450 train_time:289680ms step_avg:340.00ms
step:853/1450 train_time:290135ms step_avg:340.14ms
step:854/1450 train_time:290589ms step_avg:340.27ms
step:855/1450 train_time:291041ms step_avg:340.40ms
step:856/1450 train_time:291495ms step_avg:340.53ms
step:857/1450 train_time:291947ms step_avg:340.66ms
step:858/1450 train_time:292402ms step_avg:340.79ms
step:859/1450 train_time:292853ms step_avg:340.92ms
step:860/1450 train_time:293308ms step_avg:341.06ms
step:861/1450 train_time:293759ms step_avg:341.18ms
step:862/1450 train_time:294213ms step_avg:341.31ms
step:863/1450 train_time:294667ms step_avg:341.44ms
step:864/1450 train_time:295120ms step_avg:341.57ms
step:865/1450 train_time:295573ms step_avg:341.70ms
step:866/1450 train_time:296026ms step_avg:341.83ms
step:867/1450 train_time:296477ms step_avg:341.96ms
step:868/1450 train_time:296931ms step_avg:342.09ms
step:869/1450 train_time:297385ms step_avg:342.22ms
step:870/1450 train_time:297838ms step_avg:342.34ms
step:871/1450 train_time:298289ms step_avg:342.47ms
step:872/1450 train_time:298744ms step_avg:342.60ms
step:873/1450 train_time:299196ms step_avg:342.72ms
step:874/1450 train_time:299650ms step_avg:342.85ms
step:875/1450 train_time:300102ms step_avg:342.97ms
step:876/1450 train_time:300556ms step_avg:343.10ms
step:877/1450 train_time:301011ms step_avg:343.23ms
step:878/1450 train_time:301465ms step_avg:343.35ms
step:879/1450 train_time:301919ms step_avg:343.48ms
step:880/1450 train_time:302371ms step_avg:343.60ms
step:881/1450 train_time:302826ms step_avg:343.73ms
step:882/1450 train_time:303279ms step_avg:343.85ms
step:883/1450 train_time:303732ms step_avg:343.98ms
step:884/1450 train_time:304186ms step_avg:344.10ms
step:885/1450 train_time:304637ms step_avg:344.22ms
step:886/1450 train_time:305093ms step_avg:344.35ms
step:887/1450 train_time:305546ms step_avg:344.47ms
step:888/1450 train_time:306000ms step_avg:344.59ms
step:889/1450 train_time:306452ms step_avg:344.72ms
step:890/1450 train_time:306906ms step_avg:344.84ms
step:891/1450 train_time:307360ms step_avg:344.96ms
step:892/1450 train_time:307813ms step_avg:345.08ms
step:893/1450 train_time:308266ms step_avg:345.20ms
step:894/1450 train_time:308718ms step_avg:345.32ms
step:895/1450 train_time:309170ms step_avg:345.44ms
step:896/1450 train_time:309627ms step_avg:345.57ms
step:897/1450 train_time:310077ms step_avg:345.68ms
step:898/1450 train_time:310533ms step_avg:345.80ms
step:899/1450 train_time:310984ms step_avg:345.92ms
step:900/1450 train_time:311437ms step_avg:346.04ms
step:901/1450 train_time:311889ms step_avg:346.16ms
step:902/1450 train_time:312343ms step_avg:346.28ms
step:903/1450 train_time:312795ms step_avg:346.39ms
step:904/1450 train_time:313249ms step_avg:346.51ms
step:905/1450 train_time:313704ms step_avg:346.63ms
step:906/1450 train_time:314157ms step_avg:346.75ms
step:907/1450 train_time:314611ms step_avg:346.87ms
step:908/1450 train_time:315065ms step_avg:346.99ms
step:909/1450 train_time:315518ms step_avg:347.10ms
step:910/1450 train_time:315972ms step_avg:347.22ms
step:911/1450 train_time:316427ms step_avg:347.34ms
step:912/1450 train_time:316879ms step_avg:347.46ms
step:913/1450 train_time:317332ms step_avg:347.57ms
step:914/1450 train_time:317786ms step_avg:347.69ms
step:915/1450 train_time:318238ms step_avg:347.80ms
step:916/1450 train_time:318692ms step_avg:347.92ms
step:917/1450 train_time:319147ms step_avg:348.03ms
step:918/1450 train_time:319794ms step_avg:348.36ms
step:919/1450 train_time:320463ms step_avg:348.71ms
step:920/1450 train_time:321133ms step_avg:349.06ms
step:921/1450 train_time:321803ms step_avg:349.41ms
step:922/1450 train_time:322476ms step_avg:349.76ms
step:923/1450 train_time:323147ms step_avg:350.10ms
step:924/1450 train_time:323816ms step_avg:350.45ms
step:925/1450 train_time:324484ms step_avg:350.79ms
step:926/1450 train_time:325156ms step_avg:351.14ms
step:927/1450 train_time:325825ms step_avg:351.48ms
step:928/1450 train_time:326498ms step_avg:351.83ms
step:929/1450 train_time:327167ms step_avg:352.17ms
step:930/1450 train_time:327838ms step_avg:352.51ms
step:931/1450 train_time:328507ms step_avg:352.85ms
step:932/1450 train_time:329177ms step_avg:353.19ms
step:933/1450 train_time:329846ms step_avg:353.53ms
step:934/1450 train_time:330516ms step_avg:353.87ms
step:935/1450 train_time:331187ms step_avg:354.21ms
step:936/1450 train_time:331858ms step_avg:354.55ms
step:937/1450 train_time:332526ms step_avg:354.88ms
step:938/1450 train_time:333195ms step_avg:355.22ms
step:939/1450 train_time:333863ms step_avg:355.55ms
step:940/1450 train_time:334532ms step_avg:355.88ms
step:941/1450 train_time:335203ms step_avg:356.22ms
step:942/1450 train_time:335873ms step_avg:356.55ms
step:943/1450 train_time:336543ms step_avg:356.89ms
step:944/1450 train_time:337211ms step_avg:357.22ms
step:945/1450 train_time:337880ms step_avg:357.54ms
step:946/1450 train_time:338548ms step_avg:357.87ms
step:947/1450 train_time:339216ms step_avg:358.20ms
step:948/1450 train_time:339886ms step_avg:358.53ms
step:949/1450 train_time:340556ms step_avg:358.86ms
step:950/1450 train_time:341223ms step_avg:359.18ms
step:951/1450 train_time:341891ms step_avg:359.51ms
step:952/1450 train_time:342561ms step_avg:359.83ms
step:953/1450 train_time:343228ms step_avg:360.16ms
step:954/1450 train_time:343897ms step_avg:360.48ms
step:955/1450 train_time:344566ms step_avg:360.80ms
step:956/1450 train_time:345236ms step_avg:361.13ms
step:957/1450 train_time:345903ms step_avg:361.45ms
step:958/1450 train_time:346572ms step_avg:361.77ms
step:959/1450 train_time:347242ms step_avg:362.09ms
step:960/1450 train_time:347911ms step_avg:362.41ms
step:961/1450 train_time:348584ms step_avg:362.73ms
step:962/1450 train_time:349255ms step_avg:363.05ms
step:963/1450 train_time:349924ms step_avg:363.37ms
step:964/1450 train_time:350593ms step_avg:363.69ms
step:965/1450 train_time:351264ms step_avg:364.00ms
step:966/1450 train_time:351929ms step_avg:364.32ms
step:967/1450 train_time:352601ms step_avg:364.63ms
step:968/1450 train_time:353271ms step_avg:364.95ms
step:969/1450 train_time:353941ms step_avg:365.26ms
step:970/1450 train_time:354609ms step_avg:365.58ms
step:971/1450 train_time:355280ms step_avg:365.89ms
step:972/1450 train_time:355950ms step_avg:366.20ms
step:973/1450 train_time:356622ms step_avg:366.52ms
step:974/1450 train_time:357292ms step_avg:366.83ms
step:975/1450 train_time:357961ms step_avg:367.14ms
step:976/1450 train_time:358631ms step_avg:367.45ms
step:977/1450 train_time:359301ms step_avg:367.76ms
step:978/1450 train_time:359972ms step_avg:368.07ms
step:979/1450 train_time:360639ms step_avg:368.37ms
step:980/1450 train_time:361308ms step_avg:368.68ms
step:981/1450 train_time:361979ms step_avg:368.99ms
step:982/1450 train_time:362646ms step_avg:369.29ms
step:983/1450 train_time:363317ms step_avg:369.60ms
step:984/1450 train_time:363986ms step_avg:369.90ms
step:985/1450 train_time:364656ms step_avg:370.21ms
step:986/1450 train_time:365325ms step_avg:370.51ms
step:987/1450 train_time:365996ms step_avg:370.82ms
step:988/1450 train_time:366662ms step_avg:371.12ms
step:989/1450 train_time:367332ms step_avg:371.42ms
step:990/1450 train_time:368002ms step_avg:371.72ms
step:991/1450 train_time:368670ms step_avg:372.02ms
step:992/1450 train_time:369339ms step_avg:372.32ms
step:993/1450 train_time:370008ms step_avg:372.62ms
step:994/1450 train_time:370678ms step_avg:372.92ms
step:995/1450 train_time:371345ms step_avg:373.21ms
step:996/1450 train_time:372014ms step_avg:373.51ms
step:997/1450 train_time:372684ms step_avg:373.81ms
step:998/1450 train_time:373351ms step_avg:374.10ms
step:999/1450 train_time:374022ms step_avg:374.40ms
step:1000/1450 train_time:374692ms step_avg:374.69ms
step:1001/1450 train_time:375361ms step_avg:374.99ms
step:1002/1450 train_time:376031ms step_avg:375.28ms
step:1003/1450 train_time:376701ms step_avg:375.57ms
step:1004/1450 train_time:377371ms step_avg:375.87ms
step:1005/1450 train_time:378038ms step_avg:376.16ms
step:1006/1450 train_time:378710ms step_avg:376.45ms
step:1007/1450 train_time:379380ms step_avg:376.74ms
step:1008/1450 train_time:380049ms step_avg:377.03ms
step:1009/1450 train_time:380720ms step_avg:377.32ms
step:1010/1450 train_time:381386ms step_avg:377.61ms
step:1011/1450 train_time:382056ms step_avg:377.90ms
step:1012/1450 train_time:382726ms step_avg:378.19ms
step:1013/1450 train_time:383394ms step_avg:378.47ms
step:1014/1450 train_time:384064ms step_avg:378.76ms
step:1015/1450 train_time:384733ms step_avg:379.05ms
step:1016/1450 train_time:385402ms step_avg:379.33ms
step:1017/1450 train_time:386072ms step_avg:379.62ms
step:1018/1450 train_time:386742ms step_avg:379.90ms
step:1019/1450 train_time:387413ms step_avg:380.19ms
step:1020/1450 train_time:388084ms step_avg:380.47ms
step:1021/1450 train_time:388752ms step_avg:380.76ms
step:1022/1450 train_time:389420ms step_avg:381.04ms
step:1023/1450 train_time:390086ms step_avg:381.32ms
step:1024/1450 train_time:390755ms step_avg:381.60ms
step:1025/1450 train_time:391423ms step_avg:381.88ms
step:1026/1450 train_time:392090ms step_avg:382.15ms
step:1027/1450 train_time:392761ms step_avg:382.43ms
step:1028/1450 train_time:393429ms step_avg:382.71ms
step:1029/1450 train_time:394100ms step_avg:382.99ms
step:1030/1450 train_time:394768ms step_avg:383.27ms
step:1031/1450 train_time:395441ms step_avg:383.55ms
step:1032/1450 train_time:396107ms step_avg:383.82ms
step:1033/1450 train_time:396778ms step_avg:384.10ms
step:1034/1450 train_time:397446ms step_avg:384.38ms
step:1035/1450 train_time:398112ms step_avg:384.65ms
step:1036/1450 train_time:398780ms step_avg:384.92ms
step:1037/1450 train_time:399448ms step_avg:385.20ms
step:1038/1450 train_time:400117ms step_avg:385.47ms
step:1039/1450 train_time:400787ms step_avg:385.74ms
step:1040/1450 train_time:401457ms step_avg:386.02ms
step:1041/1450 train_time:402126ms step_avg:386.29ms
step:1042/1450 train_time:402792ms step_avg:386.56ms
step:1043/1450 train_time:403465ms step_avg:386.83ms
step:1044/1450 train_time:404135ms step_avg:387.10ms
step:1045/1450 train_time:404800ms step_avg:387.37ms
step:1046/1450 train_time:405472ms step_avg:387.64ms
step:1047/1450 train_time:406142ms step_avg:387.91ms
step:1048/1450 train_time:406812ms step_avg:388.18ms
step:1049/1450 train_time:407480ms step_avg:388.45ms
step:1050/1450 train_time:408149ms step_avg:388.71ms
step:1051/1450 train_time:408819ms step_avg:388.98ms
step:1052/1450 train_time:409488ms step_avg:389.25ms
step:1053/1450 train_time:410159ms step_avg:389.51ms
step:1054/1450 train_time:410826ms step_avg:389.78ms
step:1055/1450 train_time:411496ms step_avg:390.04ms
step:1056/1450 train_time:412166ms step_avg:390.31ms
step:1057/1450 train_time:412836ms step_avg:390.57ms
step:1058/1450 train_time:413504ms step_avg:390.84ms
step:1059/1450 train_time:414174ms step_avg:391.10ms
step:1060/1450 train_time:414845ms step_avg:391.36ms
step:1061/1450 train_time:415514ms step_avg:391.63ms
step:1062/1450 train_time:416187ms step_avg:391.89ms
step:1063/1450 train_time:416854ms step_avg:392.15ms
step:1064/1450 train_time:417522ms step_avg:392.41ms
step:1065/1450 train_time:418193ms step_avg:392.67ms
step:1066/1450 train_time:418861ms step_avg:392.93ms
step:1067/1450 train_time:419530ms step_avg:393.19ms
step:1068/1450 train_time:420200ms step_avg:393.45ms
step:1069/1450 train_time:420869ms step_avg:393.70ms
step:1070/1450 train_time:421539ms step_avg:393.96ms
step:1071/1450 train_time:422207ms step_avg:394.22ms
step:1072/1450 train_time:422877ms step_avg:394.48ms
step:1073/1450 train_time:423546ms step_avg:394.73ms
step:1074/1450 train_time:424216ms step_avg:394.99ms
step:1075/1450 train_time:424885ms step_avg:395.24ms
step:1076/1450 train_time:425556ms step_avg:395.50ms
step:1077/1450 train_time:426226ms step_avg:395.75ms
step:1078/1450 train_time:426896ms step_avg:396.01ms
step:1079/1450 train_time:427562ms step_avg:396.26ms
step:1080/1450 train_time:428229ms step_avg:396.51ms
step:1081/1450 train_time:428900ms step_avg:396.76ms
step:1082/1450 train_time:429569ms step_avg:397.01ms
step:1083/1450 train_time:430240ms step_avg:397.27ms
step:1084/1450 train_time:430909ms step_avg:397.52ms
step:1085/1450 train_time:431580ms step_avg:397.77ms
step:1086/1450 train_time:432249ms step_avg:398.02ms
step:1087/1450 train_time:432917ms step_avg:398.27ms
step:1088/1450 train_time:433584ms step_avg:398.51ms
step:1089/1450 train_time:434254ms step_avg:398.76ms
step:1090/1450 train_time:434923ms step_avg:399.01ms
step:1091/1450 train_time:435594ms step_avg:399.26ms
step:1092/1450 train_time:436263ms step_avg:399.51ms
step:1093/1450 train_time:436932ms step_avg:399.75ms
step:1094/1450 train_time:437600ms step_avg:400.00ms
step:1095/1450 train_time:438269ms step_avg:400.25ms
step:1096/1450 train_time:438940ms step_avg:400.49ms
step:1097/1450 train_time:439608ms step_avg:400.74ms
step:1098/1450 train_time:440276ms step_avg:400.98ms
step:1099/1450 train_time:440944ms step_avg:401.22ms
step:1100/1450 train_time:441616ms step_avg:401.47ms
step:1101/1450 train_time:442286ms step_avg:401.71ms
step:1102/1450 train_time:442953ms step_avg:401.95ms
step:1103/1450 train_time:443620ms step_avg:402.19ms
step:1104/1450 train_time:444287ms step_avg:402.43ms
step:1105/1450 train_time:444958ms step_avg:402.68ms
step:1106/1450 train_time:445626ms step_avg:402.92ms
step:1107/1450 train_time:446294ms step_avg:403.16ms
step:1108/1450 train_time:446962ms step_avg:403.40ms
step:1109/1450 train_time:447634ms step_avg:403.64ms
step:1110/1450 train_time:448302ms step_avg:403.88ms
step:1111/1450 train_time:448973ms step_avg:404.12ms
step:1112/1450 train_time:449642ms step_avg:404.35ms
step:1113/1450 train_time:450310ms step_avg:404.59ms
step:1114/1450 train_time:450981ms step_avg:404.83ms
step:1115/1450 train_time:451648ms step_avg:405.07ms
step:1116/1450 train_time:452321ms step_avg:405.31ms
step:1117/1450 train_time:452989ms step_avg:405.54ms
step:1118/1450 train_time:453659ms step_avg:405.78ms
step:1119/1450 train_time:454328ms step_avg:406.01ms
step:1120/1450 train_time:454998ms step_avg:406.25ms
step:1121/1450 train_time:455663ms step_avg:406.48ms
step:1122/1450 train_time:456333ms step_avg:406.71ms
step:1123/1450 train_time:457001ms step_avg:406.95ms
step:1124/1450 train_time:457671ms step_avg:407.18ms
step:1125/1450 train_time:458339ms step_avg:407.41ms
step:1126/1450 train_time:459007ms step_avg:407.64ms
step:1127/1450 train_time:459678ms step_avg:407.88ms
step:1128/1450 train_time:460347ms step_avg:408.11ms
step:1129/1450 train_time:461013ms step_avg:408.34ms
step:1130/1450 train_time:461686ms step_avg:408.57ms
step:1131/1450 train_time:462356ms step_avg:408.80ms
step:1132/1450 train_time:463024ms step_avg:409.03ms
step:1133/1450 train_time:463692ms step_avg:409.26ms
step:1134/1450 train_time:464361ms step_avg:409.49ms
step:1135/1450 train_time:465029ms step_avg:409.72ms
step:1136/1450 train_time:465699ms step_avg:409.95ms
step:1137/1450 train_time:466368ms step_avg:410.17ms
step:1138/1450 train_time:467036ms step_avg:410.40ms
step:1139/1450 train_time:467701ms step_avg:410.62ms
step:1140/1450 train_time:468369ms step_avg:410.85ms
step:1141/1450 train_time:469038ms step_avg:411.08ms
step:1142/1450 train_time:469706ms step_avg:411.30ms
step:1143/1450 train_time:470377ms step_avg:411.53ms
step:1144/1450 train_time:471045ms step_avg:411.75ms
step:1145/1450 train_time:471712ms step_avg:411.98ms
step:1146/1450 train_time:472381ms step_avg:412.20ms
step:1147/1450 train_time:473047ms step_avg:412.42ms
step:1148/1450 train_time:473718ms step_avg:412.65ms
step:1149/1450 train_time:474386ms step_avg:412.87ms
step:1150/1450 train_time:475059ms step_avg:413.09ms
step:1151/1450 train_time:475727ms step_avg:413.32ms
step:1152/1450 train_time:476398ms step_avg:413.54ms
step:1153/1450 train_time:477065ms step_avg:413.76ms
step:1154/1450 train_time:477737ms step_avg:413.98ms
step:1155/1450 train_time:478408ms step_avg:414.21ms
step:1156/1450 train_time:479077ms step_avg:414.43ms
step:1157/1450 train_time:479746ms step_avg:414.65ms
step:1158/1450 train_time:480415ms step_avg:414.87ms
step:1159/1450 train_time:481086ms step_avg:415.09ms
step:1160/1450 train_time:481754ms step_avg:415.31ms
step:1161/1450 train_time:482423ms step_avg:415.52ms
step:1162/1450 train_time:483092ms step_avg:415.74ms
step:1163/1450 train_time:483761ms step_avg:415.96ms
step:1164/1450 train_time:484431ms step_avg:416.18ms
step:1165/1450 train_time:485100ms step_avg:416.39ms
step:1166/1450 train_time:485768ms step_avg:416.61ms
step:1167/1450 train_time:486437ms step_avg:416.83ms
step:1168/1450 train_time:487105ms step_avg:417.04ms
step:1169/1450 train_time:487777ms step_avg:417.26ms
step:1170/1450 train_time:488446ms step_avg:417.48ms
step:1171/1450 train_time:489117ms step_avg:417.69ms
step:1172/1450 train_time:489786ms step_avg:417.91ms
step:1173/1450 train_time:490457ms step_avg:418.12ms
step:1174/1450 train_time:491124ms step_avg:418.33ms
step:1175/1450 train_time:491793ms step_avg:418.55ms
step:1176/1450 train_time:492460ms step_avg:418.76ms
step:1177/1450 train_time:493131ms step_avg:418.97ms
step:1178/1450 train_time:493798ms step_avg:419.18ms
step:1179/1450 train_time:494465ms step_avg:419.39ms
step:1180/1450 train_time:495134ms step_avg:419.60ms
step:1181/1450 train_time:495799ms step_avg:419.81ms
step:1182/1450 train_time:496469ms step_avg:420.02ms
step:1183/1450 train_time:497139ms step_avg:420.24ms
step:1184/1450 train_time:497808ms step_avg:420.45ms
step:1185/1450 train_time:498481ms step_avg:420.66ms
step:1186/1450 train_time:499151ms step_avg:420.87ms
step:1187/1450 train_time:499821ms step_avg:421.08ms
step:1188/1450 train_time:500492ms step_avg:421.29ms
step:1189/1450 train_time:501163ms step_avg:421.50ms
step:1190/1450 train_time:501832ms step_avg:421.71ms
step:1191/1450 train_time:502501ms step_avg:421.92ms
step:1192/1450 train_time:503169ms step_avg:422.12ms
step:1193/1450 train_time:503835ms step_avg:422.33ms
step:1194/1450 train_time:504504ms step_avg:422.53ms
step:1195/1450 train_time:505170ms step_avg:422.74ms
step:1196/1450 train_time:505838ms step_avg:422.94ms
step:1197/1450 train_time:506507ms step_avg:423.15ms
step:1198/1450 train_time:507177ms step_avg:423.35ms
step:1199/1450 train_time:507845ms step_avg:423.56ms
step:1200/1450 train_time:508516ms step_avg:423.76ms
step:1201/1450 train_time:509185ms step_avg:423.97ms
step:1202/1450 train_time:509855ms step_avg:424.17ms
step:1203/1450 train_time:510523ms step_avg:424.37ms
step:1204/1450 train_time:511195ms step_avg:424.58ms
step:1205/1450 train_time:511865ms step_avg:424.78ms
step:1206/1450 train_time:512535ms step_avg:424.99ms
step:1207/1450 train_time:513203ms step_avg:425.19ms
step:1208/1450 train_time:513870ms step_avg:425.39ms
step:1209/1450 train_time:514541ms step_avg:425.59ms
step:1210/1450 train_time:515210ms step_avg:425.79ms
step:1211/1450 train_time:515883ms step_avg:426.00ms
step:1212/1450 train_time:516551ms step_avg:426.20ms
step:1213/1450 train_time:517220ms step_avg:426.40ms
step:1214/1450 train_time:517891ms step_avg:426.60ms
step:1215/1450 train_time:518559ms step_avg:426.80ms
step:1216/1450 train_time:519228ms step_avg:427.00ms
step:1217/1450 train_time:519899ms step_avg:427.20ms
step:1218/1450 train_time:520566ms step_avg:427.39ms
step:1219/1450 train_time:521234ms step_avg:427.59ms
step:1220/1450 train_time:521904ms step_avg:427.79ms
step:1221/1450 train_time:522571ms step_avg:427.99ms
step:1222/1450 train_time:523239ms step_avg:428.18ms
step:1223/1450 train_time:523908ms step_avg:428.38ms
step:1224/1450 train_time:524577ms step_avg:428.58ms
step:1225/1450 train_time:525244ms step_avg:428.77ms
step:1226/1450 train_time:525915ms step_avg:428.97ms
step:1227/1450 train_time:526583ms step_avg:429.16ms
step:1228/1450 train_time:527253ms step_avg:429.36ms
step:1229/1450 train_time:527923ms step_avg:429.55ms
step:1230/1450 train_time:528593ms step_avg:429.75ms
step:1231/1450 train_time:529263ms step_avg:429.95ms
step:1232/1450 train_time:529930ms step_avg:430.14ms
step:1233/1450 train_time:530600ms step_avg:430.33ms
step:1234/1450 train_time:531271ms step_avg:430.53ms
step:1235/1450 train_time:531941ms step_avg:430.72ms
step:1236/1450 train_time:532608ms step_avg:430.91ms
step:1237/1450 train_time:533279ms step_avg:431.11ms
step:1238/1450 train_time:533945ms step_avg:431.30ms
step:1239/1450 train_time:534614ms step_avg:431.49ms
step:1240/1450 train_time:535284ms step_avg:431.68ms
step:1241/1450 train_time:535951ms step_avg:431.87ms
step:1242/1450 train_time:536620ms step_avg:432.06ms
step:1243/1450 train_time:537289ms step_avg:432.25ms
step:1244/1450 train_time:537961ms step_avg:432.44ms
step:1245/1450 train_time:538630ms step_avg:432.63ms
step:1246/1450 train_time:539300ms step_avg:432.82ms
step:1247/1450 train_time:539968ms step_avg:433.01ms
step:1248/1450 train_time:540639ms step_avg:433.20ms
step:1249/1450 train_time:541305ms step_avg:433.39ms
step:1250/1450 train_time:541972ms step_avg:433.58ms
step:1251/1450 train_time:542645ms step_avg:433.77ms
step:1252/1450 train_time:543311ms step_avg:433.95ms
step:1253/1450 train_time:543982ms step_avg:434.14ms
step:1254/1450 train_time:544651ms step_avg:434.33ms
step:1255/1450 train_time:545322ms step_avg:434.52ms
step:1256/1450 train_time:545990ms step_avg:434.71ms
step:1257/1450 train_time:546660ms step_avg:434.89ms
step:1258/1450 train_time:547327ms step_avg:435.08ms
step:1259/1450 train_time:547998ms step_avg:435.26ms
step:1260/1450 train_time:548664ms step_avg:435.45ms
step:1261/1450 train_time:549333ms step_avg:435.63ms
step:1262/1450 train_time:550000ms step_avg:435.82ms
step:1263/1450 train_time:550668ms step_avg:436.00ms
step:1264/1450 train_time:551337ms step_avg:436.18ms
step:1265/1450 train_time:552007ms step_avg:436.37ms
step:1266/1450 train_time:552675ms step_avg:436.55ms
step:1267/1450 train_time:553348ms step_avg:436.74ms
step:1268/1450 train_time:554019ms step_avg:436.92ms
step:1269/1450 train_time:554687ms step_avg:437.11ms
step:1270/1450 train_time:555360ms step_avg:437.29ms
step:1271/1450 train_time:556025ms step_avg:437.47ms
step:1272/1450 train_time:556693ms step_avg:437.65ms
step:1273/1450 train_time:557361ms step_avg:437.83ms
step:1274/1450 train_time:558030ms step_avg:438.01ms
step:1275/1450 train_time:558701ms step_avg:438.20ms
step:1276/1450 train_time:559370ms step_avg:438.38ms
step:1277/1450 train_time:560039ms step_avg:438.56ms
step:1278/1450 train_time:560708ms step_avg:438.74ms
step:1279/1450 train_time:561380ms step_avg:438.92ms
step:1280/1450 train_time:562050ms step_avg:439.10ms
step:1281/1450 train_time:562718ms step_avg:439.28ms
step:1282/1450 train_time:563388ms step_avg:439.46ms
step:1283/1450 train_time:564059ms step_avg:439.64ms
step:1284/1450 train_time:564727ms step_avg:439.82ms
step:1285/1450 train_time:565395ms step_avg:440.00ms
step:1286/1450 train_time:566062ms step_avg:440.17ms
step:1287/1450 train_time:566730ms step_avg:440.35ms
step:1288/1450 train_time:567398ms step_avg:440.53ms
step:1289/1450 train_time:568066ms step_avg:440.70ms
step:1290/1450 train_time:568735ms step_avg:440.88ms
step:1291/1450 train_time:569403ms step_avg:441.06ms
step:1292/1450 train_time:570073ms step_avg:441.23ms
step:1293/1450 train_time:570743ms step_avg:441.41ms
step:1294/1450 train_time:571416ms step_avg:441.59ms
step:1295/1450 train_time:572085ms step_avg:441.76ms
step:1296/1450 train_time:572756ms step_avg:441.94ms
step:1297/1450 train_time:573423ms step_avg:442.11ms
step:1298/1450 train_time:574092ms step_avg:442.29ms
step:1299/1450 train_time:574763ms step_avg:442.47ms
step:1300/1450 train_time:575430ms step_avg:442.64ms
step:1301/1450 train_time:576100ms step_avg:442.81ms
step:1302/1450 train_time:576768ms step_avg:442.99ms
step:1303/1450 train_time:577436ms step_avg:443.16ms
step:1304/1450 train_time:578103ms step_avg:443.33ms
step:1305/1450 train_time:578772ms step_avg:443.50ms
step:1306/1450 train_time:579443ms step_avg:443.68ms
step:1307/1450 train_time:580113ms step_avg:443.85ms
step:1308/1450 train_time:580781ms step_avg:444.02ms
step:1309/1450 train_time:581452ms step_avg:444.20ms
step:1310/1450 train_time:582123ms step_avg:444.37ms
step:1311/1450 train_time:582793ms step_avg:444.54ms
step:1312/1450 train_time:583465ms step_avg:444.71ms
step:1313/1450 train_time:584134ms step_avg:444.89ms
step:1314/1450 train_time:584804ms step_avg:445.06ms
step:1315/1450 train_time:585473ms step_avg:445.23ms
step:1316/1450 train_time:586143ms step_avg:445.40ms
step:1317/1450 train_time:586810ms step_avg:445.57ms
step:1318/1450 train_time:587480ms step_avg:445.74ms
step:1319/1450 train_time:588148ms step_avg:445.90ms
step:1320/1450 train_time:588816ms step_avg:446.07ms
step:1321/1450 train_time:589484ms step_avg:446.24ms
step:1322/1450 train_time:590149ms step_avg:446.41ms
step:1323/1450 train_time:590821ms step_avg:446.58ms
step:1324/1450 train_time:591491ms step_avg:446.75ms
step:1325/1450 train_time:592159ms step_avg:446.91ms
step:1326/1450 train_time:592827ms step_avg:447.08ms
step:1327/1450 train_time:593497ms step_avg:447.25ms
step:1328/1450 train_time:594167ms step_avg:447.42ms
step:1329/1450 train_time:594835ms step_avg:447.58ms
step:1330/1450 train_time:595503ms step_avg:447.75ms
step:1331/1450 train_time:596170ms step_avg:447.91ms
step:1332/1450 train_time:596841ms step_avg:448.08ms
step:1333/1450 train_time:597511ms step_avg:448.25ms
step:1334/1450 train_time:598182ms step_avg:448.41ms
step:1335/1450 train_time:598850ms step_avg:448.58ms
step:1336/1450 train_time:599523ms step_avg:448.74ms
step:1337/1450 train_time:600190ms step_avg:448.91ms
step:1338/1450 train_time:600861ms step_avg:449.07ms
step:1339/1450 train_time:601530ms step_avg:449.24ms
step:1340/1450 train_time:602200ms step_avg:449.40ms
step:1341/1450 train_time:602869ms step_avg:449.57ms
step:1342/1450 train_time:603537ms step_avg:449.73ms
step:1343/1450 train_time:604207ms step_avg:449.89ms
step:1344/1450 train_time:604878ms step_avg:450.06ms
step:1345/1450 train_time:605546ms step_avg:450.22ms
step:1346/1450 train_time:606216ms step_avg:450.38ms
step:1347/1450 train_time:606884ms step_avg:450.54ms
step:1348/1450 train_time:607555ms step_avg:450.71ms
step:1349/1450 train_time:608223ms step_avg:450.87ms
step:1350/1450 train_time:608893ms step_avg:451.03ms
step:1351/1450 train_time:609564ms step_avg:451.19ms
step:1352/1450 train_time:610232ms step_avg:451.36ms
step:1353/1450 train_time:610902ms step_avg:451.52ms
step:1354/1450 train_time:611572ms step_avg:451.68ms
step:1355/1450 train_time:612240ms step_avg:451.84ms
step:1356/1450 train_time:612910ms step_avg:452.00ms
step:1357/1450 train_time:613582ms step_avg:452.16ms
step:1358/1450 train_time:614250ms step_avg:452.32ms
step:1359/1450 train_time:614922ms step_avg:452.48ms
step:1360/1450 train_time:615592ms step_avg:452.64ms
step:1361/1450 train_time:616261ms step_avg:452.80ms
step:1362/1450 train_time:616930ms step_avg:452.96ms
step:1363/1450 train_time:617600ms step_avg:453.12ms
step:1364/1450 train_time:618271ms step_avg:453.28ms
step:1365/1450 train_time:618941ms step_avg:453.44ms
step:1366/1450 train_time:619608ms step_avg:453.59ms
step:1367/1450 train_time:620282ms step_avg:453.75ms
step:1368/1450 train_time:620950ms step_avg:453.91ms
step:1369/1450 train_time:621620ms step_avg:454.07ms
step:1370/1450 train_time:622286ms step_avg:454.22ms
step:1371/1450 train_time:622958ms step_avg:454.38ms
step:1372/1450 train_time:623627ms step_avg:454.54ms
step:1373/1450 train_time:624297ms step_avg:454.70ms
step:1374/1450 train_time:624962ms step_avg:454.85ms
step:1375/1450 train_time:625631ms step_avg:455.00ms
step:1376/1450 train_time:626308ms step_avg:455.17ms
step:1377/1450 train_time:626982ms step_avg:455.32ms
step:1378/1450 train_time:627652ms step_avg:455.48ms
step:1379/1450 train_time:628325ms step_avg:455.64ms
step:1380/1450 train_time:628996ms step_avg:455.79ms
step:1381/1450 train_time:629667ms step_avg:455.95ms
step:1382/1450 train_time:630339ms step_avg:456.11ms
step:1383/1450 train_time:631011ms step_avg:456.26ms
step:1384/1450 train_time:631686ms step_avg:456.42ms
step:1385/1450 train_time:632355ms step_avg:456.57ms
step:1385/1450 val_loss:3.2861 train_time:632451ms step_avg:456.64ms
step:1386/1450 train_time:633030ms step_avg:456.73ms
step:1386/1450 val_loss:3.2857 train_time:633127ms step_avg:456.80ms
step:1387/1450 train_time:633701ms step_avg:456.89ms
step:1387/1450 val_loss:3.2855 train_time:633797ms step_avg:456.96ms
step:1388/1450 train_time:634372ms step_avg:457.04ms
step:1388/1450 val_loss:3.2852 train_time:634470ms step_avg:457.11ms
step:1389/1450 train_time:635046ms step_avg:457.20ms
step:1389/1450 val_loss:3.2851 train_time:635143ms step_avg:457.27ms
step:1390/1450 train_time:635721ms step_avg:457.35ms
step:1390/1450 val_loss:3.2847 train_time:635819ms step_avg:457.42ms
step:1391/1450 train_time:636395ms step_avg:457.51ms
step:1391/1450 val_loss:3.2846 train_time:636489ms step_avg:457.58ms
step:1392/1450 train_time:637068ms step_avg:457.66ms
step:1392/1450 val_loss:3.2844 train_time:637165ms step_avg:457.73ms
step:1393/1450 train_time:637740ms step_avg:457.82ms
step:1393/1450 val_loss:3.2843 train_time:637837ms step_avg:457.89ms
step:1394/1450 train_time:638412ms step_avg:457.97ms
step:1394/1450 val_loss:3.2839 train_time:638511ms step_avg:458.04ms
step:1395/1450 train_time:639083ms step_avg:458.12ms
step:1395/1450 val_loss:3.2838 train_time:639178ms step_avg:458.19ms
step:1396/1450 train_time:639754ms step_avg:458.28ms
step:1396/1450 val_loss:3.2834 train_time:639852ms step_avg:458.35ms
step:1397/1450 train_time:640428ms step_avg:458.43ms
step:1397/1450 val_loss:3.2833 train_time:640524ms step_avg:458.50ms
step:1398/1450 train_time:641099ms step_avg:458.58ms
step:1398/1450 val_loss:3.2830 train_time:641198ms step_avg:458.65ms
step:1399/1450 train_time:641772ms step_avg:458.74ms
step:1399/1450 val_loss:3.2829 train_time:641871ms step_avg:458.81ms
step:1400/1450 train_time:642450ms step_avg:458.89ms
step:1400/1450 val_loss:3.2827 train_time:642549ms step_avg:458.96ms
step:1401/1450 train_time:643126ms step_avg:459.05ms
step:1401/1450 val_loss:3.2825 train_time:643220ms step_avg:459.12ms
step:1402/1450 train_time:643798ms step_avg:459.20ms
step:1402/1450 val_loss:3.2823 train_time:643897ms step_avg:459.27ms
step:1403/1450 train_time:644472ms step_avg:459.35ms
step:1403/1450 val_loss:3.2822 train_time:644569ms step_avg:459.42ms
step:1404/1450 train_time:645147ms step_avg:459.51ms
step:1404/1450 val_loss:3.2818 train_time:645244ms step_avg:459.58ms
step:1405/1450 train_time:645817ms step_avg:459.66ms
step:1405/1450 val_loss:3.2817 train_time:645914ms step_avg:459.73ms
step:1406/1450 train_time:646490ms step_avg:459.81ms
step:1406/1450 val_loss:3.2814 train_time:646588ms step_avg:459.88ms
step:1407/1450 train_time:647161ms step_avg:459.96ms
step:1407/1450 val_loss:3.2812 train_time:647257ms step_avg:460.03ms
step:1408/1450 train_time:647833ms step_avg:460.11ms
step:1408/1450 val_loss:3.2809 train_time:647930ms step_avg:460.18ms
step:1409/1450 train_time:648504ms step_avg:460.26ms
step:1409/1450 val_loss:3.2807 train_time:648600ms step_avg:460.33ms
step:1410/1450 train_time:649178ms step_avg:460.41ms
step:1410/1450 val_loss:3.2803 train_time:649277ms step_avg:460.48ms
step:1411/1450 train_time:649852ms step_avg:460.56ms
step:1411/1450 val_loss:3.2802 train_time:649949ms step_avg:460.63ms
step:1412/1450 train_time:650524ms step_avg:460.71ms
step:1412/1450 val_loss:3.2801 train_time:650622ms step_avg:460.78ms
step:1413/1450 train_time:651197ms step_avg:460.86ms
step:1413/1450 val_loss:3.2799 train_time:651294ms step_avg:460.93ms
Stopping early at step 1413: val_loss 3.2799 < 3.28
peak memory allocated: 37327 MiB reserved: 52430 MiB
