RUN_START laplacian-ablation-record-100 2026-05-26T02:00:07+00:00
[Gloo] Rank 0 is connected to 0 peer ranks. Expected number of connected peer ranks is : 0
Warning: You are sending unauthenticated requests to the HF Hub. Please set a HF_TOKEN to enable higher rate limits and faster downloads.
Fetching 4 files:   0%|          | 0/4 [00:00<?, ?it/s]Fetching 4 files: 100%|██████████| 4/4 [00:00<00:00, 79137.81it/s]
/root/xsa_gate_ablation/logs/laplacian-ablation-record-100.txt
Skipping kernel warmup
Capping training loop at 100 optimizer steps
step:0/100 val_loss:10.8268 train_time:0ms step_avg:0.20ms
step:1/100 train_time:93180ms step_avg:93180.13ms
step:2/100 train_time:98371ms step_avg:49185.51ms
step:3/100 train_time:98572ms step_avg:32857.50ms
step:4/100 train_time:98812ms step_avg:24702.92ms
step:5/100 train_time:99052ms step_avg:19810.34ms
step:6/100 train_time:99292ms step_avg:16548.74ms
step:7/100 train_time:99537ms step_avg:14219.61ms
step:8/100 train_time:99778ms step_avg:12472.19ms
step:9/100 train_time:100019ms step_avg:11113.17ms
step:10/100 train_time:100259ms step_avg:10025.94ms
step:11/100 train_time:100504ms step_avg:9136.75ms
step:12/100 train_time:100746ms step_avg:8395.47ms
step:13/100 train_time:100988ms step_avg:7768.30ms
step:14/100 train_time:101229ms step_avg:7230.64ms
step:15/100 train_time:101471ms step_avg:6764.76ms
step:16/100 train_time:101713ms step_avg:6357.08ms
step:17/100 train_time:101957ms step_avg:5997.47ms
step:18/100 train_time:102198ms step_avg:5677.69ms
step:19/100 train_time:102442ms step_avg:5391.70ms
step:20/100 train_time:102685ms step_avg:5134.23ms
step:21/100 train_time:102926ms step_avg:4901.26ms
step:22/100 train_time:103168ms step_avg:4689.47ms
step:23/100 train_time:103410ms step_avg:4496.10ms
step:24/100 train_time:103651ms step_avg:4318.80ms
step:25/100 train_time:103895ms step_avg:4155.79ms
step:26/100 train_time:104138ms step_avg:4005.30ms
step:27/100 train_time:104381ms step_avg:3865.97ms
step:28/100 train_time:104623ms step_avg:3736.55ms
step:29/100 train_time:104866ms step_avg:3616.06ms
step:30/100 train_time:105107ms step_avg:3503.58ms
step:31/100 train_time:105349ms step_avg:3398.37ms
step:32/100 train_time:105592ms step_avg:3299.74ms
step:33/100 train_time:105835ms step_avg:3207.12ms
step:34/100 train_time:106078ms step_avg:3119.93ms
step:35/100 train_time:106321ms step_avg:3037.74ms
step:36/100 train_time:106562ms step_avg:2960.07ms
step:37/100 train_time:106806ms step_avg:2886.64ms
step:38/100 train_time:107048ms step_avg:2817.06ms
step:39/100 train_time:107291ms step_avg:2751.05ms
step:40/100 train_time:107532ms step_avg:2688.30ms
step:41/100 train_time:107775ms step_avg:2628.66ms
step:42/100 train_time:108017ms step_avg:2571.84ms
step:43/100 train_time:108261ms step_avg:2517.70ms
step:44/100 train_time:108504ms step_avg:2466.01ms
step:45/100 train_time:108747ms step_avg:2416.60ms
step:46/100 train_time:108988ms step_avg:2369.31ms
step:47/100 train_time:109231ms step_avg:2324.06ms
step:48/100 train_time:109476ms step_avg:2280.76ms
step:49/100 train_time:109720ms step_avg:2239.18ms
step:50/100 train_time:109961ms step_avg:2199.21ms
step:51/100 train_time:110204ms step_avg:2160.86ms
step:52/100 train_time:110446ms step_avg:2123.96ms
step:53/100 train_time:110689ms step_avg:2088.47ms
step:54/100 train_time:110931ms step_avg:2054.28ms
step:55/100 train_time:111175ms step_avg:2021.35ms
step:56/100 train_time:111417ms step_avg:1989.59ms
step:57/100 train_time:111662ms step_avg:1958.98ms
step:58/100 train_time:111904ms step_avg:1929.38ms
step:59/100 train_time:112147ms step_avg:1900.79ms
step:60/100 train_time:112388ms step_avg:1873.14ms
step:61/100 train_time:112631ms step_avg:1846.42ms
step:62/100 train_time:112874ms step_avg:1820.55ms
step:63/100 train_time:113118ms step_avg:1795.53ms
step:64/100 train_time:113361ms step_avg:1771.26ms
step:65/100 train_time:113606ms step_avg:1747.78ms
step:66/100 train_time:113847ms step_avg:1724.96ms
step:67/100 train_time:114090ms step_avg:1702.84ms
step:68/100 train_time:114343ms step_avg:1681.51ms
step:69/100 train_time:114578ms step_avg:1660.55ms
step:70/100 train_time:114821ms step_avg:1640.29ms
step:71/100 train_time:115065ms step_avg:1620.63ms
step:72/100 train_time:115307ms step_avg:1601.49ms
step:73/100 train_time:115551ms step_avg:1582.89ms
step:74/100 train_time:115794ms step_avg:1564.79ms
step:75/100 train_time:116038ms step_avg:1547.18ms
step:76/100 train_time:116282ms step_avg:1530.03ms
step:77/100 train_time:116525ms step_avg:1513.31ms
step:78/100 train_time:116768ms step_avg:1497.03ms
step:79/100 train_time:117011ms step_avg:1481.15ms
step:80/100 train_time:117255ms step_avg:1465.68ms
step:81/100 train_time:117499ms step_avg:1450.61ms
step:82/100 train_time:117741ms step_avg:1435.87ms
step:83/100 train_time:117985ms step_avg:1421.51ms
step:84/100 train_time:118229ms step_avg:1407.49ms
step:85/100 train_time:118473ms step_avg:1393.80ms
step:86/100 train_time:118717ms step_avg:1380.43ms
step:87/100 train_time:118961ms step_avg:1367.37ms
step:88/100 train_time:119206ms step_avg:1354.61ms
step:89/100 train_time:119449ms step_avg:1342.12ms
step:90/100 train_time:119692ms step_avg:1329.91ms
step:91/100 train_time:119937ms step_avg:1317.99ms
step:92/100 train_time:120179ms step_avg:1306.30ms
step:93/100 train_time:120424ms step_avg:1294.88ms
step:94/100 train_time:120667ms step_avg:1283.69ms
step:95/100 train_time:120910ms step_avg:1272.74ms
step:96/100 train_time:121152ms step_avg:1262.00ms
step:97/100 train_time:121397ms step_avg:1251.52ms
step:98/100 train_time:121639ms step_avg:1241.21ms
step:99/100 train_time:121882ms step_avg:1231.13ms
step:100/100 train_time:122125ms step_avg:1221.25ms
step:100/100 val_loss:5.0153 train_time:122165ms step_avg:1221.65ms
peak memory allocated: 31408 MiB reserved: 39090 MiB
RUN_DONE laplacian-ablation-record-100 2026-05-26T02:03:28+00:00
RUN_START laplacian-ablation-laplacian-100 2026-05-26T02:03:28+00:00
[Gloo] Rank 0 is connected to 0 peer ranks. Expected number of connected peer ranks is : 0
Fetching 4 files:   0%|          | 0/4 [00:00<?, ?it/s]Fetching 4 files: 100%|██████████| 4/4 [00:00<00:00, 75915.00it/s]
/root/xsa_gate_ablation/logs/laplacian-ablation-laplacian-100.txt
Skipping kernel warmup
Capping training loop at 100 optimizer steps
step:0/100 val_loss:10.8279 train_time:0ms step_avg:0.18ms
step:1/100 train_time:85402ms step_avg:85402.35ms
step:2/100 train_time:90349ms step_avg:45174.54ms
step:3/100 train_time:90548ms step_avg:30182.74ms
step:4/100 train_time:90785ms step_avg:22696.28ms
step:5/100 train_time:91023ms step_avg:18204.68ms
step:6/100 train_time:91261ms step_avg:15210.24ms
step:7/100 train_time:91505ms step_avg:13072.15ms
step:8/100 train_time:91742ms step_avg:11467.77ms
step:9/100 train_time:91981ms step_avg:10220.09ms
step:10/100 train_time:92219ms step_avg:9221.94ms
step:11/100 train_time:92461ms step_avg:8405.55ms
step:12/100 train_time:92700ms step_avg:7725.03ms
step:13/100 train_time:92941ms step_avg:7149.29ms
step:14/100 train_time:93178ms step_avg:6655.60ms
step:15/100 train_time:93420ms step_avg:6228.03ms
step:16/100 train_time:93660ms step_avg:5853.78ms
step:17/100 train_time:93901ms step_avg:5523.57ms
step:18/100 train_time:94139ms step_avg:5229.92ms
step:19/100 train_time:94379ms step_avg:4967.30ms
step:20/100 train_time:94619ms step_avg:4730.94ms
step:21/100 train_time:94860ms step_avg:4517.15ms
step:22/100 train_time:95100ms step_avg:4322.73ms
step:23/100 train_time:95339ms step_avg:4145.19ms
step:24/100 train_time:95580ms step_avg:3982.48ms
step:25/100 train_time:95821ms step_avg:3832.82ms
step:26/100 train_time:96059ms step_avg:3694.59ms
step:27/100 train_time:96299ms step_avg:3566.62ms
step:28/100 train_time:96538ms step_avg:3447.79ms
step:29/100 train_time:96779ms step_avg:3337.20ms
step:30/100 train_time:97019ms step_avg:3233.96ms
step:31/100 train_time:97260ms step_avg:3137.43ms
step:32/100 train_time:97501ms step_avg:3046.91ms
step:33/100 train_time:97741ms step_avg:2961.86ms
step:34/100 train_time:97980ms step_avg:2881.76ms
step:35/100 train_time:98220ms step_avg:2806.30ms
step:36/100 train_time:98463ms step_avg:2735.09ms
step:37/100 train_time:98702ms step_avg:2667.63ms
step:38/100 train_time:98940ms step_avg:2603.69ms
step:39/100 train_time:99180ms step_avg:2543.08ms
step:40/100 train_time:99420ms step_avg:2485.50ms
step:41/100 train_time:99660ms step_avg:2430.73ms
step:42/100 train_time:99899ms step_avg:2378.56ms
step:43/100 train_time:100140ms step_avg:2328.84ms
step:44/100 train_time:100379ms step_avg:2281.34ms
step:45/100 train_time:100620ms step_avg:2236.00ms
step:46/100 train_time:100859ms step_avg:2192.60ms
step:47/100 train_time:101101ms step_avg:2151.08ms
step:48/100 train_time:101340ms step_avg:2111.25ms
step:49/100 train_time:101581ms step_avg:2073.07ms
step:50/100 train_time:101820ms step_avg:2036.40ms
step:51/100 train_time:102061ms step_avg:2001.19ms
step:52/100 train_time:102300ms step_avg:1967.31ms
step:53/100 train_time:102541ms step_avg:1934.73ms
step:54/100 train_time:102780ms step_avg:1903.34ms
step:55/100 train_time:103021ms step_avg:1873.11ms
step:56/100 train_time:103260ms step_avg:1843.92ms
step:57/100 train_time:103500ms step_avg:1815.79ms
step:58/100 train_time:103739ms step_avg:1788.61ms
step:59/100 train_time:103981ms step_avg:1762.38ms
step:60/100 train_time:104220ms step_avg:1737.00ms
step:61/100 train_time:104461ms step_avg:1712.47ms
step:62/100 train_time:104701ms step_avg:1688.72ms
step:63/100 train_time:104941ms step_avg:1665.73ms
step:64/100 train_time:105181ms step_avg:1643.45ms
step:65/100 train_time:105421ms step_avg:1621.86ms
step:66/100 train_time:105660ms step_avg:1600.91ms
step:67/100 train_time:105900ms step_avg:1580.60ms
step:68/100 train_time:106140ms step_avg:1560.88ms
step:69/100 train_time:106380ms step_avg:1541.74ms
step:70/100 train_time:106620ms step_avg:1523.14ms
step:71/100 train_time:106861ms step_avg:1505.08ms
step:72/100 train_time:107101ms step_avg:1487.51ms
step:73/100 train_time:107342ms step_avg:1470.44ms
step:74/100 train_time:107581ms step_avg:1453.80ms
step:75/100 train_time:107822ms step_avg:1437.62ms
step:76/100 train_time:108061ms step_avg:1421.85ms
step:77/100 train_time:108302ms step_avg:1406.52ms
step:78/100 train_time:108542ms step_avg:1391.56ms
step:79/100 train_time:108782ms step_avg:1376.99ms
step:80/100 train_time:109022ms step_avg:1362.77ms
step:81/100 train_time:109264ms step_avg:1348.94ms
step:82/100 train_time:109502ms step_avg:1335.39ms
step:83/100 train_time:109742ms step_avg:1322.20ms
step:84/100 train_time:109982ms step_avg:1309.30ms
step:85/100 train_time:110222ms step_avg:1296.73ms
step:86/100 train_time:110462ms step_avg:1284.44ms
step:87/100 train_time:110703ms step_avg:1272.44ms
step:88/100 train_time:110942ms step_avg:1260.70ms
step:89/100 train_time:111182ms step_avg:1249.23ms
step:90/100 train_time:111422ms step_avg:1238.02ms
step:91/100 train_time:111662ms step_avg:1227.05ms
step:92/100 train_time:111901ms step_avg:1216.32ms
step:93/100 train_time:112141ms step_avg:1205.82ms
step:94/100 train_time:112380ms step_avg:1195.53ms
step:95/100 train_time:112621ms step_avg:1185.49ms
step:96/100 train_time:112860ms step_avg:1175.63ms
step:97/100 train_time:113101ms step_avg:1165.99ms
step:98/100 train_time:113340ms step_avg:1156.53ms
step:99/100 train_time:113581ms step_avg:1147.28ms
step:100/100 train_time:113820ms step_avg:1138.20ms
step:100/100 val_loss:5.2321 train_time:113861ms step_avg:1138.61ms
peak memory allocated: 31408 MiB reserved: 39088 MiB
RUN_DONE laplacian-ablation-laplacian-100 2026-05-26T02:06:36+00:00
RUN_START laplacian-ablation-laplacian-gated-100 2026-05-26T02:06:36+00:00
[Gloo] Rank 0 is connected to 0 peer ranks. Expected number of connected peer ranks is : 0
Fetching 4 files:   0%|          | 0/4 [00:00<?, ?it/s]Fetching 4 files: 100%|██████████| 4/4 [00:00<00:00, 11650.84it/s]
/root/xsa_gate_ablation/logs/laplacian-ablation-laplacian-gated-100.txt
Skipping kernel warmup
Capping training loop at 100 optimizer steps
step:0/100 val_loss:10.8321 train_time:0ms step_avg:0.20ms
step:1/100 train_time:87605ms step_avg:87605.44ms
step:2/100 train_time:92844ms step_avg:46421.99ms
step:3/100 train_time:93046ms step_avg:31015.26ms
step:4/100 train_time:93285ms step_avg:23321.23ms
step:5/100 train_time:93525ms step_avg:18705.06ms
step:6/100 train_time:93767ms step_avg:15627.91ms
step:7/100 train_time:94013ms step_avg:13430.40ms
step:8/100 train_time:94255ms step_avg:11781.87ms
step:9/100 train_time:94494ms step_avg:10499.39ms
step:10/100 train_time:94735ms step_avg:9473.48ms
step:11/100 train_time:94979ms step_avg:8634.46ms
step:12/100 train_time:95221ms step_avg:7935.10ms
step:13/100 train_time:95464ms step_avg:7343.37ms
step:14/100 train_time:95705ms step_avg:6836.09ms
step:15/100 train_time:95949ms step_avg:6396.62ms
step:16/100 train_time:96193ms step_avg:6012.06ms
step:17/100 train_time:96434ms step_avg:5672.60ms
step:18/100 train_time:96675ms step_avg:5370.84ms
step:19/100 train_time:96918ms step_avg:5100.96ms
step:20/100 train_time:97160ms step_avg:4857.98ms
step:21/100 train_time:97402ms step_avg:4638.20ms
step:22/100 train_time:97645ms step_avg:4438.40ms
step:23/100 train_time:97888ms step_avg:4255.99ms
step:24/100 train_time:98130ms step_avg:4088.75ms
step:25/100 train_time:98373ms step_avg:3934.90ms
step:26/100 train_time:98614ms step_avg:3792.83ms
step:27/100 train_time:98857ms step_avg:3661.36ms
step:28/100 train_time:99098ms step_avg:3539.21ms
step:29/100 train_time:99340ms step_avg:3425.53ms
step:30/100 train_time:99583ms step_avg:3319.43ms
step:31/100 train_time:99826ms step_avg:3220.19ms
step:32/100 train_time:100068ms step_avg:3127.13ms
step:33/100 train_time:100311ms step_avg:3039.73ms
step:34/100 train_time:100554ms step_avg:2957.47ms
step:35/100 train_time:100796ms step_avg:2879.90ms
step:36/100 train_time:101038ms step_avg:2806.60ms
step:37/100 train_time:101280ms step_avg:2737.30ms
step:38/100 train_time:101522ms step_avg:2671.64ms
step:39/100 train_time:101766ms step_avg:2609.38ms
step:40/100 train_time:102008ms step_avg:2550.20ms
step:41/100 train_time:102250ms step_avg:2493.91ms
step:42/100 train_time:102493ms step_avg:2440.30ms
step:43/100 train_time:102736ms step_avg:2389.20ms
step:44/100 train_time:102978ms step_avg:2340.40ms
step:45/100 train_time:103221ms step_avg:2293.80ms
step:46/100 train_time:103464ms step_avg:2249.21ms
step:47/100 train_time:103707ms step_avg:2206.53ms
step:48/100 train_time:103949ms step_avg:2165.60ms
step:49/100 train_time:104191ms step_avg:2126.36ms
step:50/100 train_time:104433ms step_avg:2088.66ms
step:51/100 train_time:104676ms step_avg:2052.46ms
step:52/100 train_time:104916ms step_avg:2017.61ms
step:53/100 train_time:105158ms step_avg:1984.12ms
step:54/100 train_time:105400ms step_avg:1951.85ms
step:55/100 train_time:105642ms step_avg:1920.77ms
step:56/100 train_time:105885ms step_avg:1890.80ms
step:57/100 train_time:106128ms step_avg:1861.89ms
step:58/100 train_time:106370ms step_avg:1833.97ms
step:59/100 train_time:106613ms step_avg:1807.00ms
step:60/100 train_time:106856ms step_avg:1780.93ms
step:61/100 train_time:107097ms step_avg:1755.70ms
step:62/100 train_time:107338ms step_avg:1731.26ms
step:63/100 train_time:107581ms step_avg:1707.64ms
step:64/100 train_time:107824ms step_avg:1684.76ms
step:65/100 train_time:108069ms step_avg:1662.59ms
step:66/100 train_time:108311ms step_avg:1641.08ms
step:67/100 train_time:108554ms step_avg:1620.21ms
step:68/100 train_time:108796ms step_avg:1599.93ms
step:69/100 train_time:109039ms step_avg:1580.27ms
step:70/100 train_time:109281ms step_avg:1561.16ms
step:71/100 train_time:109525ms step_avg:1542.60ms
step:72/100 train_time:109767ms step_avg:1524.54ms
step:73/100 train_time:110011ms step_avg:1507.00ms
step:74/100 train_time:110252ms step_avg:1489.90ms
step:75/100 train_time:110495ms step_avg:1473.27ms
step:76/100 train_time:110737ms step_avg:1457.07ms
step:77/100 train_time:110981ms step_avg:1441.31ms
step:78/100 train_time:111223ms step_avg:1425.93ms
step:79/100 train_time:111465ms step_avg:1410.95ms
step:80/100 train_time:111707ms step_avg:1396.34ms
step:81/100 train_time:111950ms step_avg:1382.09ms
step:82/100 train_time:112193ms step_avg:1368.20ms
step:83/100 train_time:112435ms step_avg:1354.64ms
step:84/100 train_time:112678ms step_avg:1341.40ms
step:85/100 train_time:112921ms step_avg:1328.48ms
step:86/100 train_time:113164ms step_avg:1315.86ms
step:87/100 train_time:113407ms step_avg:1303.53ms
step:88/100 train_time:113650ms step_avg:1291.48ms
step:89/100 train_time:113894ms step_avg:1279.70ms
step:90/100 train_time:114136ms step_avg:1268.17ms
step:91/100 train_time:114380ms step_avg:1256.92ms
step:92/100 train_time:114622ms step_avg:1245.89ms
step:93/100 train_time:114865ms step_avg:1235.11ms
step:94/100 train_time:115107ms step_avg:1224.54ms
step:95/100 train_time:115351ms step_avg:1214.22ms
step:96/100 train_time:115593ms step_avg:1204.10ms
step:97/100 train_time:115836ms step_avg:1194.18ms
step:98/100 train_time:116078ms step_avg:1184.47ms
step:99/100 train_time:116322ms step_avg:1174.97ms
step:100/100 train_time:116565ms step_avg:1165.65ms
step:100/100 val_loss:5.2090 train_time:116606ms step_avg:1166.06ms
peak memory allocated: 31408 MiB reserved: 39088 MiB
RUN_DONE laplacian-ablation-laplacian-gated-100 2026-05-26T02:09:48+00:00
