[Gloo] Rank 0 is connected to 0 peer ranks. Expected number of connected peer ranks is : 0
Fetching 4 files:   0%|          | 0/4 [00:00<?, ?it/s]Fetching 4 files: 100%|██████████| 4/4 [00:00<00:00, 13389.64it/s]
/root/modded-nanogpt/logs/record-detached-no-attn-gate-stop328-1450.txt
Compiling model and warming up kernels (~7 minutes on first execution)
Sampling steps [0, 1, 456, 457, 458, 459, 915, 916, 917, 918, 1373, 1374, 1375, 1376] for warmup
Resetting Model
Capping training loop at 1450 optimizer steps
step:0/1450 val_loss:10.8279 train_time:1ms step_avg:0.66ms
step:1/1450 train_time:231ms step_avg:230.77ms
step:2/1450 train_time:463ms step_avg:231.26ms
step:3/1450 train_time:697ms step_avg:232.24ms
step:4/1450 train_time:931ms step_avg:232.67ms
step:5/1450 train_time:1172ms step_avg:234.40ms
step:6/1450 train_time:1408ms step_avg:234.66ms
step:7/1450 train_time:1644ms step_avg:234.89ms
step:8/1450 train_time:1879ms step_avg:234.86ms
step:9/1450 train_time:2118ms step_avg:235.33ms
step:10/1450 train_time:2355ms step_avg:235.54ms
step:11/1450 train_time:2593ms step_avg:235.71ms
step:12/1450 train_time:2829ms step_avg:235.74ms
step:13/1450 train_time:3066ms step_avg:235.86ms
step:14/1450 train_time:3305ms step_avg:236.05ms
step:15/1450 train_time:3541ms step_avg:236.07ms
step:16/1450 train_time:3778ms step_avg:236.12ms
step:17/1450 train_time:4017ms step_avg:236.28ms
step:18/1450 train_time:4253ms step_avg:236.29ms
step:19/1450 train_time:4491ms step_avg:236.36ms
step:20/1450 train_time:4726ms step_avg:236.32ms
step:21/1450 train_time:4963ms step_avg:236.35ms
step:22/1450 train_time:5201ms step_avg:236.40ms
step:23/1450 train_time:5439ms step_avg:236.47ms
step:24/1450 train_time:5676ms step_avg:236.48ms
step:25/1450 train_time:5912ms step_avg:236.50ms
step:26/1450 train_time:6151ms step_avg:236.56ms
step:27/1450 train_time:6390ms step_avg:236.65ms
step:28/1450 train_time:6627ms step_avg:236.68ms
step:29/1450 train_time:6864ms step_avg:236.70ms
step:30/1450 train_time:7101ms step_avg:236.71ms
step:31/1450 train_time:7339ms step_avg:236.75ms
step:32/1450 train_time:7577ms step_avg:236.78ms
step:33/1450 train_time:7814ms step_avg:236.79ms
step:34/1450 train_time:8051ms step_avg:236.79ms
step:35/1450 train_time:8288ms step_avg:236.80ms
step:36/1450 train_time:8524ms step_avg:236.78ms
step:37/1450 train_time:8762ms step_avg:236.81ms
step:38/1450 train_time:9000ms step_avg:236.83ms
step:39/1450 train_time:9238ms step_avg:236.87ms
step:40/1450 train_time:9475ms step_avg:236.88ms
step:41/1450 train_time:9712ms step_avg:236.88ms
step:42/1450 train_time:9948ms step_avg:236.86ms
step:43/1450 train_time:10185ms step_avg:236.86ms
step:44/1450 train_time:10422ms step_avg:236.87ms
step:45/1450 train_time:10660ms step_avg:236.89ms
step:46/1450 train_time:10897ms step_avg:236.89ms
step:47/1450 train_time:11134ms step_avg:236.89ms
step:48/1450 train_time:11370ms step_avg:236.87ms
step:49/1450 train_time:11609ms step_avg:236.91ms
step:50/1450 train_time:11845ms step_avg:236.89ms
step:51/1450 train_time:12082ms step_avg:236.90ms
step:52/1450 train_time:12319ms step_avg:236.91ms
step:53/1450 train_time:12557ms step_avg:236.92ms
step:54/1450 train_time:12793ms step_avg:236.92ms
step:55/1450 train_time:13031ms step_avg:236.93ms
step:56/1450 train_time:13268ms step_avg:236.92ms
step:57/1450 train_time:13506ms step_avg:236.94ms
step:58/1450 train_time:13741ms step_avg:236.92ms
step:59/1450 train_time:13979ms step_avg:236.93ms
step:60/1450 train_time:14215ms step_avg:236.91ms
step:61/1450 train_time:14453ms step_avg:236.93ms
step:62/1450 train_time:14690ms step_avg:236.93ms
step:63/1450 train_time:14927ms step_avg:236.93ms
step:64/1450 train_time:15163ms step_avg:236.93ms
step:65/1450 train_time:15401ms step_avg:236.94ms
step:66/1450 train_time:15640ms step_avg:236.96ms
step:67/1450 train_time:15877ms step_avg:236.97ms
step:68/1450 train_time:16113ms step_avg:236.95ms
step:69/1450 train_time:16351ms step_avg:236.96ms
step:70/1450 train_time:16589ms step_avg:236.98ms
step:71/1450 train_time:16827ms step_avg:237.01ms
step:72/1450 train_time:17064ms step_avg:237.00ms
step:73/1450 train_time:17301ms step_avg:237.00ms
step:74/1450 train_time:17538ms step_avg:237.00ms
step:75/1450 train_time:17777ms step_avg:237.02ms
step:76/1450 train_time:18014ms step_avg:237.03ms
step:77/1450 train_time:18252ms step_avg:237.04ms
step:78/1450 train_time:18489ms step_avg:237.04ms
step:79/1450 train_time:18726ms step_avg:237.04ms
step:80/1450 train_time:18963ms step_avg:237.04ms
step:81/1450 train_time:19201ms step_avg:237.04ms
step:82/1450 train_time:19438ms step_avg:237.05ms
step:83/1450 train_time:19675ms step_avg:237.05ms
step:84/1450 train_time:19912ms step_avg:237.05ms
step:85/1450 train_time:20150ms step_avg:237.06ms
step:86/1450 train_time:20387ms step_avg:237.06ms
step:87/1450 train_time:20625ms step_avg:237.07ms
step:88/1450 train_time:20861ms step_avg:237.06ms
step:89/1450 train_time:21100ms step_avg:237.08ms
step:90/1450 train_time:21339ms step_avg:237.09ms
step:91/1450 train_time:21577ms step_avg:237.11ms
step:92/1450 train_time:21813ms step_avg:237.10ms
step:93/1450 train_time:22051ms step_avg:237.10ms
step:94/1450 train_time:22287ms step_avg:237.10ms
step:95/1450 train_time:22525ms step_avg:237.10ms
step:96/1450 train_time:22762ms step_avg:237.11ms
step:97/1450 train_time:23000ms step_avg:237.12ms
step:98/1450 train_time:23238ms step_avg:237.13ms
step:99/1450 train_time:23477ms step_avg:237.14ms
step:100/1450 train_time:23714ms step_avg:237.14ms
step:100/1450 val_loss:4.9896 train_time:23757ms step_avg:237.57ms
step:101/1450 train_time:23954ms step_avg:237.17ms
step:102/1450 train_time:24191ms step_avg:237.17ms
step:103/1450 train_time:24431ms step_avg:237.19ms
step:104/1450 train_time:24669ms step_avg:237.20ms
step:105/1450 train_time:24907ms step_avg:237.21ms
step:106/1450 train_time:25144ms step_avg:237.20ms
step:107/1450 train_time:25382ms step_avg:237.22ms
step:108/1450 train_time:25620ms step_avg:237.22ms
step:109/1450 train_time:25859ms step_avg:237.24ms
step:110/1450 train_time:26096ms step_avg:237.24ms
step:111/1450 train_time:26336ms step_avg:237.26ms
step:112/1450 train_time:26574ms step_avg:237.27ms
step:113/1450 train_time:26813ms step_avg:237.28ms
step:114/1450 train_time:27054ms step_avg:237.31ms
step:115/1450 train_time:27289ms step_avg:237.29ms
step:116/1450 train_time:27526ms step_avg:237.29ms
step:117/1450 train_time:27763ms step_avg:237.29ms
step:118/1450 train_time:28001ms step_avg:237.30ms
step:119/1450 train_time:28238ms step_avg:237.30ms
step:120/1450 train_time:28475ms step_avg:237.29ms
step:121/1450 train_time:28713ms step_avg:237.30ms
step:122/1450 train_time:28951ms step_avg:237.30ms
step:123/1450 train_time:29190ms step_avg:237.32ms
step:124/1450 train_time:29427ms step_avg:237.32ms
step:125/1450 train_time:29666ms step_avg:237.33ms
step:126/1450 train_time:29903ms step_avg:237.33ms
step:127/1450 train_time:30141ms step_avg:237.33ms
step:128/1450 train_time:30381ms step_avg:237.35ms
step:129/1450 train_time:30617ms step_avg:237.34ms
step:130/1450 train_time:30855ms step_avg:237.34ms
step:131/1450 train_time:31093ms step_avg:237.35ms
step:132/1450 train_time:31331ms step_avg:237.36ms
step:133/1450 train_time:31570ms step_avg:237.37ms
step:134/1450 train_time:31808ms step_avg:237.38ms
step:135/1450 train_time:32047ms step_avg:237.38ms
step:136/1450 train_time:32284ms step_avg:237.38ms
step:137/1450 train_time:32522ms step_avg:237.39ms
step:138/1450 train_time:32760ms step_avg:237.39ms
step:139/1450 train_time:33000ms step_avg:237.41ms
step:140/1450 train_time:33239ms step_avg:237.42ms
step:141/1450 train_time:33475ms step_avg:237.41ms
step:142/1450 train_time:33714ms step_avg:237.42ms
step:143/1450 train_time:33952ms step_avg:237.42ms
step:144/1450 train_time:34190ms step_avg:237.43ms
step:145/1450 train_time:34429ms step_avg:237.44ms
step:146/1450 train_time:34665ms step_avg:237.43ms
step:147/1450 train_time:34903ms step_avg:237.43ms
step:148/1450 train_time:35141ms step_avg:237.44ms
step:149/1450 train_time:35380ms step_avg:237.45ms
step:150/1450 train_time:35619ms step_avg:237.46ms
step:151/1450 train_time:35857ms step_avg:237.46ms
step:152/1450 train_time:36094ms step_avg:237.46ms
step:153/1450 train_time:36332ms step_avg:237.47ms
step:154/1450 train_time:36570ms step_avg:237.47ms
step:155/1450 train_time:36810ms step_avg:237.48ms
step:156/1450 train_time:37046ms step_avg:237.47ms
step:157/1450 train_time:37284ms step_avg:237.47ms
step:158/1450 train_time:37522ms step_avg:237.48ms
step:159/1450 train_time:37761ms step_avg:237.49ms
step:160/1450 train_time:38000ms step_avg:237.50ms
step:161/1450 train_time:38238ms step_avg:237.50ms
step:162/1450 train_time:38475ms step_avg:237.50ms
step:163/1450 train_time:38713ms step_avg:237.51ms
step:164/1450 train_time:38952ms step_avg:237.51ms
step:165/1450 train_time:39191ms step_avg:237.52ms
step:166/1450 train_time:39430ms step_avg:237.53ms
step:167/1450 train_time:39666ms step_avg:237.52ms
step:168/1450 train_time:39903ms step_avg:237.52ms
step:169/1450 train_time:40142ms step_avg:237.53ms
step:170/1450 train_time:40380ms step_avg:237.53ms
step:171/1450 train_time:40619ms step_avg:237.54ms
step:172/1450 train_time:40857ms step_avg:237.54ms
step:173/1450 train_time:41096ms step_avg:237.55ms
step:174/1450 train_time:41333ms step_avg:237.55ms
step:175/1450 train_time:41572ms step_avg:237.56ms
step:176/1450 train_time:41810ms step_avg:237.56ms
step:177/1450 train_time:42049ms step_avg:237.57ms
step:178/1450 train_time:42286ms step_avg:237.56ms
step:179/1450 train_time:42524ms step_avg:237.56ms
step:180/1450 train_time:42762ms step_avg:237.57ms
step:181/1450 train_time:43001ms step_avg:237.57ms
step:182/1450 train_time:43238ms step_avg:237.57ms
step:183/1450 train_time:43477ms step_avg:237.58ms
step:184/1450 train_time:43714ms step_avg:237.57ms
step:185/1450 train_time:43953ms step_avg:237.58ms
step:186/1450 train_time:44191ms step_avg:237.59ms
step:187/1450 train_time:44430ms step_avg:237.60ms
step:188/1450 train_time:44666ms step_avg:237.58ms
step:189/1450 train_time:44904ms step_avg:237.59ms
step:190/1450 train_time:45142ms step_avg:237.59ms
step:191/1450 train_time:45381ms step_avg:237.60ms
step:192/1450 train_time:45617ms step_avg:237.59ms
step:193/1450 train_time:45856ms step_avg:237.60ms
step:194/1450 train_time:46093ms step_avg:237.60ms
step:195/1450 train_time:46333ms step_avg:237.60ms
step:196/1450 train_time:46570ms step_avg:237.60ms
step:197/1450 train_time:46810ms step_avg:237.61ms
step:198/1450 train_time:47046ms step_avg:237.61ms
step:199/1450 train_time:47285ms step_avg:237.61ms
step:200/1450 train_time:47522ms step_avg:237.61ms
step:200/1450 val_loss:4.6000 train_time:47565ms step_avg:237.82ms
step:201/1450 train_time:47762ms step_avg:237.62ms
step:202/1450 train_time:48000ms step_avg:237.62ms
step:203/1450 train_time:48239ms step_avg:237.63ms
step:204/1450 train_time:48475ms step_avg:237.62ms
step:205/1450 train_time:48713ms step_avg:237.62ms
step:206/1450 train_time:48950ms step_avg:237.62ms
step:207/1450 train_time:49189ms step_avg:237.63ms
step:208/1450 train_time:49427ms step_avg:237.63ms
step:209/1450 train_time:49665ms step_avg:237.63ms
step:210/1450 train_time:49902ms step_avg:237.63ms
step:211/1450 train_time:50141ms step_avg:237.64ms
step:212/1450 train_time:50380ms step_avg:237.64ms
step:213/1450 train_time:50619ms step_avg:237.65ms
step:214/1450 train_time:50856ms step_avg:237.64ms
step:215/1450 train_time:51093ms step_avg:237.64ms
step:216/1450 train_time:51331ms step_avg:237.65ms
step:217/1450 train_time:51570ms step_avg:237.65ms
step:218/1450 train_time:51807ms step_avg:237.65ms
step:219/1450 train_time:52046ms step_avg:237.65ms
step:220/1450 train_time:52283ms step_avg:237.65ms
step:221/1450 train_time:52522ms step_avg:237.66ms
step:222/1450 train_time:52760ms step_avg:237.66ms
step:223/1450 train_time:53000ms step_avg:237.67ms
step:224/1450 train_time:53238ms step_avg:237.67ms
step:225/1450 train_time:53478ms step_avg:237.68ms
step:226/1450 train_time:53714ms step_avg:237.67ms
step:227/1450 train_time:53953ms step_avg:237.68ms
step:228/1450 train_time:54190ms step_avg:237.68ms
step:229/1450 train_time:54430ms step_avg:237.68ms
step:230/1450 train_time:54668ms step_avg:237.69ms
step:231/1450 train_time:54907ms step_avg:237.69ms
step:232/1450 train_time:55144ms step_avg:237.69ms
step:233/1450 train_time:55382ms step_avg:237.69ms
step:234/1450 train_time:55622ms step_avg:237.70ms
step:235/1450 train_time:55859ms step_avg:237.70ms
step:236/1450 train_time:56097ms step_avg:237.70ms
step:237/1450 train_time:56335ms step_avg:237.70ms
step:238/1450 train_time:56572ms step_avg:237.70ms
step:239/1450 train_time:56811ms step_avg:237.70ms
step:240/1450 train_time:57049ms step_avg:237.70ms
step:241/1450 train_time:57288ms step_avg:237.71ms
step:242/1450 train_time:57526ms step_avg:237.71ms
step:243/1450 train_time:57765ms step_avg:237.72ms
step:244/1450 train_time:58002ms step_avg:237.71ms
step:245/1450 train_time:58241ms step_avg:237.72ms
step:246/1450 train_time:58479ms step_avg:237.72ms
step:247/1450 train_time:58717ms step_avg:237.72ms
step:248/1450 train_time:58954ms step_avg:237.72ms
step:249/1450 train_time:59192ms step_avg:237.72ms
step:250/1450 train_time:59429ms step_avg:237.72ms
step:251/1450 train_time:59669ms step_avg:237.73ms
step:252/1450 train_time:59907ms step_avg:237.73ms
step:253/1450 train_time:60146ms step_avg:237.73ms
step:254/1450 train_time:60383ms step_avg:237.73ms
step:255/1450 train_time:60622ms step_avg:237.73ms
step:256/1450 train_time:60860ms step_avg:237.73ms
step:257/1450 train_time:61099ms step_avg:237.74ms
step:258/1450 train_time:61337ms step_avg:237.74ms
step:259/1450 train_time:61575ms step_avg:237.74ms
step:260/1450 train_time:61812ms step_avg:237.74ms
step:261/1450 train_time:62051ms step_avg:237.74ms
step:262/1450 train_time:62288ms step_avg:237.74ms
step:263/1450 train_time:62528ms step_avg:237.75ms
step:264/1450 train_time:62765ms step_avg:237.75ms
step:265/1450 train_time:63004ms step_avg:237.75ms
step:266/1450 train_time:63242ms step_avg:237.75ms
step:267/1450 train_time:63481ms step_avg:237.76ms
step:268/1450 train_time:63719ms step_avg:237.76ms
step:269/1450 train_time:63958ms step_avg:237.76ms
step:270/1450 train_time:64195ms step_avg:237.76ms
step:271/1450 train_time:64432ms step_avg:237.76ms
step:272/1450 train_time:64671ms step_avg:237.76ms
step:273/1450 train_time:64910ms step_avg:237.77ms
step:274/1450 train_time:65149ms step_avg:237.77ms
step:275/1450 train_time:65388ms step_avg:237.77ms
step:276/1450 train_time:65626ms step_avg:237.77ms
step:277/1450 train_time:65864ms step_avg:237.78ms
step:278/1450 train_time:66101ms step_avg:237.77ms
step:279/1450 train_time:66340ms step_avg:237.78ms
step:280/1450 train_time:66579ms step_avg:237.78ms
step:281/1450 train_time:66818ms step_avg:237.79ms
step:282/1450 train_time:67055ms step_avg:237.78ms
step:283/1450 train_time:67293ms step_avg:237.79ms
step:284/1450 train_time:67531ms step_avg:237.79ms
step:285/1450 train_time:67771ms step_avg:237.79ms
step:286/1450 train_time:68008ms step_avg:237.79ms
step:287/1450 train_time:68246ms step_avg:237.79ms
step:288/1450 train_time:68483ms step_avg:237.79ms
step:289/1450 train_time:68722ms step_avg:237.79ms
step:290/1450 train_time:68961ms step_avg:237.80ms
step:291/1450 train_time:69200ms step_avg:237.80ms
step:292/1450 train_time:69438ms step_avg:237.80ms
step:293/1450 train_time:69676ms step_avg:237.80ms
step:294/1450 train_time:69913ms step_avg:237.80ms
step:295/1450 train_time:70151ms step_avg:237.80ms
step:296/1450 train_time:70391ms step_avg:237.81ms
step:297/1450 train_time:70629ms step_avg:237.81ms
step:298/1450 train_time:70867ms step_avg:237.81ms
step:299/1450 train_time:71106ms step_avg:237.81ms
step:300/1450 train_time:71343ms step_avg:237.81ms
step:300/1450 val_loss:4.4343 train_time:71385ms step_avg:237.95ms
step:301/1450 train_time:71582ms step_avg:237.82ms
step:302/1450 train_time:71822ms step_avg:237.82ms
step:303/1450 train_time:72060ms step_avg:237.82ms
step:304/1450 train_time:72299ms step_avg:237.83ms
step:305/1450 train_time:72537ms step_avg:237.83ms
step:306/1450 train_time:72775ms step_avg:237.83ms
step:307/1450 train_time:73012ms step_avg:237.83ms
step:308/1450 train_time:73251ms step_avg:237.83ms
step:309/1450 train_time:73490ms step_avg:237.83ms
step:310/1450 train_time:73727ms step_avg:237.83ms
step:311/1450 train_time:73965ms step_avg:237.83ms
step:312/1450 train_time:74203ms step_avg:237.83ms
step:313/1450 train_time:74442ms step_avg:237.83ms
step:314/1450 train_time:74681ms step_avg:237.84ms
step:315/1450 train_time:74920ms step_avg:237.84ms
step:316/1450 train_time:75157ms step_avg:237.84ms
step:317/1450 train_time:75395ms step_avg:237.84ms
step:318/1450 train_time:75633ms step_avg:237.84ms
step:319/1450 train_time:75872ms step_avg:237.84ms
step:320/1450 train_time:76111ms step_avg:237.85ms
step:321/1450 train_time:76350ms step_avg:237.85ms
step:322/1450 train_time:76588ms step_avg:237.85ms
step:323/1450 train_time:76828ms step_avg:237.86ms
step:324/1450 train_time:77065ms step_avg:237.86ms
step:325/1450 train_time:77303ms step_avg:237.86ms
step:326/1450 train_time:77541ms step_avg:237.86ms
step:327/1450 train_time:77781ms step_avg:237.86ms
step:328/1450 train_time:78019ms step_avg:237.86ms
step:329/1450 train_time:78258ms step_avg:237.87ms
step:330/1450 train_time:78494ms step_avg:237.86ms
step:331/1450 train_time:78733ms step_avg:237.86ms
step:332/1450 train_time:78972ms step_avg:237.87ms
step:333/1450 train_time:79211ms step_avg:237.87ms
step:334/1450 train_time:79449ms step_avg:237.87ms
step:335/1450 train_time:79688ms step_avg:237.87ms
step:336/1450 train_time:79925ms step_avg:237.87ms
step:337/1450 train_time:80165ms step_avg:237.88ms
step:338/1450 train_time:80403ms step_avg:237.88ms
step:339/1450 train_time:80642ms step_avg:237.88ms
step:340/1450 train_time:80881ms step_avg:237.88ms
step:341/1450 train_time:81120ms step_avg:237.89ms
step:342/1450 train_time:81356ms step_avg:237.88ms
step:343/1450 train_time:81594ms step_avg:237.88ms
step:344/1450 train_time:81832ms step_avg:237.88ms
step:345/1450 train_time:82072ms step_avg:237.89ms
step:346/1450 train_time:82311ms step_avg:237.89ms
step:347/1450 train_time:82549ms step_avg:237.89ms
step:348/1450 train_time:82788ms step_avg:237.90ms
step:349/1450 train_time:83026ms step_avg:237.90ms
step:350/1450 train_time:83263ms step_avg:237.90ms
step:351/1450 train_time:83503ms step_avg:237.90ms
step:352/1450 train_time:83741ms step_avg:237.90ms
step:353/1450 train_time:83981ms step_avg:237.91ms
step:354/1450 train_time:84218ms step_avg:237.91ms
step:355/1450 train_time:84458ms step_avg:237.91ms
step:356/1450 train_time:84694ms step_avg:237.91ms
step:357/1450 train_time:84933ms step_avg:237.91ms
step:358/1450 train_time:85172ms step_avg:237.91ms
step:359/1450 train_time:85411ms step_avg:237.91ms
step:360/1450 train_time:85649ms step_avg:237.91ms
step:361/1450 train_time:85888ms step_avg:237.92ms
step:362/1450 train_time:86125ms step_avg:237.91ms
step:363/1450 train_time:86363ms step_avg:237.91ms
step:364/1450 train_time:86601ms step_avg:237.91ms
step:365/1450 train_time:86840ms step_avg:237.92ms
step:366/1450 train_time:87078ms step_avg:237.92ms
step:367/1450 train_time:87317ms step_avg:237.92ms
step:368/1450 train_time:87554ms step_avg:237.92ms
step:369/1450 train_time:87792ms step_avg:237.92ms
step:370/1450 train_time:88031ms step_avg:237.92ms
step:371/1450 train_time:88269ms step_avg:237.92ms
step:372/1450 train_time:88506ms step_avg:237.92ms
step:373/1450 train_time:88745ms step_avg:237.92ms
step:374/1450 train_time:88983ms step_avg:237.92ms
step:375/1450 train_time:89222ms step_avg:237.93ms
step:376/1450 train_time:89461ms step_avg:237.93ms
step:377/1450 train_time:89700ms step_avg:237.93ms
step:378/1450 train_time:89938ms step_avg:237.93ms
step:379/1450 train_time:90177ms step_avg:237.93ms
step:380/1450 train_time:90414ms step_avg:237.93ms
step:381/1450 train_time:90652ms step_avg:237.93ms
step:382/1450 train_time:90890ms step_avg:237.93ms
step:383/1450 train_time:91128ms step_avg:237.93ms
step:384/1450 train_time:91365ms step_avg:237.93ms
step:385/1450 train_time:91604ms step_avg:237.93ms
step:386/1450 train_time:91842ms step_avg:237.93ms
step:387/1450 train_time:92081ms step_avg:237.94ms
step:388/1450 train_time:92320ms step_avg:237.94ms
step:389/1450 train_time:92559ms step_avg:237.94ms
step:390/1450 train_time:92798ms step_avg:237.94ms
step:391/1450 train_time:93036ms step_avg:237.94ms
step:392/1450 train_time:93272ms step_avg:237.94ms
step:393/1450 train_time:93512ms step_avg:237.94ms
step:394/1450 train_time:93751ms step_avg:237.95ms
step:395/1450 train_time:93990ms step_avg:237.95ms
step:396/1450 train_time:94227ms step_avg:237.95ms
step:397/1450 train_time:94466ms step_avg:237.95ms
step:398/1450 train_time:94704ms step_avg:237.95ms
step:399/1450 train_time:94943ms step_avg:237.95ms
step:400/1450 train_time:95181ms step_avg:237.95ms
step:400/1450 val_loss:4.3052 train_time:95223ms step_avg:238.06ms
step:401/1450 train_time:95422ms step_avg:237.96ms
step:402/1450 train_time:95659ms step_avg:237.96ms
step:403/1450 train_time:95897ms step_avg:237.96ms
step:404/1450 train_time:96136ms step_avg:237.96ms
step:405/1450 train_time:96376ms step_avg:237.97ms
step:406/1450 train_time:96614ms step_avg:237.97ms
step:407/1450 train_time:96852ms step_avg:237.97ms
step:408/1450 train_time:97089ms step_avg:237.96ms
step:409/1450 train_time:97329ms step_avg:237.97ms
step:410/1450 train_time:97567ms step_avg:237.97ms
step:411/1450 train_time:97806ms step_avg:237.97ms
step:412/1450 train_time:98045ms step_avg:237.97ms
step:413/1450 train_time:98285ms step_avg:237.98ms
step:414/1450 train_time:98523ms step_avg:237.98ms
step:415/1450 train_time:98762ms step_avg:237.98ms
step:416/1450 train_time:98999ms step_avg:237.98ms
step:417/1450 train_time:99239ms step_avg:237.98ms
step:418/1450 train_time:99478ms step_avg:237.99ms
step:419/1450 train_time:99716ms step_avg:237.99ms
step:420/1450 train_time:99954ms step_avg:237.99ms
step:421/1450 train_time:100192ms step_avg:237.99ms
step:422/1450 train_time:100430ms step_avg:237.99ms
step:423/1450 train_time:100670ms step_avg:237.99ms
step:424/1450 train_time:100908ms step_avg:237.99ms
step:425/1450 train_time:101147ms step_avg:237.99ms
step:426/1450 train_time:101387ms step_avg:238.00ms
step:427/1450 train_time:101625ms step_avg:238.00ms
step:428/1450 train_time:101862ms step_avg:238.00ms
step:429/1450 train_time:102101ms step_avg:238.00ms
step:430/1450 train_time:102339ms step_avg:238.00ms
step:431/1450 train_time:102577ms step_avg:238.00ms
step:432/1450 train_time:102815ms step_avg:238.00ms
step:433/1450 train_time:103053ms step_avg:238.00ms
step:434/1450 train_time:103291ms step_avg:238.00ms
step:435/1450 train_time:103529ms step_avg:238.00ms
step:436/1450 train_time:103768ms step_avg:238.00ms
step:437/1450 train_time:104010ms step_avg:238.01ms
step:438/1450 train_time:104247ms step_avg:238.01ms
step:439/1450 train_time:104486ms step_avg:238.01ms
step:440/1450 train_time:104723ms step_avg:238.01ms
step:441/1450 train_time:104961ms step_avg:238.01ms
step:442/1450 train_time:105201ms step_avg:238.01ms
step:443/1450 train_time:105440ms step_avg:238.01ms
step:444/1450 train_time:105679ms step_avg:238.01ms
step:445/1450 train_time:105917ms step_avg:238.01ms
step:446/1450 train_time:106156ms step_avg:238.02ms
step:447/1450 train_time:106394ms step_avg:238.02ms
step:448/1450 train_time:106632ms step_avg:238.02ms
step:449/1450 train_time:106869ms step_avg:238.02ms
step:450/1450 train_time:107108ms step_avg:238.02ms
step:451/1450 train_time:107348ms step_avg:238.02ms
step:452/1450 train_time:107585ms step_avg:238.02ms
step:453/1450 train_time:107825ms step_avg:238.02ms
step:454/1450 train_time:108062ms step_avg:238.02ms
step:455/1450 train_time:108301ms step_avg:238.02ms
step:456/1450 train_time:108539ms step_avg:238.02ms
step:457/1450 train_time:108778ms step_avg:238.03ms
step:458/1450 train_time:109016ms step_avg:238.03ms
step:459/1450 train_time:109440ms step_avg:238.43ms
step:460/1450 train_time:109887ms step_avg:238.88ms
step:461/1450 train_time:110330ms step_avg:239.33ms
step:462/1450 train_time:110777ms step_avg:239.78ms
step:463/1450 train_time:111223ms step_avg:240.22ms
step:464/1450 train_time:111668ms step_avg:240.66ms
step:465/1450 train_time:112113ms step_avg:241.10ms
step:466/1450 train_time:112559ms step_avg:241.54ms
step:467/1450 train_time:113006ms step_avg:241.98ms
step:468/1450 train_time:113451ms step_avg:242.42ms
step:469/1450 train_time:113898ms step_avg:242.85ms
step:470/1450 train_time:114344ms step_avg:243.29ms
step:471/1450 train_time:114790ms step_avg:243.71ms
step:472/1450 train_time:115236ms step_avg:244.14ms
step:473/1450 train_time:115680ms step_avg:244.57ms
step:474/1450 train_time:116128ms step_avg:245.00ms
step:475/1450 train_time:116571ms step_avg:245.41ms
step:476/1450 train_time:117018ms step_avg:245.84ms
step:477/1450 train_time:117465ms step_avg:246.26ms
step:478/1450 train_time:117909ms step_avg:246.67ms
step:479/1450 train_time:118354ms step_avg:247.09ms
step:480/1450 train_time:118800ms step_avg:247.50ms
step:481/1450 train_time:119245ms step_avg:247.91ms
step:482/1450 train_time:119689ms step_avg:248.32ms
step:483/1450 train_time:120136ms step_avg:248.73ms
step:484/1450 train_time:120582ms step_avg:249.14ms
step:485/1450 train_time:121027ms step_avg:249.54ms
step:486/1450 train_time:121474ms step_avg:249.95ms
step:487/1450 train_time:121917ms step_avg:250.34ms
step:488/1450 train_time:122363ms step_avg:250.74ms
step:489/1450 train_time:122808ms step_avg:251.14ms
step:490/1450 train_time:123253ms step_avg:251.54ms
step:491/1450 train_time:123701ms step_avg:251.94ms
step:492/1450 train_time:124145ms step_avg:252.33ms
step:493/1450 train_time:124589ms step_avg:252.72ms
step:494/1450 train_time:125035ms step_avg:253.11ms
step:495/1450 train_time:125479ms step_avg:253.49ms
step:496/1450 train_time:125924ms step_avg:253.88ms
step:497/1450 train_time:126369ms step_avg:254.26ms
step:498/1450 train_time:126814ms step_avg:254.65ms
step:499/1450 train_time:127260ms step_avg:255.03ms
step:500/1450 train_time:127707ms step_avg:255.41ms
step:500/1450 val_loss:4.1736 train_time:127776ms step_avg:255.55ms
step:501/1450 train_time:128152ms step_avg:255.79ms
step:502/1450 train_time:128601ms step_avg:256.18ms
step:503/1450 train_time:129047ms step_avg:256.55ms
step:504/1450 train_time:129492ms step_avg:256.93ms
step:505/1450 train_time:129940ms step_avg:257.31ms
step:506/1450 train_time:130385ms step_avg:257.68ms
step:507/1450 train_time:130832ms step_avg:258.05ms
step:508/1450 train_time:131277ms step_avg:258.42ms
step:509/1450 train_time:131723ms step_avg:258.79ms
step:510/1450 train_time:132169ms step_avg:259.15ms
step:511/1450 train_time:132615ms step_avg:259.52ms
step:512/1450 train_time:133063ms step_avg:259.89ms
step:513/1450 train_time:133506ms step_avg:260.24ms
step:514/1450 train_time:133952ms step_avg:260.61ms
step:515/1450 train_time:134398ms step_avg:260.97ms
step:516/1450 train_time:134844ms step_avg:261.33ms
step:517/1450 train_time:135289ms step_avg:261.68ms
step:518/1450 train_time:135736ms step_avg:262.04ms
step:519/1450 train_time:136182ms step_avg:262.39ms
step:520/1450 train_time:136627ms step_avg:262.74ms
step:521/1450 train_time:137073ms step_avg:263.10ms
step:522/1450 train_time:137521ms step_avg:263.45ms
step:523/1450 train_time:137967ms step_avg:263.80ms
step:524/1450 train_time:138412ms step_avg:264.14ms
step:525/1450 train_time:138858ms step_avg:264.49ms
step:526/1450 train_time:139304ms step_avg:264.84ms
step:527/1450 train_time:139749ms step_avg:265.18ms
step:528/1450 train_time:140195ms step_avg:265.52ms
step:529/1450 train_time:140639ms step_avg:265.86ms
step:530/1450 train_time:141086ms step_avg:266.20ms
step:531/1450 train_time:141532ms step_avg:266.54ms
step:532/1450 train_time:141978ms step_avg:266.88ms
step:533/1450 train_time:142423ms step_avg:267.21ms
step:534/1450 train_time:142869ms step_avg:267.54ms
step:535/1450 train_time:143314ms step_avg:267.88ms
step:536/1450 train_time:143761ms step_avg:268.21ms
step:537/1450 train_time:144204ms step_avg:268.54ms
step:538/1450 train_time:144652ms step_avg:268.87ms
step:539/1450 train_time:145096ms step_avg:269.19ms
step:540/1450 train_time:145543ms step_avg:269.52ms
step:541/1450 train_time:145989ms step_avg:269.85ms
step:542/1450 train_time:146434ms step_avg:270.17ms
step:543/1450 train_time:146882ms step_avg:270.50ms
step:544/1450 train_time:147326ms step_avg:270.82ms
step:545/1450 train_time:147770ms step_avg:271.14ms
step:546/1450 train_time:148217ms step_avg:271.46ms
step:547/1450 train_time:148663ms step_avg:271.78ms
step:548/1450 train_time:149107ms step_avg:272.09ms
step:549/1450 train_time:149554ms step_avg:272.41ms
step:550/1450 train_time:149999ms step_avg:272.73ms
step:551/1450 train_time:150444ms step_avg:273.04ms
step:552/1450 train_time:150890ms step_avg:273.35ms
step:553/1450 train_time:151337ms step_avg:273.66ms
step:554/1450 train_time:151784ms step_avg:273.98ms
step:555/1450 train_time:152227ms step_avg:274.28ms
step:556/1450 train_time:152673ms step_avg:274.59ms
step:557/1450 train_time:153121ms step_avg:274.90ms
step:558/1450 train_time:153566ms step_avg:275.21ms
step:559/1450 train_time:154010ms step_avg:275.51ms
step:560/1450 train_time:154458ms step_avg:275.82ms
step:561/1450 train_time:154902ms step_avg:276.12ms
step:562/1450 train_time:155348ms step_avg:276.42ms
step:563/1450 train_time:155794ms step_avg:276.72ms
step:564/1450 train_time:156242ms step_avg:277.02ms
step:565/1450 train_time:156686ms step_avg:277.32ms
step:566/1450 train_time:157133ms step_avg:277.62ms
step:567/1450 train_time:157578ms step_avg:277.91ms
step:568/1450 train_time:158024ms step_avg:278.21ms
step:569/1450 train_time:158467ms step_avg:278.50ms
step:570/1450 train_time:158913ms step_avg:278.79ms
step:571/1450 train_time:159360ms step_avg:279.09ms
step:572/1450 train_time:159806ms step_avg:279.38ms
step:573/1450 train_time:160254ms step_avg:279.68ms
step:574/1450 train_time:160701ms step_avg:279.97ms
step:575/1450 train_time:161146ms step_avg:280.25ms
step:576/1450 train_time:161594ms step_avg:280.54ms
step:577/1450 train_time:162042ms step_avg:280.84ms
step:578/1450 train_time:162486ms step_avg:281.12ms
step:579/1450 train_time:162931ms step_avg:281.40ms
step:580/1450 train_time:163378ms step_avg:281.69ms
step:581/1450 train_time:163825ms step_avg:281.97ms
step:582/1450 train_time:164271ms step_avg:282.25ms
step:583/1450 train_time:164719ms step_avg:282.54ms
step:584/1450 train_time:165164ms step_avg:282.81ms
step:585/1450 train_time:165610ms step_avg:283.09ms
step:586/1450 train_time:166057ms step_avg:283.37ms
step:587/1450 train_time:166504ms step_avg:283.65ms
step:588/1450 train_time:166951ms step_avg:283.93ms
step:589/1450 train_time:167397ms step_avg:284.20ms
step:590/1450 train_time:167844ms step_avg:284.48ms
step:591/1450 train_time:168290ms step_avg:284.75ms
step:592/1450 train_time:168737ms step_avg:285.03ms
step:593/1450 train_time:169181ms step_avg:285.30ms
step:594/1450 train_time:169626ms step_avg:285.57ms
step:595/1450 train_time:170072ms step_avg:285.84ms
step:596/1450 train_time:170518ms step_avg:286.10ms
step:597/1450 train_time:170965ms step_avg:286.37ms
step:598/1450 train_time:171411ms step_avg:286.64ms
step:599/1450 train_time:171857ms step_avg:286.91ms
step:600/1450 train_time:172302ms step_avg:287.17ms
step:600/1450 val_loss:3.9561 train_time:172370ms step_avg:287.28ms
step:601/1450 train_time:172751ms step_avg:287.44ms
step:602/1450 train_time:173197ms step_avg:287.70ms
step:603/1450 train_time:173644ms step_avg:287.97ms
step:604/1450 train_time:174091ms step_avg:288.23ms
step:605/1450 train_time:174539ms step_avg:288.49ms
step:606/1450 train_time:174984ms step_avg:288.75ms
step:607/1450 train_time:175431ms step_avg:289.01ms
step:608/1450 train_time:175877ms step_avg:289.27ms
step:609/1450 train_time:176323ms step_avg:289.53ms
step:610/1450 train_time:176769ms step_avg:289.79ms
step:611/1450 train_time:177214ms step_avg:290.04ms
step:612/1450 train_time:177663ms step_avg:290.30ms
step:613/1450 train_time:178106ms step_avg:290.55ms
step:614/1450 train_time:178553ms step_avg:290.80ms
step:615/1450 train_time:178999ms step_avg:291.06ms
step:616/1450 train_time:179445ms step_avg:291.31ms
step:617/1450 train_time:179891ms step_avg:291.56ms
step:618/1450 train_time:180337ms step_avg:291.81ms
step:619/1450 train_time:180784ms step_avg:292.06ms
step:620/1450 train_time:181233ms step_avg:292.31ms
step:621/1450 train_time:181679ms step_avg:292.56ms
step:622/1450 train_time:182124ms step_avg:292.80ms
step:623/1450 train_time:182569ms step_avg:293.05ms
step:624/1450 train_time:183016ms step_avg:293.29ms
step:625/1450 train_time:183461ms step_avg:293.54ms
step:626/1450 train_time:183907ms step_avg:293.78ms
step:627/1450 train_time:184353ms step_avg:294.02ms
step:628/1450 train_time:184803ms step_avg:294.27ms
step:629/1450 train_time:185244ms step_avg:294.51ms
step:630/1450 train_time:185692ms step_avg:294.75ms
step:631/1450 train_time:186138ms step_avg:294.99ms
step:632/1450 train_time:186584ms step_avg:295.23ms
step:633/1450 train_time:187029ms step_avg:295.46ms
step:634/1450 train_time:187475ms step_avg:295.70ms
step:635/1450 train_time:187921ms step_avg:295.94ms
step:636/1450 train_time:188366ms step_avg:296.17ms
step:637/1450 train_time:188813ms step_avg:296.41ms
step:638/1450 train_time:189259ms step_avg:296.64ms
step:639/1450 train_time:189705ms step_avg:296.88ms
step:640/1450 train_time:190152ms step_avg:297.11ms
step:641/1450 train_time:190596ms step_avg:297.34ms
step:642/1450 train_time:191045ms step_avg:297.58ms
step:643/1450 train_time:191490ms step_avg:297.81ms
step:644/1450 train_time:191938ms step_avg:298.04ms
step:645/1450 train_time:192381ms step_avg:298.27ms
step:646/1450 train_time:192827ms step_avg:298.49ms
step:647/1450 train_time:193273ms step_avg:298.72ms
step:648/1450 train_time:193722ms step_avg:298.95ms
step:649/1450 train_time:194168ms step_avg:299.18ms
step:650/1450 train_time:194615ms step_avg:299.41ms
step:651/1450 train_time:195060ms step_avg:299.63ms
step:652/1450 train_time:195504ms step_avg:299.85ms
step:653/1450 train_time:195950ms step_avg:300.08ms
step:654/1450 train_time:196396ms step_avg:300.30ms
step:655/1450 train_time:196843ms step_avg:300.52ms
step:656/1450 train_time:197289ms step_avg:300.75ms
step:657/1450 train_time:197736ms step_avg:300.97ms
step:658/1450 train_time:198181ms step_avg:301.19ms
step:659/1450 train_time:198625ms step_avg:301.40ms
step:660/1450 train_time:199075ms step_avg:301.63ms
step:661/1450 train_time:199520ms step_avg:301.85ms
step:662/1450 train_time:199965ms step_avg:302.06ms
step:663/1450 train_time:200413ms step_avg:302.28ms
step:664/1450 train_time:200860ms step_avg:302.50ms
step:665/1450 train_time:201306ms step_avg:302.72ms
step:666/1450 train_time:201751ms step_avg:302.93ms
step:667/1450 train_time:202199ms step_avg:303.15ms
step:668/1450 train_time:202645ms step_avg:303.36ms
step:669/1450 train_time:203092ms step_avg:303.58ms
step:670/1450 train_time:203539ms step_avg:303.79ms
step:671/1450 train_time:203985ms step_avg:304.00ms
step:672/1450 train_time:204431ms step_avg:304.21ms
step:673/1450 train_time:204878ms step_avg:304.42ms
step:674/1450 train_time:205324ms step_avg:304.64ms
step:675/1450 train_time:205770ms step_avg:304.84ms
step:676/1450 train_time:206218ms step_avg:305.06ms
step:677/1450 train_time:206662ms step_avg:305.26ms
step:678/1450 train_time:207108ms step_avg:305.47ms
step:679/1450 train_time:207554ms step_avg:305.68ms
step:680/1450 train_time:208000ms step_avg:305.88ms
step:681/1450 train_time:208445ms step_avg:306.09ms
step:682/1450 train_time:208891ms step_avg:306.29ms
step:683/1450 train_time:209335ms step_avg:306.49ms
step:684/1450 train_time:209783ms step_avg:306.70ms
step:685/1450 train_time:210228ms step_avg:306.90ms
step:686/1450 train_time:210675ms step_avg:307.11ms
step:687/1450 train_time:211120ms step_avg:307.31ms
step:688/1450 train_time:211566ms step_avg:307.51ms
step:689/1450 train_time:212011ms step_avg:307.71ms
step:690/1450 train_time:212458ms step_avg:307.91ms
step:691/1450 train_time:212903ms step_avg:308.11ms
step:692/1450 train_time:213349ms step_avg:308.31ms
step:693/1450 train_time:213796ms step_avg:308.51ms
step:694/1450 train_time:214241ms step_avg:308.70ms
step:695/1450 train_time:214686ms step_avg:308.90ms
step:696/1450 train_time:215131ms step_avg:309.10ms
step:697/1450 train_time:215577ms step_avg:309.29ms
step:698/1450 train_time:216025ms step_avg:309.49ms
step:699/1450 train_time:216469ms step_avg:309.68ms
step:700/1450 train_time:216914ms step_avg:309.88ms
step:700/1450 val_loss:3.8112 train_time:216982ms step_avg:309.97ms
step:701/1450 train_time:217360ms step_avg:310.07ms
step:702/1450 train_time:217807ms step_avg:310.27ms
step:703/1450 train_time:218253ms step_avg:310.46ms
step:704/1450 train_time:218701ms step_avg:310.65ms
step:705/1450 train_time:219143ms step_avg:310.84ms
step:706/1450 train_time:219591ms step_avg:311.04ms
step:707/1450 train_time:220037ms step_avg:311.23ms
step:708/1450 train_time:220483ms step_avg:311.42ms
step:709/1450 train_time:220928ms step_avg:311.61ms
step:710/1450 train_time:221377ms step_avg:311.80ms
step:711/1450 train_time:221821ms step_avg:311.98ms
step:712/1450 train_time:222267ms step_avg:312.17ms
step:713/1450 train_time:222714ms step_avg:312.36ms
step:714/1450 train_time:223160ms step_avg:312.55ms
step:715/1450 train_time:223605ms step_avg:312.73ms
step:716/1450 train_time:224053ms step_avg:312.92ms
step:717/1450 train_time:224498ms step_avg:313.11ms
step:718/1450 train_time:224942ms step_avg:313.29ms
step:719/1450 train_time:225388ms step_avg:313.47ms
step:720/1450 train_time:225836ms step_avg:313.66ms
step:721/1450 train_time:226280ms step_avg:313.84ms
step:722/1450 train_time:226725ms step_avg:314.02ms
step:723/1450 train_time:227172ms step_avg:314.21ms
step:724/1450 train_time:227619ms step_avg:314.39ms
step:725/1450 train_time:228063ms step_avg:314.57ms
step:726/1450 train_time:228509ms step_avg:314.75ms
step:727/1450 train_time:228956ms step_avg:314.93ms
step:728/1450 train_time:229402ms step_avg:315.11ms
step:729/1450 train_time:229848ms step_avg:315.29ms
step:730/1450 train_time:230294ms step_avg:315.47ms
step:731/1450 train_time:230739ms step_avg:315.65ms
step:732/1450 train_time:231184ms step_avg:315.83ms
step:733/1450 train_time:231629ms step_avg:316.00ms
step:734/1450 train_time:232077ms step_avg:316.18ms
step:735/1450 train_time:232523ms step_avg:316.36ms
step:736/1450 train_time:232970ms step_avg:316.54ms
step:737/1450 train_time:233416ms step_avg:316.71ms
step:738/1450 train_time:233862ms step_avg:316.89ms
step:739/1450 train_time:234307ms step_avg:317.06ms
step:740/1450 train_time:234753ms step_avg:317.23ms
step:741/1450 train_time:235200ms step_avg:317.41ms
step:742/1450 train_time:235647ms step_avg:317.58ms
step:743/1450 train_time:236094ms step_avg:317.76ms
step:744/1450 train_time:236539ms step_avg:317.93ms
step:745/1450 train_time:236984ms step_avg:318.10ms
step:746/1450 train_time:237430ms step_avg:318.27ms
step:747/1450 train_time:237877ms step_avg:318.44ms
step:748/1450 train_time:238324ms step_avg:318.61ms
step:749/1450 train_time:238769ms step_avg:318.78ms
step:750/1450 train_time:239217ms step_avg:318.96ms
step:751/1450 train_time:239664ms step_avg:319.13ms
step:752/1450 train_time:240109ms step_avg:319.29ms
step:753/1450 train_time:240556ms step_avg:319.46ms
step:754/1450 train_time:241001ms step_avg:319.63ms
step:755/1450 train_time:241447ms step_avg:319.80ms
step:756/1450 train_time:241893ms step_avg:319.96ms
step:757/1450 train_time:242339ms step_avg:320.13ms
step:758/1450 train_time:242785ms step_avg:320.30ms
step:759/1450 train_time:243231ms step_avg:320.46ms
step:760/1450 train_time:243677ms step_avg:320.63ms
step:761/1450 train_time:244123ms step_avg:320.79ms
step:762/1450 train_time:244570ms step_avg:320.96ms
step:763/1450 train_time:245015ms step_avg:321.12ms
step:764/1450 train_time:245460ms step_avg:321.28ms
step:765/1450 train_time:245905ms step_avg:321.44ms
step:766/1450 train_time:246351ms step_avg:321.61ms
step:767/1450 train_time:246798ms step_avg:321.77ms
step:768/1450 train_time:247246ms step_avg:321.93ms
step:769/1450 train_time:247691ms step_avg:322.10ms
step:770/1450 train_time:248139ms step_avg:322.26ms
step:771/1450 train_time:248584ms step_avg:322.42ms
step:772/1450 train_time:249030ms step_avg:322.58ms
step:773/1450 train_time:249475ms step_avg:322.74ms
step:774/1450 train_time:249922ms step_avg:322.90ms
step:775/1450 train_time:250366ms step_avg:323.05ms
step:776/1450 train_time:250812ms step_avg:323.21ms
step:777/1450 train_time:251259ms step_avg:323.37ms
step:778/1450 train_time:251704ms step_avg:323.53ms
step:779/1450 train_time:252150ms step_avg:323.68ms
step:780/1450 train_time:252600ms step_avg:323.85ms
step:781/1450 train_time:253044ms step_avg:324.00ms
step:782/1450 train_time:253490ms step_avg:324.16ms
step:783/1450 train_time:253935ms step_avg:324.31ms
step:784/1450 train_time:254381ms step_avg:324.47ms
step:785/1450 train_time:254825ms step_avg:324.62ms
step:786/1450 train_time:255270ms step_avg:324.77ms
step:787/1450 train_time:255715ms step_avg:324.92ms
step:788/1450 train_time:256161ms step_avg:325.08ms
step:789/1450 train_time:256606ms step_avg:325.23ms
step:790/1450 train_time:257052ms step_avg:325.38ms
step:791/1450 train_time:257499ms step_avg:325.54ms
step:792/1450 train_time:257943ms step_avg:325.69ms
step:793/1450 train_time:258389ms step_avg:325.84ms
step:794/1450 train_time:258836ms step_avg:325.99ms
step:795/1450 train_time:259280ms step_avg:326.14ms
step:796/1450 train_time:259725ms step_avg:326.29ms
step:797/1450 train_time:260170ms step_avg:326.44ms
step:798/1450 train_time:260617ms step_avg:326.59ms
step:799/1450 train_time:261063ms step_avg:326.74ms
step:800/1450 train_time:261509ms step_avg:326.89ms
step:800/1450 val_loss:3.6795 train_time:261578ms step_avg:326.97ms
step:801/1450 train_time:261955ms step_avg:327.03ms
step:802/1450 train_time:262402ms step_avg:327.18ms
step:803/1450 train_time:262846ms step_avg:327.33ms
step:804/1450 train_time:263294ms step_avg:327.48ms
step:805/1450 train_time:263738ms step_avg:327.63ms
step:806/1450 train_time:264185ms step_avg:327.77ms
step:807/1450 train_time:264632ms step_avg:327.92ms
step:808/1450 train_time:265077ms step_avg:328.07ms
step:809/1450 train_time:265522ms step_avg:328.21ms
step:810/1450 train_time:265967ms step_avg:328.35ms
step:811/1450 train_time:266415ms step_avg:328.50ms
step:812/1450 train_time:266861ms step_avg:328.65ms
step:813/1450 train_time:267307ms step_avg:328.79ms
step:814/1450 train_time:267757ms step_avg:328.94ms
step:815/1450 train_time:268201ms step_avg:329.08ms
step:816/1450 train_time:268649ms step_avg:329.23ms
step:817/1450 train_time:269096ms step_avg:329.37ms
step:818/1450 train_time:269542ms step_avg:329.51ms
step:819/1450 train_time:269988ms step_avg:329.66ms
step:820/1450 train_time:270436ms step_avg:329.80ms
step:821/1450 train_time:270880ms step_avg:329.94ms
step:822/1450 train_time:271327ms step_avg:330.08ms
step:823/1450 train_time:271774ms step_avg:330.22ms
step:824/1450 train_time:272220ms step_avg:330.36ms
step:825/1450 train_time:272666ms step_avg:330.50ms
step:826/1450 train_time:273111ms step_avg:330.64ms
step:827/1450 train_time:273556ms step_avg:330.78ms
step:828/1450 train_time:274003ms step_avg:330.92ms
step:829/1450 train_time:274449ms step_avg:331.06ms
step:830/1450 train_time:274897ms step_avg:331.20ms
step:831/1450 train_time:275341ms step_avg:331.34ms
step:832/1450 train_time:275787ms step_avg:331.48ms
step:833/1450 train_time:276234ms step_avg:331.61ms
step:834/1450 train_time:276679ms step_avg:331.75ms
step:835/1450 train_time:277124ms step_avg:331.89ms
step:836/1450 train_time:277572ms step_avg:332.02ms
step:837/1450 train_time:278016ms step_avg:332.16ms
step:838/1450 train_time:278462ms step_avg:332.29ms
step:839/1450 train_time:278907ms step_avg:332.43ms
step:840/1450 train_time:279354ms step_avg:332.56ms
step:841/1450 train_time:279800ms step_avg:332.70ms
step:842/1450 train_time:280245ms step_avg:332.83ms
step:843/1450 train_time:280690ms step_avg:332.97ms
step:844/1450 train_time:281139ms step_avg:333.10ms
step:845/1450 train_time:281585ms step_avg:333.24ms
step:846/1450 train_time:282033ms step_avg:333.37ms
step:847/1450 train_time:282477ms step_avg:333.50ms
step:848/1450 train_time:282921ms step_avg:333.63ms
step:849/1450 train_time:283368ms step_avg:333.77ms
step:850/1450 train_time:283813ms step_avg:333.90ms
step:851/1450 train_time:284260ms step_avg:334.03ms
step:852/1450 train_time:284707ms step_avg:334.16ms
step:853/1450 train_time:285154ms step_avg:334.30ms
step:854/1450 train_time:285604ms step_avg:334.43ms
step:855/1450 train_time:286045ms step_avg:334.56ms
step:856/1450 train_time:286492ms step_avg:334.69ms
step:857/1450 train_time:286937ms step_avg:334.82ms
step:858/1450 train_time:287381ms step_avg:334.94ms
step:859/1450 train_time:287827ms step_avg:335.07ms
step:860/1450 train_time:288274ms step_avg:335.20ms
step:861/1450 train_time:288718ms step_avg:335.33ms
step:862/1450 train_time:289165ms step_avg:335.46ms
step:863/1450 train_time:289611ms step_avg:335.59ms
step:864/1450 train_time:290057ms step_avg:335.71ms
step:865/1450 train_time:290502ms step_avg:335.84ms
step:866/1450 train_time:290948ms step_avg:335.97ms
step:867/1450 train_time:291396ms step_avg:336.10ms
step:868/1450 train_time:291842ms step_avg:336.22ms
step:869/1450 train_time:292286ms step_avg:336.35ms
step:870/1450 train_time:292734ms step_avg:336.48ms
step:871/1450 train_time:293178ms step_avg:336.60ms
step:872/1450 train_time:293625ms step_avg:336.73ms
step:873/1450 train_time:294073ms step_avg:336.85ms
step:874/1450 train_time:294519ms step_avg:336.98ms
step:875/1450 train_time:294964ms step_avg:337.10ms
step:876/1450 train_time:295412ms step_avg:337.23ms
step:877/1450 train_time:295858ms step_avg:337.35ms
step:878/1450 train_time:296305ms step_avg:337.48ms
step:879/1450 train_time:296752ms step_avg:337.60ms
step:880/1450 train_time:297201ms step_avg:337.73ms
step:881/1450 train_time:297648ms step_avg:337.85ms
step:882/1450 train_time:298094ms step_avg:337.98ms
step:883/1450 train_time:298539ms step_avg:338.10ms
step:884/1450 train_time:298986ms step_avg:338.22ms
step:885/1450 train_time:299432ms step_avg:338.34ms
step:886/1450 train_time:299878ms step_avg:338.46ms
step:887/1450 train_time:300323ms step_avg:338.58ms
step:888/1450 train_time:300770ms step_avg:338.71ms
step:889/1450 train_time:301216ms step_avg:338.83ms
step:890/1450 train_time:301662ms step_avg:338.95ms
step:891/1450 train_time:302109ms step_avg:339.07ms
step:892/1450 train_time:302555ms step_avg:339.19ms
step:893/1450 train_time:302999ms step_avg:339.30ms
step:894/1450 train_time:303446ms step_avg:339.42ms
step:895/1450 train_time:303891ms step_avg:339.54ms
step:896/1450 train_time:304339ms step_avg:339.66ms
step:897/1450 train_time:304785ms step_avg:339.78ms
step:898/1450 train_time:305233ms step_avg:339.90ms
step:899/1450 train_time:305678ms step_avg:340.02ms
step:900/1450 train_time:306125ms step_avg:340.14ms
step:900/1450 val_loss:3.5589 train_time:306194ms step_avg:340.22ms
step:901/1450 train_time:306570ms step_avg:340.25ms
step:902/1450 train_time:307017ms step_avg:340.37ms
step:903/1450 train_time:307464ms step_avg:340.49ms
step:904/1450 train_time:307909ms step_avg:340.61ms
step:905/1450 train_time:308356ms step_avg:340.72ms
step:906/1450 train_time:308803ms step_avg:340.84ms
step:907/1450 train_time:309250ms step_avg:340.96ms
step:908/1450 train_time:309697ms step_avg:341.08ms
step:909/1450 train_time:310142ms step_avg:341.19ms
step:910/1450 train_time:310591ms step_avg:341.31ms
step:911/1450 train_time:311036ms step_avg:341.42ms
step:912/1450 train_time:311482ms step_avg:341.54ms
step:913/1450 train_time:311927ms step_avg:341.65ms
step:914/1450 train_time:312372ms step_avg:341.76ms
step:915/1450 train_time:312818ms step_avg:341.88ms
step:916/1450 train_time:313265ms step_avg:341.99ms
step:917/1450 train_time:313710ms step_avg:342.11ms
step:918/1450 train_time:314343ms step_avg:342.42ms
step:919/1450 train_time:314999ms step_avg:342.76ms
step:920/1450 train_time:315659ms step_avg:343.11ms
step:921/1450 train_time:316318ms step_avg:343.45ms
step:922/1450 train_time:316978ms step_avg:343.79ms
step:923/1450 train_time:317638ms step_avg:344.14ms
step:924/1450 train_time:318297ms step_avg:344.48ms
step:925/1450 train_time:318953ms step_avg:344.81ms
step:926/1450 train_time:319613ms step_avg:345.15ms
step:927/1450 train_time:320271ms step_avg:345.49ms
step:928/1450 train_time:320925ms step_avg:345.82ms
step:929/1450 train_time:321583ms step_avg:346.16ms
step:930/1450 train_time:322240ms step_avg:346.49ms
step:931/1450 train_time:322895ms step_avg:346.83ms
step:932/1450 train_time:323557ms step_avg:347.16ms
step:933/1450 train_time:324216ms step_avg:347.50ms
step:934/1450 train_time:324876ms step_avg:347.83ms
step:935/1450 train_time:325534ms step_avg:348.16ms
step:936/1450 train_time:326196ms step_avg:348.50ms
step:937/1450 train_time:326854ms step_avg:348.83ms
step:938/1450 train_time:327510ms step_avg:349.16ms
step:939/1450 train_time:328171ms step_avg:349.49ms
step:940/1450 train_time:328826ms step_avg:349.81ms
step:941/1450 train_time:329485ms step_avg:350.14ms
step:942/1450 train_time:330144ms step_avg:350.47ms
step:943/1450 train_time:330800ms step_avg:350.80ms
step:944/1450 train_time:331456ms step_avg:351.12ms
step:945/1450 train_time:332117ms step_avg:351.45ms
step:946/1450 train_time:332774ms step_avg:351.77ms
step:947/1450 train_time:333433ms step_avg:352.09ms
step:948/1450 train_time:334091ms step_avg:352.42ms
step:949/1450 train_time:334750ms step_avg:352.74ms
step:950/1450 train_time:335405ms step_avg:353.06ms
step:951/1450 train_time:336062ms step_avg:353.38ms
step:952/1450 train_time:336720ms step_avg:353.70ms
step:953/1450 train_time:337378ms step_avg:354.02ms
step:954/1450 train_time:338037ms step_avg:354.34ms
step:955/1450 train_time:338696ms step_avg:354.66ms
step:956/1450 train_time:339353ms step_avg:354.97ms
step:957/1450 train_time:340014ms step_avg:355.29ms
step:958/1450 train_time:340671ms step_avg:355.61ms
step:959/1450 train_time:341329ms step_avg:355.92ms
step:960/1450 train_time:341985ms step_avg:356.23ms
step:961/1450 train_time:342641ms step_avg:356.55ms
step:962/1450 train_time:343299ms step_avg:356.86ms
step:963/1450 train_time:343956ms step_avg:357.17ms
step:964/1450 train_time:344612ms step_avg:357.48ms
step:965/1450 train_time:345272ms step_avg:357.80ms
step:966/1450 train_time:345929ms step_avg:358.10ms
step:967/1450 train_time:346585ms step_avg:358.41ms
step:968/1450 train_time:347242ms step_avg:358.72ms
step:969/1450 train_time:347898ms step_avg:359.03ms
step:970/1450 train_time:348558ms step_avg:359.34ms
step:971/1450 train_time:349217ms step_avg:359.65ms
step:972/1450 train_time:349875ms step_avg:359.95ms
step:973/1450 train_time:350537ms step_avg:360.26ms
step:974/1450 train_time:351193ms step_avg:360.57ms
step:975/1450 train_time:351854ms step_avg:360.88ms
step:976/1450 train_time:352511ms step_avg:361.18ms
step:977/1450 train_time:353169ms step_avg:361.48ms
step:978/1450 train_time:353823ms step_avg:361.78ms
step:979/1450 train_time:354481ms step_avg:362.08ms
step:980/1450 train_time:355139ms step_avg:362.39ms
step:981/1450 train_time:355799ms step_avg:362.69ms
step:982/1450 train_time:356459ms step_avg:362.99ms
step:983/1450 train_time:357116ms step_avg:363.29ms
step:984/1450 train_time:357774ms step_avg:363.59ms
step:985/1450 train_time:358433ms step_avg:363.89ms
step:986/1450 train_time:359093ms step_avg:364.19ms
step:987/1450 train_time:359753ms step_avg:364.49ms
step:988/1450 train_time:360411ms step_avg:364.79ms
step:989/1450 train_time:361068ms step_avg:365.08ms
step:990/1450 train_time:361721ms step_avg:365.38ms
step:991/1450 train_time:362378ms step_avg:365.67ms
step:992/1450 train_time:363033ms step_avg:365.96ms
step:993/1450 train_time:363691ms step_avg:366.25ms
step:994/1450 train_time:364349ms step_avg:366.55ms
step:995/1450 train_time:365009ms step_avg:366.84ms
step:996/1450 train_time:365668ms step_avg:367.14ms
step:997/1450 train_time:366327ms step_avg:367.43ms
step:998/1450 train_time:366983ms step_avg:367.72ms
step:999/1450 train_time:367641ms step_avg:368.01ms
step:1000/1450 train_time:368299ms step_avg:368.30ms
step:1000/1450 val_loss:3.4742 train_time:368395ms step_avg:368.40ms
step:1001/1450 train_time:368960ms step_avg:368.59ms
step:1002/1450 train_time:369617ms step_avg:368.88ms
step:1003/1450 train_time:370272ms step_avg:369.16ms
step:1004/1450 train_time:370931ms step_avg:369.45ms
step:1005/1450 train_time:371586ms step_avg:369.74ms
step:1006/1450 train_time:372247ms step_avg:370.03ms
step:1007/1450 train_time:372905ms step_avg:370.31ms
step:1008/1450 train_time:373564ms step_avg:370.60ms
step:1009/1450 train_time:374223ms step_avg:370.88ms
step:1010/1450 train_time:374880ms step_avg:371.17ms
step:1011/1450 train_time:375538ms step_avg:371.45ms
step:1012/1450 train_time:376192ms step_avg:371.73ms
step:1013/1450 train_time:376849ms step_avg:372.01ms
step:1014/1450 train_time:377504ms step_avg:372.29ms
step:1015/1450 train_time:378162ms step_avg:372.57ms
step:1016/1450 train_time:378821ms step_avg:372.86ms
step:1017/1450 train_time:379480ms step_avg:373.14ms
step:1018/1450 train_time:380141ms step_avg:373.42ms
step:1019/1450 train_time:380800ms step_avg:373.70ms
step:1020/1450 train_time:381460ms step_avg:373.98ms
step:1021/1450 train_time:382119ms step_avg:374.26ms
step:1022/1450 train_time:382775ms step_avg:374.54ms
step:1023/1450 train_time:383430ms step_avg:374.81ms
step:1024/1450 train_time:384087ms step_avg:375.09ms
step:1025/1450 train_time:384744ms step_avg:375.36ms
step:1026/1450 train_time:385401ms step_avg:375.63ms
step:1027/1450 train_time:386060ms step_avg:375.91ms
step:1028/1450 train_time:386718ms step_avg:376.19ms
step:1029/1450 train_time:387377ms step_avg:376.46ms
step:1030/1450 train_time:388032ms step_avg:376.73ms
step:1031/1450 train_time:388691ms step_avg:377.00ms
step:1032/1450 train_time:389348ms step_avg:377.28ms
step:1033/1450 train_time:390005ms step_avg:377.55ms
step:1034/1450 train_time:390663ms step_avg:377.82ms
step:1035/1450 train_time:391321ms step_avg:378.09ms
step:1036/1450 train_time:391978ms step_avg:378.36ms
step:1037/1450 train_time:392637ms step_avg:378.63ms
step:1038/1450 train_time:393295ms step_avg:378.90ms
step:1039/1450 train_time:393949ms step_avg:379.16ms
step:1040/1450 train_time:394607ms step_avg:379.43ms
step:1041/1450 train_time:395263ms step_avg:379.70ms
step:1042/1450 train_time:395922ms step_avg:379.96ms
step:1043/1450 train_time:396581ms step_avg:380.23ms
step:1044/1450 train_time:397238ms step_avg:380.50ms
step:1045/1450 train_time:397893ms step_avg:380.76ms
step:1046/1450 train_time:398550ms step_avg:381.02ms
step:1047/1450 train_time:399207ms step_avg:381.29ms
step:1048/1450 train_time:399867ms step_avg:381.55ms
step:1049/1450 train_time:400525ms step_avg:381.82ms
step:1050/1450 train_time:401181ms step_avg:382.08ms
step:1051/1450 train_time:401841ms step_avg:382.34ms
step:1052/1450 train_time:402498ms step_avg:382.60ms
step:1053/1450 train_time:403157ms step_avg:382.86ms
step:1054/1450 train_time:403813ms step_avg:383.12ms
step:1055/1450 train_time:404469ms step_avg:383.38ms
step:1056/1450 train_time:405126ms step_avg:383.64ms
step:1057/1450 train_time:405785ms step_avg:383.90ms
step:1058/1450 train_time:406443ms step_avg:384.16ms
step:1059/1450 train_time:407101ms step_avg:384.42ms
step:1060/1450 train_time:407760ms step_avg:384.68ms
step:1061/1450 train_time:408420ms step_avg:384.94ms
step:1062/1450 train_time:409080ms step_avg:385.20ms
step:1063/1450 train_time:409740ms step_avg:385.46ms
step:1064/1450 train_time:410397ms step_avg:385.71ms
step:1065/1450 train_time:411052ms step_avg:385.96ms
step:1066/1450 train_time:411709ms step_avg:386.22ms
step:1067/1450 train_time:412367ms step_avg:386.47ms
step:1068/1450 train_time:413025ms step_avg:386.73ms
step:1069/1450 train_time:413684ms step_avg:386.98ms
step:1070/1450 train_time:414342ms step_avg:387.24ms
step:1071/1450 train_time:415001ms step_avg:387.49ms
step:1072/1450 train_time:415660ms step_avg:387.74ms
step:1073/1450 train_time:416317ms step_avg:387.99ms
step:1074/1450 train_time:416973ms step_avg:388.24ms
step:1075/1450 train_time:417631ms step_avg:388.49ms
step:1076/1450 train_time:418291ms step_avg:388.75ms
step:1077/1450 train_time:418949ms step_avg:389.00ms
step:1078/1450 train_time:419609ms step_avg:389.25ms
step:1079/1450 train_time:420266ms step_avg:389.50ms
step:1080/1450 train_time:420925ms step_avg:389.75ms
step:1081/1450 train_time:421584ms step_avg:389.99ms
step:1082/1450 train_time:422242ms step_avg:390.24ms
step:1083/1450 train_time:422901ms step_avg:390.49ms
step:1084/1450 train_time:423560ms step_avg:390.74ms
step:1085/1450 train_time:424220ms step_avg:390.99ms
step:1086/1450 train_time:424878ms step_avg:391.23ms
step:1087/1450 train_time:425534ms step_avg:391.48ms
step:1088/1450 train_time:426189ms step_avg:391.72ms
step:1089/1450 train_time:426846ms step_avg:391.96ms
step:1090/1450 train_time:427503ms step_avg:392.20ms
step:1091/1450 train_time:428164ms step_avg:392.45ms
step:1092/1450 train_time:428823ms step_avg:392.69ms
step:1093/1450 train_time:429482ms step_avg:392.94ms
step:1094/1450 train_time:430142ms step_avg:393.18ms
step:1095/1450 train_time:430802ms step_avg:393.43ms
step:1096/1450 train_time:431461ms step_avg:393.67ms
step:1097/1450 train_time:432120ms step_avg:393.91ms
step:1098/1450 train_time:432777ms step_avg:394.15ms
step:1099/1450 train_time:433434ms step_avg:394.39ms
step:1100/1450 train_time:434091ms step_avg:394.63ms
step:1100/1450 val_loss:3.4175 train_time:434186ms step_avg:394.71ms
step:1101/1450 train_time:434751ms step_avg:394.87ms
step:1102/1450 train_time:435409ms step_avg:395.11ms
step:1103/1450 train_time:436069ms step_avg:395.35ms
step:1104/1450 train_time:436728ms step_avg:395.59ms
step:1105/1450 train_time:437389ms step_avg:395.83ms
step:1106/1450 train_time:438046ms step_avg:396.06ms
step:1107/1450 train_time:438707ms step_avg:396.30ms
step:1108/1450 train_time:439367ms step_avg:396.54ms
step:1109/1450 train_time:440029ms step_avg:396.78ms
step:1110/1450 train_time:440687ms step_avg:397.02ms
step:1111/1450 train_time:441348ms step_avg:397.25ms
step:1112/1450 train_time:442009ms step_avg:397.49ms
step:1113/1450 train_time:442669ms step_avg:397.73ms
step:1114/1450 train_time:443329ms step_avg:397.96ms
step:1115/1450 train_time:443990ms step_avg:398.20ms
step:1116/1450 train_time:444647ms step_avg:398.43ms
step:1117/1450 train_time:445307ms step_avg:398.66ms
step:1118/1450 train_time:445967ms step_avg:398.90ms
step:1119/1450 train_time:446626ms step_avg:399.13ms
step:1120/1450 train_time:447287ms step_avg:399.36ms
step:1121/1450 train_time:447946ms step_avg:399.60ms
step:1122/1450 train_time:448604ms step_avg:399.83ms
step:1123/1450 train_time:449263ms step_avg:400.06ms
step:1124/1450 train_time:449923ms step_avg:400.29ms
step:1125/1450 train_time:450582ms step_avg:400.52ms
step:1126/1450 train_time:451241ms step_avg:400.75ms
step:1127/1450 train_time:451900ms step_avg:400.98ms
step:1128/1450 train_time:452557ms step_avg:401.20ms
step:1129/1450 train_time:453213ms step_avg:401.43ms
step:1130/1450 train_time:453873ms step_avg:401.66ms
step:1131/1450 train_time:454533ms step_avg:401.89ms
step:1132/1450 train_time:455192ms step_avg:402.11ms
step:1133/1450 train_time:455851ms step_avg:402.34ms
step:1134/1450 train_time:456511ms step_avg:402.57ms
step:1135/1450 train_time:457170ms step_avg:402.79ms
step:1136/1450 train_time:457825ms step_avg:403.02ms
step:1137/1450 train_time:458488ms step_avg:403.24ms
step:1138/1450 train_time:459145ms step_avg:403.47ms
step:1139/1450 train_time:459803ms step_avg:403.69ms
step:1140/1450 train_time:460463ms step_avg:403.91ms
step:1141/1450 train_time:461120ms step_avg:404.14ms
step:1142/1450 train_time:461776ms step_avg:404.36ms
step:1143/1450 train_time:462434ms step_avg:404.58ms
step:1144/1450 train_time:463093ms step_avg:404.80ms
step:1145/1450 train_time:463750ms step_avg:405.02ms
step:1146/1450 train_time:464408ms step_avg:405.24ms
step:1147/1450 train_time:465068ms step_avg:405.47ms
step:1148/1450 train_time:465728ms step_avg:405.69ms
step:1149/1450 train_time:466387ms step_avg:405.91ms
step:1150/1450 train_time:467048ms step_avg:406.13ms
step:1151/1450 train_time:467707ms step_avg:406.35ms
step:1152/1450 train_time:468368ms step_avg:406.57ms
step:1153/1450 train_time:469028ms step_avg:406.79ms
step:1154/1450 train_time:469687ms step_avg:407.01ms
step:1155/1450 train_time:470348ms step_avg:407.23ms
step:1156/1450 train_time:471008ms step_avg:407.45ms
step:1157/1450 train_time:471669ms step_avg:407.67ms
step:1158/1450 train_time:472329ms step_avg:407.88ms
step:1159/1450 train_time:472990ms step_avg:408.10ms
step:1160/1450 train_time:473648ms step_avg:408.32ms
step:1161/1450 train_time:474308ms step_avg:408.53ms
step:1162/1450 train_time:474969ms step_avg:408.75ms
step:1163/1450 train_time:475628ms step_avg:408.97ms
step:1164/1450 train_time:476287ms step_avg:409.18ms
step:1165/1450 train_time:476948ms step_avg:409.40ms
step:1166/1450 train_time:477608ms step_avg:409.61ms
step:1167/1450 train_time:478268ms step_avg:409.83ms
step:1168/1450 train_time:478930ms step_avg:410.04ms
step:1169/1450 train_time:479591ms step_avg:410.26ms
step:1170/1450 train_time:480249ms step_avg:410.47ms
step:1171/1450 train_time:480908ms step_avg:410.68ms
step:1172/1450 train_time:481567ms step_avg:410.89ms
step:1173/1450 train_time:482226ms step_avg:411.10ms
step:1174/1450 train_time:482886ms step_avg:411.32ms
step:1175/1450 train_time:483546ms step_avg:411.53ms
step:1176/1450 train_time:484206ms step_avg:411.74ms
step:1177/1450 train_time:484866ms step_avg:411.95ms
step:1178/1450 train_time:485526ms step_avg:412.16ms
step:1179/1450 train_time:486187ms step_avg:412.37ms
step:1180/1450 train_time:486845ms step_avg:412.58ms
step:1181/1450 train_time:487503ms step_avg:412.79ms
step:1182/1450 train_time:488164ms step_avg:413.00ms
step:1183/1450 train_time:488820ms step_avg:413.20ms
step:1184/1450 train_time:489480ms step_avg:413.41ms
step:1185/1450 train_time:490139ms step_avg:413.62ms
step:1186/1450 train_time:490800ms step_avg:413.83ms
step:1187/1450 train_time:491457ms step_avg:414.03ms
step:1188/1450 train_time:492113ms step_avg:414.24ms
step:1189/1450 train_time:492772ms step_avg:414.44ms
step:1190/1450 train_time:493495ms step_avg:414.70ms
step:1191/1450 train_time:494143ms step_avg:414.90ms
step:1192/1450 train_time:494811ms step_avg:415.11ms
step:1193/1450 train_time:495472ms step_avg:415.32ms
step:1194/1450 train_time:496125ms step_avg:415.51ms
step:1195/1450 train_time:496789ms step_avg:415.72ms
step:1196/1450 train_time:497449ms step_avg:415.93ms
step:1197/1450 train_time:498104ms step_avg:416.13ms
step:1198/1450 train_time:498765ms step_avg:416.33ms
step:1199/1450 train_time:499423ms step_avg:416.53ms
step:1200/1450 train_time:500084ms step_avg:416.74ms
step:1200/1450 val_loss:3.3676 train_time:500181ms step_avg:416.82ms
step:1201/1450 train_time:500747ms step_avg:416.94ms
step:1202/1450 train_time:501406ms step_avg:417.14ms
step:1203/1450 train_time:502067ms step_avg:417.35ms
step:1204/1450 train_time:502725ms step_avg:417.55ms
step:1205/1450 train_time:503385ms step_avg:417.75ms
step:1206/1450 train_time:504042ms step_avg:417.95ms
step:1207/1450 train_time:504699ms step_avg:418.14ms
step:1208/1450 train_time:505358ms step_avg:418.34ms
step:1209/1450 train_time:506016ms step_avg:418.54ms
step:1210/1450 train_time:506674ms step_avg:418.74ms
step:1211/1450 train_time:507333ms step_avg:418.94ms
step:1212/1450 train_time:507991ms step_avg:419.13ms
step:1213/1450 train_time:508651ms step_avg:419.33ms
step:1214/1450 train_time:509311ms step_avg:419.53ms
step:1215/1450 train_time:509971ms step_avg:419.73ms
step:1216/1450 train_time:510632ms step_avg:419.93ms
step:1217/1450 train_time:511290ms step_avg:420.12ms
step:1218/1450 train_time:511949ms step_avg:420.32ms
step:1219/1450 train_time:512608ms step_avg:420.52ms
step:1220/1450 train_time:513266ms step_avg:420.71ms
step:1221/1450 train_time:513926ms step_avg:420.91ms
step:1222/1450 train_time:514586ms step_avg:421.10ms
step:1223/1450 train_time:515245ms step_avg:421.30ms
step:1224/1450 train_time:515904ms step_avg:421.49ms
step:1225/1450 train_time:516562ms step_avg:421.68ms
step:1226/1450 train_time:517217ms step_avg:421.87ms
step:1227/1450 train_time:517876ms step_avg:422.07ms
step:1228/1450 train_time:518534ms step_avg:422.26ms
step:1229/1450 train_time:519193ms step_avg:422.45ms
step:1230/1450 train_time:519853ms step_avg:422.65ms
step:1231/1450 train_time:520511ms step_avg:422.84ms
step:1232/1450 train_time:521169ms step_avg:423.03ms
step:1233/1450 train_time:521832ms step_avg:423.22ms
step:1234/1450 train_time:522491ms step_avg:423.41ms
step:1235/1450 train_time:523151ms step_avg:423.60ms
step:1236/1450 train_time:523812ms step_avg:423.80ms
step:1237/1450 train_time:524472ms step_avg:423.99ms
step:1238/1450 train_time:525132ms step_avg:424.18ms
step:1239/1450 train_time:525790ms step_avg:424.37ms
step:1240/1450 train_time:526450ms step_avg:424.56ms
step:1241/1450 train_time:527111ms step_avg:424.75ms
step:1242/1450 train_time:527772ms step_avg:424.94ms
step:1243/1450 train_time:528429ms step_avg:425.12ms
step:1244/1450 train_time:529091ms step_avg:425.31ms
step:1245/1450 train_time:529749ms step_avg:425.50ms
step:1246/1450 train_time:530407ms step_avg:425.69ms
step:1247/1450 train_time:531067ms step_avg:425.88ms
step:1248/1450 train_time:531725ms step_avg:426.06ms
step:1249/1450 train_time:532384ms step_avg:426.25ms
step:1250/1450 train_time:533041ms step_avg:426.43ms
step:1251/1450 train_time:533699ms step_avg:426.62ms
step:1252/1450 train_time:534359ms step_avg:426.80ms
step:1253/1450 train_time:535016ms step_avg:426.99ms
step:1254/1450 train_time:535674ms step_avg:427.17ms
step:1255/1450 train_time:536333ms step_avg:427.36ms
step:1256/1450 train_time:536990ms step_avg:427.54ms
step:1257/1450 train_time:537652ms step_avg:427.73ms
step:1258/1450 train_time:538311ms step_avg:427.91ms
step:1259/1450 train_time:538968ms step_avg:428.09ms
step:1260/1450 train_time:539630ms step_avg:428.28ms
step:1261/1450 train_time:540289ms step_avg:428.46ms
step:1262/1450 train_time:540949ms step_avg:428.64ms
step:1263/1450 train_time:541608ms step_avg:428.83ms
step:1264/1450 train_time:542268ms step_avg:429.01ms
step:1265/1450 train_time:542930ms step_avg:429.19ms
step:1266/1450 train_time:543589ms step_avg:429.38ms
step:1267/1450 train_time:544250ms step_avg:429.56ms
step:1268/1450 train_time:544911ms step_avg:429.74ms
step:1269/1450 train_time:545570ms step_avg:429.92ms
step:1270/1450 train_time:546230ms step_avg:430.10ms
step:1271/1450 train_time:546892ms step_avg:430.28ms
step:1272/1450 train_time:547550ms step_avg:430.46ms
step:1273/1450 train_time:548211ms step_avg:430.64ms
step:1274/1450 train_time:548869ms step_avg:430.82ms
step:1275/1450 train_time:549529ms step_avg:431.00ms
step:1276/1450 train_time:550187ms step_avg:431.18ms
step:1277/1450 train_time:550848ms step_avg:431.36ms
step:1278/1450 train_time:551507ms step_avg:431.54ms
step:1279/1450 train_time:552167ms step_avg:431.72ms
step:1280/1450 train_time:552829ms step_avg:431.90ms
step:1281/1450 train_time:553489ms step_avg:432.08ms
step:1282/1450 train_time:554150ms step_avg:432.25ms
step:1283/1450 train_time:554809ms step_avg:432.43ms
step:1284/1450 train_time:555471ms step_avg:432.61ms
step:1285/1450 train_time:556129ms step_avg:432.79ms
step:1286/1450 train_time:556788ms step_avg:432.96ms
step:1287/1450 train_time:557450ms step_avg:433.14ms
step:1288/1450 train_time:558108ms step_avg:433.31ms
step:1289/1450 train_time:558768ms step_avg:433.49ms
step:1290/1450 train_time:559430ms step_avg:433.67ms
step:1291/1450 train_time:560088ms step_avg:433.84ms
step:1292/1450 train_time:560747ms step_avg:434.01ms
step:1293/1450 train_time:561405ms step_avg:434.19ms
step:1294/1450 train_time:562066ms step_avg:434.36ms
step:1295/1450 train_time:562727ms step_avg:434.54ms
step:1296/1450 train_time:563388ms step_avg:434.71ms
step:1297/1450 train_time:564049ms step_avg:434.89ms
step:1298/1450 train_time:564709ms step_avg:435.06ms
step:1299/1450 train_time:565367ms step_avg:435.23ms
step:1300/1450 train_time:566025ms step_avg:435.40ms
step:1300/1450 val_loss:3.3242 train_time:566120ms step_avg:435.48ms
step:1301/1450 train_time:566684ms step_avg:435.58ms
step:1302/1450 train_time:567344ms step_avg:435.75ms
step:1303/1450 train_time:568004ms step_avg:435.92ms
step:1304/1450 train_time:568663ms step_avg:436.09ms
step:1305/1450 train_time:569323ms step_avg:436.26ms
step:1306/1450 train_time:569982ms step_avg:436.43ms
step:1307/1450 train_time:570644ms step_avg:436.61ms
step:1308/1450 train_time:571303ms step_avg:436.78ms
step:1309/1450 train_time:571964ms step_avg:436.95ms
step:1310/1450 train_time:572622ms step_avg:437.12ms
step:1311/1450 train_time:573285ms step_avg:437.29ms
step:1312/1450 train_time:573942ms step_avg:437.46ms
step:1313/1450 train_time:574604ms step_avg:437.63ms
step:1314/1450 train_time:575263ms step_avg:437.79ms
step:1315/1450 train_time:575923ms step_avg:437.96ms
step:1316/1450 train_time:576583ms step_avg:438.13ms
step:1317/1450 train_time:577241ms step_avg:438.30ms
step:1318/1450 train_time:577900ms step_avg:438.47ms
step:1319/1450 train_time:578560ms step_avg:438.64ms
step:1320/1450 train_time:579221ms step_avg:438.80ms
step:1321/1450 train_time:579883ms step_avg:438.97ms
step:1322/1450 train_time:580542ms step_avg:439.14ms
step:1323/1450 train_time:581205ms step_avg:439.31ms
step:1324/1450 train_time:581863ms step_avg:439.47ms
step:1325/1450 train_time:582524ms step_avg:439.64ms
step:1326/1450 train_time:583184ms step_avg:439.81ms
step:1327/1450 train_time:583843ms step_avg:439.97ms
step:1328/1450 train_time:584503ms step_avg:440.14ms
step:1329/1450 train_time:585163ms step_avg:440.30ms
step:1330/1450 train_time:585822ms step_avg:440.47ms
step:1331/1450 train_time:586484ms step_avg:440.63ms
step:1332/1450 train_time:587143ms step_avg:440.80ms
step:1333/1450 train_time:587805ms step_avg:440.96ms
step:1334/1450 train_time:588463ms step_avg:441.13ms
step:1335/1450 train_time:589124ms step_avg:441.29ms
step:1336/1450 train_time:589781ms step_avg:441.45ms
step:1337/1450 train_time:590444ms step_avg:441.62ms
step:1338/1450 train_time:591104ms step_avg:441.78ms
step:1339/1450 train_time:591762ms step_avg:441.94ms
step:1340/1450 train_time:592424ms step_avg:442.11ms
step:1341/1450 train_time:593085ms step_avg:442.27ms
step:1342/1450 train_time:593744ms step_avg:442.43ms
step:1343/1450 train_time:594404ms step_avg:442.59ms
step:1344/1450 train_time:595060ms step_avg:442.75ms
step:1345/1450 train_time:595724ms step_avg:442.92ms
step:1346/1450 train_time:596381ms step_avg:443.08ms
step:1347/1450 train_time:597043ms step_avg:443.24ms
step:1348/1450 train_time:597701ms step_avg:443.40ms
step:1349/1450 train_time:598363ms step_avg:443.56ms
step:1350/1450 train_time:599025ms step_avg:443.72ms
step:1351/1450 train_time:599683ms step_avg:443.88ms
step:1352/1450 train_time:600343ms step_avg:444.04ms
step:1353/1450 train_time:601004ms step_avg:444.20ms
step:1354/1450 train_time:601662ms step_avg:444.36ms
step:1355/1450 train_time:602321ms step_avg:444.52ms
step:1356/1450 train_time:602982ms step_avg:444.68ms
step:1357/1450 train_time:603643ms step_avg:444.84ms
step:1358/1450 train_time:604301ms step_avg:444.99ms
step:1359/1450 train_time:604962ms step_avg:445.15ms
step:1360/1450 train_time:605622ms step_avg:445.31ms
step:1361/1450 train_time:606283ms step_avg:445.47ms
step:1362/1450 train_time:606941ms step_avg:445.63ms
step:1363/1450 train_time:607601ms step_avg:445.78ms
step:1364/1450 train_time:608264ms step_avg:445.94ms
step:1365/1450 train_time:608924ms step_avg:446.10ms
step:1366/1450 train_time:609584ms step_avg:446.25ms
step:1367/1450 train_time:610246ms step_avg:446.41ms
step:1368/1450 train_time:610903ms step_avg:446.57ms
step:1369/1450 train_time:611564ms step_avg:446.72ms
step:1370/1450 train_time:612221ms step_avg:446.88ms
step:1371/1450 train_time:612882ms step_avg:447.03ms
step:1372/1450 train_time:613543ms step_avg:447.19ms
step:1373/1450 train_time:614202ms step_avg:447.34ms
step:1374/1450 train_time:614861ms step_avg:447.50ms
step:1375/1450 train_time:615521ms step_avg:447.65ms
step:1376/1450 train_time:616187ms step_avg:447.81ms
step:1377/1450 train_time:616849ms step_avg:447.97ms
step:1378/1450 train_time:617511ms step_avg:448.12ms
step:1379/1450 train_time:618171ms step_avg:448.27ms
step:1380/1450 train_time:618833ms step_avg:448.43ms
step:1381/1450 train_time:619495ms step_avg:448.58ms
step:1382/1450 train_time:620153ms step_avg:448.74ms
step:1383/1450 train_time:620816ms step_avg:448.89ms
step:1384/1450 train_time:621479ms step_avg:449.05ms
step:1385/1450 train_time:622139ms step_avg:449.20ms
step:1385/1450 val_loss:3.2939 train_time:622235ms step_avg:449.27ms
step:1386/1450 train_time:622803ms step_avg:449.35ms
step:1386/1450 val_loss:3.2935 train_time:622900ms step_avg:449.42ms
step:1387/1450 train_time:623466ms step_avg:449.51ms
step:1387/1450 val_loss:3.2934 train_time:623559ms step_avg:449.57ms
step:1388/1450 train_time:624126ms step_avg:449.66ms
step:1388/1450 val_loss:3.2930 train_time:624222ms step_avg:449.73ms
step:1389/1450 train_time:624788ms step_avg:449.81ms
step:1389/1450 val_loss:3.2929 train_time:624881ms step_avg:449.88ms
step:1390/1450 train_time:625449ms step_avg:449.96ms
step:1390/1450 val_loss:3.2925 train_time:625546ms step_avg:450.03ms
step:1391/1450 train_time:626113ms step_avg:450.12ms
step:1391/1450 val_loss:3.2924 train_time:626206ms step_avg:450.18ms
step:1392/1450 train_time:626773ms step_avg:450.27ms
step:1392/1450 val_loss:3.2922 train_time:626870ms step_avg:450.34ms
step:1393/1450 train_time:627436ms step_avg:450.42ms
step:1393/1450 val_loss:3.2921 train_time:627531ms step_avg:450.49ms
step:1394/1450 train_time:628100ms step_avg:450.57ms
step:1394/1450 val_loss:3.2918 train_time:628197ms step_avg:450.64ms
step:1395/1450 train_time:628764ms step_avg:450.73ms
step:1395/1450 val_loss:3.2916 train_time:628858ms step_avg:450.79ms
step:1396/1450 train_time:629426ms step_avg:450.88ms
step:1396/1450 val_loss:3.2912 train_time:629523ms step_avg:450.95ms
step:1397/1450 train_time:630091ms step_avg:451.03ms
step:1397/1450 val_loss:3.2911 train_time:630187ms step_avg:451.10ms
step:1398/1450 train_time:630756ms step_avg:451.18ms
step:1398/1450 val_loss:3.2908 train_time:630854ms step_avg:451.25ms
step:1399/1450 train_time:631420ms step_avg:451.34ms
step:1399/1450 val_loss:3.2907 train_time:631515ms step_avg:451.40ms
step:1400/1450 train_time:632083ms step_avg:451.49ms
step:1400/1450 val_loss:3.2904 train_time:632180ms step_avg:451.56ms
step:1401/1450 train_time:632745ms step_avg:451.64ms
step:1401/1450 val_loss:3.2903 train_time:632839ms step_avg:451.71ms
step:1402/1450 train_time:633408ms step_avg:451.79ms
step:1402/1450 val_loss:3.2900 train_time:633505ms step_avg:451.86ms
step:1403/1450 train_time:634073ms step_avg:451.94ms
step:1403/1450 val_loss:3.2900 train_time:634168ms step_avg:452.01ms
step:1404/1450 train_time:634736ms step_avg:452.09ms
step:1404/1450 val_loss:3.2897 train_time:634833ms step_avg:452.16ms
step:1405/1450 train_time:635401ms step_avg:452.24ms
step:1405/1450 val_loss:3.2895 train_time:635494ms step_avg:452.31ms
step:1406/1450 train_time:636059ms step_avg:452.39ms
step:1406/1450 val_loss:3.2891 train_time:636157ms step_avg:452.46ms
step:1407/1450 train_time:636721ms step_avg:452.54ms
step:1407/1450 val_loss:3.2891 train_time:636816ms step_avg:452.61ms
step:1408/1450 train_time:637385ms step_avg:452.69ms
step:1408/1450 val_loss:3.2887 train_time:637481ms step_avg:452.76ms
step:1409/1450 train_time:638045ms step_avg:452.84ms
step:1409/1450 val_loss:3.2886 train_time:638140ms step_avg:452.90ms
step:1410/1450 train_time:638709ms step_avg:452.98ms
step:1410/1450 val_loss:3.2882 train_time:638805ms step_avg:453.05ms
step:1411/1450 train_time:639372ms step_avg:453.13ms
step:1411/1450 val_loss:3.2880 train_time:639465ms step_avg:453.20ms
step:1412/1450 train_time:640031ms step_avg:453.28ms
step:1412/1450 val_loss:3.2877 train_time:640128ms step_avg:453.35ms
step:1413/1450 train_time:640695ms step_avg:453.43ms
step:1413/1450 val_loss:3.2876 train_time:640788ms step_avg:453.50ms
step:1414/1450 train_time:641359ms step_avg:453.58ms
step:1414/1450 val_loss:3.2873 train_time:641455ms step_avg:453.65ms
step:1415/1450 train_time:642021ms step_avg:453.73ms
step:1415/1450 val_loss:3.2871 train_time:642117ms step_avg:453.79ms
step:1416/1450 train_time:642684ms step_avg:453.87ms
step:1416/1450 val_loss:3.2868 train_time:642781ms step_avg:453.94ms
step:1417/1450 train_time:643346ms step_avg:454.02ms
step:1417/1450 val_loss:3.2866 train_time:643441ms step_avg:454.09ms
step:1418/1450 train_time:644009ms step_avg:454.17ms
step:1418/1450 val_loss:3.2863 train_time:644106ms step_avg:454.24ms
step:1419/1450 train_time:644672ms step_avg:454.31ms
step:1419/1450 val_loss:3.2861 train_time:644766ms step_avg:454.38ms
step:1420/1450 train_time:645334ms step_avg:454.46ms
step:1420/1450 val_loss:3.2859 train_time:645431ms step_avg:454.53ms
step:1421/1450 train_time:645997ms step_avg:454.61ms
step:1421/1450 val_loss:3.2858 train_time:646092ms step_avg:454.67ms
step:1422/1450 train_time:646661ms step_avg:454.75ms
step:1422/1450 val_loss:3.2855 train_time:646759ms step_avg:454.82ms
step:1423/1450 train_time:647321ms step_avg:454.90ms
step:1423/1450 val_loss:3.2855 train_time:647415ms step_avg:454.96ms
step:1424/1450 train_time:647983ms step_avg:455.04ms
step:1424/1450 val_loss:3.2852 train_time:648081ms step_avg:455.11ms
step:1425/1450 train_time:648649ms step_avg:455.19ms
step:1425/1450 val_loss:3.2851 train_time:648742ms step_avg:455.26ms
step:1426/1450 train_time:649312ms step_avg:455.34ms
step:1426/1450 val_loss:3.2848 train_time:649408ms step_avg:455.41ms
step:1427/1450 train_time:649975ms step_avg:455.48ms
step:1427/1450 val_loss:3.2846 train_time:650070ms step_avg:455.55ms
step:1428/1450 train_time:650636ms step_avg:455.63ms
step:1428/1450 val_loss:3.2843 train_time:650733ms step_avg:455.70ms
step:1429/1450 train_time:651300ms step_avg:455.77ms
step:1429/1450 val_loss:3.2841 train_time:651393ms step_avg:455.84ms
step:1430/1450 train_time:651960ms step_avg:455.92ms
step:1430/1450 val_loss:3.2838 train_time:652057ms step_avg:455.98ms
step:1431/1450 train_time:652623ms step_avg:456.06ms
step:1431/1450 val_loss:3.2837 train_time:652717ms step_avg:456.13ms
step:1432/1450 train_time:653284ms step_avg:456.20ms
step:1432/1450 val_loss:3.2835 train_time:653380ms step_avg:456.27ms
step:1433/1450 train_time:653945ms step_avg:456.35ms
step:1433/1450 val_loss:3.2833 train_time:654039ms step_avg:456.41ms
step:1434/1450 train_time:654610ms step_avg:456.49ms
step:1434/1450 val_loss:3.2832 train_time:654707ms step_avg:456.56ms
step:1435/1450 train_time:655272ms step_avg:456.64ms
step:1435/1450 val_loss:3.2832 train_time:655367ms step_avg:456.70ms
step:1436/1450 train_time:655937ms step_avg:456.78ms
step:1436/1450 val_loss:3.2830 train_time:656035ms step_avg:456.85ms
step:1437/1450 train_time:656602ms step_avg:456.93ms
step:1437/1450 val_loss:3.2829 train_time:656696ms step_avg:456.99ms
step:1438/1450 train_time:657263ms step_avg:457.07ms
step:1438/1450 val_loss:3.2826 train_time:657360ms step_avg:457.13ms
step:1439/1450 train_time:657925ms step_avg:457.21ms
step:1439/1450 val_loss:3.2825 train_time:658020ms step_avg:457.28ms
step:1440/1450 train_time:658588ms step_avg:457.35ms
step:1440/1450 val_loss:3.2823 train_time:658686ms step_avg:457.42ms
step:1441/1450 train_time:659253ms step_avg:457.50ms
step:1441/1450 val_loss:3.2821 train_time:659348ms step_avg:457.56ms
step:1442/1450 train_time:659916ms step_avg:457.64ms
step:1442/1450 val_loss:3.2818 train_time:660012ms step_avg:457.71ms
step:1443/1450 train_time:660580ms step_avg:457.78ms
step:1443/1450 val_loss:3.2816 train_time:660673ms step_avg:457.85ms
step:1444/1450 train_time:661245ms step_avg:457.93ms
step:1444/1450 val_loss:3.2815 train_time:661341ms step_avg:457.99ms
step:1445/1450 train_time:661908ms step_avg:458.07ms
step:1445/1450 val_loss:3.2813 train_time:662001ms step_avg:458.13ms
step:1446/1450 train_time:662572ms step_avg:458.21ms
step:1446/1450 val_loss:3.2812 train_time:662669ms step_avg:458.28ms
step:1447/1450 train_time:663232ms step_avg:458.35ms
step:1447/1450 val_loss:3.2811 train_time:663326ms step_avg:458.41ms
step:1448/1450 train_time:663892ms step_avg:458.49ms
step:1448/1450 val_loss:3.2808 train_time:663990ms step_avg:458.56ms
step:1449/1450 train_time:664556ms step_avg:458.63ms
step:1449/1450 val_loss:3.2807 train_time:664650ms step_avg:458.70ms
step:1450/1450 train_time:665217ms step_avg:458.77ms
step:1450/1450 val_loss:3.2789 train_time:665314ms step_avg:458.84ms
Stopping early at step 1450: val_loss 3.2789 < 3.28
[rank0]: Traceback (most recent call last):
[rank0]:   File "/opt/conda/envs/nanogpt210/lib/python3.12/site-packages/torch/serialization.py", line 977, in save
[rank0]:     _save(
[rank0]:   File "/opt/conda/envs/nanogpt210/lib/python3.12/site-packages/torch/serialization.py", line 1286, in _save
[rank0]:     zip_file.write_record(name, storage, num_bytes)
[rank0]: RuntimeError: basic_ios::clear: iostream error

[rank0]: During handling of the above exception, another exception occurred:

[rank0]: Traceback (most recent call last):
[rank0]:   File "/root/modded-nanogpt/train_gpt.py", line 3298, in <module>
[rank0]:     torch.save(optimizer_log, _rank_optimizer_checkpoint_path(checkpoint_path, rank))
[rank0]:   File "/opt/conda/envs/nanogpt210/lib/python3.12/site-packages/torch/serialization.py", line 976, in save
[rank0]:     with _open_zipfile_writer(f) as opened_zipfile:
[rank0]:          ^^^^^^^^^^^^^^^^^^^^^^^
[rank0]:   File "/opt/conda/envs/nanogpt210/lib/python3.12/site-packages/torch/serialization.py", line 808, in __exit__
[rank0]:     self.file_like.write_end_of_file()
[rank0]: RuntimeError: [enforce fail at inline_container.cc:668] . unexpected pos 2646132800 vs 2646132672
[rank0]:[W526 07:17:25.243533033 ProcessGroupNCCL.cpp:1553] Warning: WARNING: destroy_process_group() was not called before program exit, which can leak resources. For more info, please see https://pytorch.org/docs/stable/distributed.html#shutdown (function operator())
E0526 07:17:28.260000 7475 site-packages/torch/distributed/elastic/multiprocessing/api.py:984] failed (exitcode: 1) local_rank: 0 (pid: 7496) of binary: /opt/conda/envs/nanogpt210/bin/python
Traceback (most recent call last):
  File "/opt/conda/envs/nanogpt210/bin/torchrun", line 6, in <module>
    sys.exit(main())
             ^^^^^^
  File "/opt/conda/envs/nanogpt210/lib/python3.12/site-packages/torch/distributed/elastic/multiprocessing/errors/__init__.py", line 362, in wrapper
    return f(*args, **kwargs)
           ^^^^^^^^^^^^^^^^^^
  File "/opt/conda/envs/nanogpt210/lib/python3.12/site-packages/torch/distributed/run.py", line 991, in main
    run(args)
  File "/opt/conda/envs/nanogpt210/lib/python3.12/site-packages/torch/distributed/run.py", line 982, in run
    elastic_launch(
  File "/opt/conda/envs/nanogpt210/lib/python3.12/site-packages/torch/distributed/launcher/api.py", line 170, in __call__
    return launch_agent(self._config, self._entrypoint, list(args))
           ^^^^^^^^^^^^^^^^^^^^^^^^^^^^^^^^^^^^^^^^^^^^^^^^^^^^^^^^
  File "/opt/conda/envs/nanogpt210/lib/python3.12/site-packages/torch/distributed/launcher/api.py", line 317, in launch_agent
    raise ChildFailedError(
torch.distributed.elastic.multiprocessing.errors.ChildFailedError: 
============================================================
train_gpt.py FAILED
------------------------------------------------------------
Failures:
  <NO_OTHER_FAILURES>
------------------------------------------------------------
Root Cause (first observed failure):
[0]:
  time      : 2026-05-26_07:17:28
  host      : ebd16b1c5c004cf5
  rank      : 0 (local_rank: 0)
  exitcode  : 1 (pid: 7496)
  error_file: <N/A>
  traceback : To enable traceback see: https://pytorch.org/docs/stable/elastic/errors.html
============================================================
